Archive member included because of file (symbol)

C:\Users\Francesco\AppData\Local\arduino15\packages\arduino\hardware\sam\1.6.9\variants\arduino_due_x/libsam_sam3x8e_gcc_rel.a(pio.o)
                              C:\Users\Francesco\AppData\Local\Temp\VMBCore\arduino16x\5165b093ecfda1e84080b0d11f46da64\variant\variant.cpp.o (PIO_Configure)
C:\Users\Francesco\AppData\Local\arduino15\packages\arduino\hardware\sam\1.6.9\variants\arduino_due_x/libsam_sam3x8e_gcc_rel.a(pmc.o)
                              C:\Users\Francesco\AppData\Local\Temp\VMBCore\arduino16x\5165b093ecfda1e84080b0d11f46da64\variant\variant.cpp.o (pmc_enable_periph_clk)
C:\Users\Francesco\AppData\Local\arduino15\packages\arduino\hardware\sam\1.6.9\variants\arduino_due_x/libsam_sam3x8e_gcc_rel.a(system_sam3xa.o)
                              C:\Users\Francesco\AppData\Local\Temp\VMBCore\arduino16x\5165b093ecfda1e84080b0d11f46da64\variant\variant.cpp.o (SystemInit)
C:\Users\Francesco\AppData\Local\arduino15\packages\arduino\hardware\sam\1.6.9\variants\arduino_due_x/libsam_sam3x8e_gcc_rel.a(startup_sam3xa.o)
                              (Reset_Handler)
C:\Users\Francesco\AppData\Local\arduino15\packages\arduino\hardware\sam\1.6.9\variants\arduino_due_x/libsam_sam3x8e_gcc_rel.a(adc.o)
                              C:\Users\Francesco\AppData\Local\Temp\VMBCore\arduino16x\5165b093ecfda1e84080b0d11f46da64\variant\variant.cpp.o (adc_init)
C:\Users\Francesco\AppData\Local\arduino15\packages\arduino\hardware\sam\1.6.9\variants\arduino_due_x/libsam_sam3x8e_gcc_rel.a(uotghs.o)
                              C:\Users\Francesco\AppData\Local\arduino15\packages\arduino\hardware\sam\1.6.9\variants\arduino_due_x/libsam_sam3x8e_gcc_rel.a(startup_sam3xa.o) (UOTGHS_Handler)
C:\Users\Francesco\AppData\Local\Temp\VMBuilds\simpleDemo\arduino_due_x_dbg\Release/core.a(cortex_handlers.c.o)
                              C:\Users\Francesco\AppData\Local\arduino15\packages\arduino\hardware\sam\1.6.9\variants\arduino_due_x/libsam_sam3x8e_gcc_rel.a(startup_sam3xa.o) (NMI_Handler)
C:\Users\Francesco\AppData\Local\Temp\VMBuilds\simpleDemo\arduino_due_x_dbg\Release/core.a(hooks.c.o)
                              C:\Users\Francesco\AppData\Local\Temp\VMBuilds\simpleDemo\arduino_due_x_dbg\Release/core.a(cortex_handlers.c.o) (sysTickHook)
C:\Users\Francesco\AppData\Local\Temp\VMBuilds\simpleDemo\arduino_due_x_dbg\Release/core.a(syscalls_sam3.c.o)
                              (_sbrk)
C:\Users\Francesco\AppData\Local\Temp\VMBuilds\simpleDemo\arduino_due_x_dbg\Release/core.a(wiring.c.o)
                              C:\Users\Francesco\AppData\Local\Temp\VMBuilds\simpleDemo\arduino_due_x_dbg\Release\simpleDemo.cpp.o (delay)
C:\Users\Francesco\AppData\Local\Temp\VMBuilds\simpleDemo\arduino_due_x_dbg\Release/core.a(wiring_analog.c.o)
                              C:\Users\Francesco\AppData\Local\Temp\VMBuilds\simpleDemo\arduino_due_x_dbg\Release\simpleDemo.cpp.o (analogRead)
C:\Users\Francesco\AppData\Local\Temp\VMBuilds\simpleDemo\arduino_due_x_dbg\Release/core.a(wiring_digital.c.o)
                              C:\Users\Francesco\AppData\Local\Temp\VMBuilds\simpleDemo\arduino_due_x_dbg\Release\simpleDemo.cpp.o (pinMode)
C:\Users\Francesco\AppData\Local\Temp\VMBuilds\simpleDemo\arduino_due_x_dbg\Release/core.a(main.cpp.o)
                              c:/users/francesco/appdata/local/arduino15/packages/arduino/tools/arm-none-eabi-gcc/4.8.3-2014q1/bin/../lib/gcc/arm-none-eabi/4.8.3/../../../../arm-none-eabi/lib/armv7-m/crt0.o (main)
C:\Users\Francesco\AppData\Local\Temp\VMBuilds\simpleDemo\arduino_due_x_dbg\Release/core.a(Print.cpp.o)
                              C:\Users\Francesco\AppData\Local\Temp\VMBuilds\simpleDemo\arduino_due_x_dbg\Release\simpleDemo.cpp.o (Print::print(char const*))
C:\Users\Francesco\AppData\Local\Temp\VMBuilds\simpleDemo\arduino_due_x_dbg\Release/core.a(Reset.cpp.o)
                              C:\Users\Francesco\AppData\Local\Temp\VMBuilds\simpleDemo\arduino_due_x_dbg\Release/core.a(cortex_handlers.c.o) (tickReset)
C:\Users\Francesco\AppData\Local\Temp\VMBuilds\simpleDemo\arduino_due_x_dbg\Release/core.a(RingBuffer.cpp.o)
                              C:\Users\Francesco\AppData\Local\Temp\VMBCore\arduino16x\5165b093ecfda1e84080b0d11f46da64\variant\variant.cpp.o (RingBuffer::RingBuffer())
C:\Users\Francesco\AppData\Local\Temp\VMBuilds\simpleDemo\arduino_due_x_dbg\Release/core.a(UARTClass.cpp.o)
                              C:\Users\Francesco\AppData\Local\Temp\VMBCore\arduino16x\5165b093ecfda1e84080b0d11f46da64\variant\variant.cpp.o (UARTClass::available())
C:\Users\Francesco\AppData\Local\Temp\VMBuilds\simpleDemo\arduino_due_x_dbg\Release/core.a(USARTClass.cpp.o)
                              C:\Users\Francesco\AppData\Local\Temp\VMBCore\arduino16x\5165b093ecfda1e84080b0d11f46da64\variant\variant.cpp.o (USARTClass::USARTClass(Usart*, IRQn, unsigned long, RingBuffer*, RingBuffer*))
[...]
Memory Configuration

Name             Origin             Length             Attributes
rom              0x00080000         0x00080000         xr
sram0            0x20000000         0x00010000         xrw
sram1            0x20080000         0x00008000         xrw
ram              0x20070000         0x00018000         xrw
*default*        0x00000000         0xffffffff

Linker script and memory map

LOAD c:/users/francesco/appdata/local/arduino15/packages/arduino/tools/arm-none-eabi-gcc/4.8.3-2014q1/bin/../lib/gcc/arm-none-eabi/4.8.3/armv7-m/crti.o
LOAD c:/users/francesco/appdata/local/arduino15/packages/arduino/tools/arm-none-eabi-gcc/4.8.3-2014q1/bin/../lib/gcc/arm-none-eabi/4.8.3/armv7-m/crtbegin.o
LOAD c:/users/francesco/appdata/local/arduino15/packages/arduino/tools/arm-none-eabi-gcc/4.8.3-2014q1/bin/../lib/gcc/arm-none-eabi/4.8.3/../../../../arm-none-eabi/lib/armv7-m/crt0.o
START GROUP
LOAD C:\Users\Francesco\AppData\Local\Temp\VMBuilds\simpleDemo\arduino_due_x_dbg\Release\simpleDemo.cpp.o
LOAD C:\Users\Francesco\AppData\Local\Temp\VMBuilds\simpleDemo\arduino_due_x_dbg\Release\schmittTrigger\schmittTrigger.cpp.o
LOAD C:\Users\Francesco\AppData\Local\Temp\VMBCore\arduino16x\5165b093ecfda1e84080b0d11f46da64\variant\variant.cpp.o
LOAD C:\Users\Francesco\AppData\Local\arduino15\packages\arduino\hardware\sam\1.6.9\variants\arduino_due_x/libsam_sam3x8e_gcc_rel.a
LOAD C:\Users\Francesco\AppData\Local\Temp\VMBuilds\simpleDemo\arduino_due_x_dbg\Release/core.a
END GROUP
LOAD c:/users/francesco/appdata/local/arduino15/packages/arduino/tools/arm-none-eabi-gcc/4.8.3-2014q1/bin/../lib/gcc/arm-none-eabi/4.8.3/../../../../arm-none-eabi/lib/armv7-m\libm.a
START GROUP
LOAD c:/users/francesco/appdata/local/arduino15/packages/arduino/tools/arm-none-eabi-gcc/4.8.3-2014q1/bin/../lib/gcc/arm-none-eabi/4.8.3/armv7-m\libgcc.a
LOAD c:/users/francesco/appdata/local/arduino15/packages/arduino/tools/arm-none-eabi-gcc/4.8.3-2014q1/bin/../lib/gcc/arm-none-eabi/4.8.3/../../../../arm-none-eabi/lib/armv7-m\libg.a
LOAD c:/users/francesco/appdata/local/arduino15/packages/arduino/tools/arm-none-eabi-gcc/4.8.3-2014q1/bin/../lib/gcc/arm-none-eabi/4.8.3/../../../../arm-none-eabi/lib/armv7-m\libc.a
END GROUP
LOAD c:/users/francesco/appdata/local/arduino15/packages/arduino/tools/arm-none-eabi-gcc/4.8.3-2014q1/bin/../lib/gcc/arm-none-eabi/4.8.3/armv7-m/crtend.o
LOAD c:/users/francesco/appdata/local/arduino15/packages/arduino/tools/arm-none-eabi-gcc/4.8.3-2014q1/bin/../lib/gcc/arm-none-eabi/4.8.3/armv7-m/crtn.o

.text           0x00080000     0x6348
                0x00080000                . = ALIGN (0x4)
                0x00080000                _sfixed = .
 *(.vectors .vectors.*)
 .vectors       0x00080000       0xf4 C:\Users\Francesco\AppData\Local\arduino15\packages\arduino\hardware\sam\1.6.9\variants\arduino_due_x/libsam_sam3x8e_gcc_rel.a(startup_sam3xa.o)
                0x00080000                exception_table
 *(.text .text.* .gnu.linkonce.t.*)
 .text          0x000800f4       0x54 c:/users/francesco/appdata/local/arduino15/packages/arduino/tools/arm-none-eabi-gcc/4.8.3-2014q1/bin/../lib/gcc/arm-none-eabi/4.8.3/armv7-m/crtbegin.o
 .text.loop     0x00080148       0x7c C:\Users\Francesco\AppData\Local\Temp\VMBuilds\simpleDemo\arduino_due_x_dbg\Release\simpleDemo.cpp.o
                0x00080148                loop
 .text.startup._GLOBAL__sub_I_st
                0x000801c4       0x24 C:\Users\Francesco\AppData\Local\Temp\VMBuilds\simpleDemo\arduino_due_x_dbg\Release\simpleDemo.cpp.o
 .text.setup    0x000801e8       0x40 C:\Users\Francesco\AppData\Local\Temp\VMBuilds\simpleDemo\arduino_due_x_dbg\Release\simpleDemo.cpp.o
                0x000801e8                setup
 .text._ZN14schmittTriggerC2Ev
                0x00080228       0x14 C:\Users\Francesco\AppData\Local\Temp\VMBuilds\simpleDemo\arduino_due_x_dbg\Release\schmittTrigger\schmittTrigger.cpp.o
                0x00080228                schmittTrigger::schmittTrigger()
                0x00080228                schmittTrigger::schmittTrigger()
 .text._ZN14schmittTrigger7beginTHE13triggerType_tddi
                0x0008023c       0x1a C:\Users\Francesco\AppData\Local\Temp\VMBuilds\simpleDemo\arduino_due_x_dbg\Release\schmittTrigger\schmittTrigger.cpp.o
                0x0008023c                schmittTrigger::beginTH(triggerType_t, double, double, int)
 .text._ZN14schmittTrigger8evaluateEd
                0x00080256       0x72 C:\Users\Francesco\AppData\Local\Temp\VMBuilds\simpleDemo\arduino_due_x_dbg\Release\schmittTrigger\schmittTrigger.cpp.o
                0x00080256                schmittTrigger::evaluate(double)
 .text._ZN14schmittTriggerD2Ev
                0x000802c8        0x2 C:\Users\Francesco\AppData\Local\Temp\VMBuilds\simpleDemo\arduino_due_x_dbg\Release\schmittTrigger\schmittTrigger.cpp.o
                0x000802c8                schmittTrigger::~schmittTrigger()
                0x000802c8                schmittTrigger::~schmittTrigger()
 .text._Z11serialEventv
                0x000802ca        0x2 C:\Users\Francesco\AppData\Local\Temp\VMBCore\arduino16x\5165b093ecfda1e84080b0d11f46da64\variant\variant.cpp.o
                0x000802ca                serialEvent()
 .text.UART_Handler
                0x000802cc        0xc C:\Users\Francesco\AppData\Local\Temp\VMBCore\arduino16x\5165b093ecfda1e84080b0d11f46da64\variant\variant.cpp.o
                0x000802cc                UART_Handler
 .text._Z12serialEvent1v
                0x000802d8        0x2 C:\Users\Francesco\AppData\Local\Temp\VMBCore\arduino16x\5165b093ecfda1e84080b0d11f46da64\variant\variant.cpp.o
                0x000802d8                serialEvent1()
 .text._Z12serialEvent2v
                0x000802da        0x2 C:\Users\Francesco\AppData\Local\Temp\VMBCore\arduino16x\5165b093ecfda1e84080b0d11f46da64\variant\variant.cpp.o
                0x000802da                serialEvent2()
 .text._Z12serialEvent3v
                0x000802dc        0x2 C:\Users\Francesco\AppData\Local\Temp\VMBCore\arduino16x\5165b093ecfda1e84080b0d11f46da64\variant\variant.cpp.o
                0x000802dc                serialEvent3()
 *fill*         0x000802de        0x2 
 .text.USART0_Handler
                0x000802e0        0xc C:\Users\Francesco\AppData\Local\Temp\VMBCore\arduino16x\5165b093ecfda1e84080b0d11f46da64\variant\variant.cpp.o
                0x000802e0                USART0_Handler
 .text.USART1_Handler
                0x000802ec        0xc C:\Users\Francesco\AppData\Local\Temp\VMBCore\arduino16x\5165b093ecfda1e84080b0d11f46da64\variant\variant.cpp.o
                0x000802ec                USART1_Handler
 .text.USART3_Handler
                0x000802f8        0xc C:\Users\Francesco\AppData\Local\Temp\VMBCore\arduino16x\5165b093ecfda1e84080b0d11f46da64\variant\variant.cpp.o
                0x000802f8                USART3_Handler
 .text.init     0x00080304      0x128 C:\Users\Francesco\AppData\Local\Temp\VMBCore\arduino16x\5165b093ecfda1e84080b0d11f46da64\variant\variant.cpp.o
                0x00080304                init
 .text.startup._GLOBAL__sub_I_g_APinDescription
                0x0008042c       0xd4 C:\Users\Francesco\AppData\Local\Temp\VMBCore\arduino16x\5165b093ecfda1e84080b0d11f46da64\variant\variant.cpp.o
 .text._Z14serialEventRunv
                0x00080500       0x44 C:\Users\Francesco\AppData\Local\Temp\VMBCore\arduino16x\5165b093ecfda1e84080b0d11f46da64\variant\variant.cpp.o
                0x00080500                serialEventRun()
 .text.PIO_PullUp
                0x00080544        0xa C:\Users\Francesco\AppData\Local\arduino15\packages\arduino\hardware\sam\1.6.9\variants\arduino_due_x/libsam_sam3x8e_gcc_rel.a(pio.o)
                0x00080544                PIO_PullUp
 .text.PIO_SetPeripheral
                0x0008054e       0x26 C:\Users\Francesco\AppData\Local\arduino15\packages\arduino\hardware\sam\1.6.9\variants\arduino_due_x/libsam_sam3x8e_gcc_rel.a(pio.o)
                0x0008054e                PIO_SetPeripheral
 .text.PIO_SetInput
                0x00080574       0x26 C:\Users\Francesco\AppData\Local\arduino15\packages\arduino\hardware\sam\1.6.9\variants\arduino_due_x/libsam_sam3x8e_gcc_rel.a(pio.o)
                0x00080574                PIO_SetInput
 .text.PIO_SetOutput
                0x0008059a       0x24 C:\Users\Francesco\AppData\Local\arduino15\packages\arduino\hardware\sam\1.6.9\variants\arduino_due_x/libsam_sam3x8e_gcc_rel.a(pio.o)
                0x0008059a                PIO_SetOutput
 *fill*         0x000805be        0x2 
 .text.PIO_Configure
                0x000805c0       0x64 C:\Users\Francesco\AppData\Local\arduino15\packages\arduino\hardware\sam\1.6.9\variants\arduino_due_x/libsam_sam3x8e_gcc_rel.a(pio.o)
                0x000805c0                PIO_Configure
 .text.PIO_GetOutputDataStatus
                0x00080624       0x14 C:\Users\Francesco\AppData\Local\arduino15\packages\arduino\hardware\sam\1.6.9\variants\arduino_due_x/libsam_sam3x8e_gcc_rel.a(pio.o)
                0x00080624                PIO_GetOutputDataStatus
 .text.pmc_enable_upll_clock
                0x00080638       0x14 C:\Users\Francesco\AppData\Local\arduino15\packages\arduino\hardware\sam\1.6.9\variants\arduino_due_x/libsam_sam3x8e_gcc_rel.a(pmc.o)
                0x00080638                pmc_enable_upll_clock
 .text.pmc_enable_periph_clk
                0x0008064c       0x44 C:\Users\Francesco\AppData\Local\arduino15\packages\arduino\hardware\sam\1.6.9\variants\arduino_due_x/libsam_sam3x8e_gcc_rel.a(pmc.o)
                0x0008064c                pmc_enable_periph_clk
 .text.pmc_disable_periph_clk
                0x00080690       0x40 C:\Users\Francesco\AppData\Local\arduino15\packages\arduino\hardware\sam\1.6.9\variants\arduino_due_x/libsam_sam3x8e_gcc_rel.a(pmc.o)
                0x00080690                pmc_disable_periph_clk
 .text.pmc_switch_udpck_to_upllck
                0x000806d0       0x14 C:\Users\Francesco\AppData\Local\arduino15\packages\arduino\hardware\sam\1.6.9\variants\arduino_due_x/libsam_sam3x8e_gcc_rel.a(pmc.o)
                0x000806d0                pmc_switch_udpck_to_upllck
 .text.pmc_enable_udpck
                0x000806e4        0xc C:\Users\Francesco\AppData\Local\arduino15\packages\arduino\hardware\sam\1.6.9\variants\arduino_due_x/libsam_sam3x8e_gcc_rel.a(pmc.o)
                0x000806e4                pmc_enable_udpck
 .text.SystemInit
                0x000806f0       0x88 C:\Users\Francesco\AppData\Local\arduino15\packages\arduino\hardware\sam\1.6.9\variants\arduino_due_x/libsam_sam3x8e_gcc_rel.a(system_sam3xa.o)
                0x000806f0                SystemInit
 .text.Reset_Handler
                0x00080778       0x78 C:\Users\Francesco\AppData\Local\arduino15\packages\arduino\hardware\sam\1.6.9\variants\arduino_due_x/libsam_sam3x8e_gcc_rel.a(startup_sam3xa.o)
                0x00080778                Reset_Handler
 .text.adc_init
                0x000807f0       0x98 C:\Users\Francesco\AppData\Local\arduino15\packages\arduino\hardware\sam\1.6.9\variants\arduino_due_x/libsam_sam3x8e_gcc_rel.a(adc.o)
                0x000807f0                adc_init
 .text.adc_configure_trigger
                0x00080888        0xe C:\Users\Francesco\AppData\Local\arduino15\packages\arduino\hardware\sam\1.6.9\variants\arduino_due_x/libsam_sam3x8e_gcc_rel.a(adc.o)
                0x00080888                adc_configure_trigger
 .text.adc_configure_timing
                0x00080896       0x1a C:\Users\Francesco\AppData\Local\arduino15\packages\arduino\hardware\sam\1.6.9\variants\arduino_due_x/libsam_sam3x8e_gcc_rel.a(adc.o)
                0x00080896                adc_configure_timing
 .text.adc_start
                0x000808b0        0x6 C:\Users\Francesco\AppData\Local\arduino15\packages\arduino\hardware\sam\1.6.9\variants\arduino_due_x/libsam_sam3x8e_gcc_rel.a(adc.o)
                0x000808b0                adc_start
 .text.adc_enable_channel
                0x000808b6        0xa C:\Users\Francesco\AppData\Local\arduino15\packages\arduino\hardware\sam\1.6.9\variants\arduino_due_x/libsam_sam3x8e_gcc_rel.a(adc.o)
                0x000808b6                adc_enable_channel
 .text.adc_disable_channel
                0x000808c0        0xa C:\Users\Francesco\AppData\Local\arduino15\packages\arduino\hardware\sam\1.6.9\variants\arduino_due_x/libsam_sam3x8e_gcc_rel.a(adc.o)
                0x000808c0                adc_disable_channel
 .text.adc_disable_all_channel
                0x000808ca        0x8 C:\Users\Francesco\AppData\Local\arduino15\packages\arduino\hardware\sam\1.6.9\variants\arduino_due_x/libsam_sam3x8e_gcc_rel.a(adc.o)
                0x000808ca                adc_disable_all_channel
 .text.adc_get_channel_status
                0x000808d2        0xa C:\Users\Francesco\AppData\Local\arduino15\packages\arduino\hardware\sam\1.6.9\variants\arduino_due_x/libsam_sam3x8e_gcc_rel.a(adc.o)
                0x000808d2                adc_get_channel_status
 .text.adc_get_latest_value
                0x000808dc        0x4 C:\Users\Francesco\AppData\Local\arduino15\packages\arduino\hardware\sam\1.6.9\variants\arduino_due_x/libsam_sam3x8e_gcc_rel.a(adc.o)
                0x000808dc                adc_get_latest_value
 .text.adc_disable_interrupt
                0x000808e0        0x4 C:\Users\Francesco\AppData\Local\arduino15\packages\arduino\hardware\sam\1.6.9\variants\arduino_due_x/libsam_sam3x8e_gcc_rel.a(adc.o)
                0x000808e0                adc_disable_interrupt
 .text.adc_get_status
                0x000808e4        0x4 C:\Users\Francesco\AppData\Local\arduino15\packages\arduino\hardware\sam\1.6.9\variants\arduino_due_x/libsam_sam3x8e_gcc_rel.a(adc.o)
                0x000808e4                adc_get_status
 .text.UOTGHS_Handler
                0x000808e8       0x10 C:\Users\Francesco\AppData\Local\arduino15\packages\arduino\hardware\sam\1.6.9\variants\arduino_due_x/libsam_sam3x8e_gcc_rel.a(uotghs.o)
                0x000808e8                UOTGHS_Handler
 .text.__halt   0x000808f8        0x2 C:\Users\Francesco\AppData\Local\Temp\VMBuilds\simpleDemo\arduino_due_x_dbg\Release/core.a(cortex_handlers.c.o)
                0x000808f8                DACC_Handler
                0x000808f8                DebugMon_Handler
                0x000808f8                DMAC_Handler
                0x000808f8                TRNG_Handler
                0x000808f8                HardFault_Handler
                0x000808f8                TC2_Handler
                0x000808f8                TWI1_Handler
                0x000808f8                NMI_Handler
                0x000808f8                TC7_Handler
                0x000808f8                ADC_Handler
                0x000808f8                SMC_Handler
                0x000808f8                RTT_Handler
                0x000808f8                EFC1_Handler
                0x000808f8                PIOB_Handler
                0x000808f8                RTC_Handler
                0x000808f8                UsageFault_Handler
                0x000808f8                TC6_Handler
                0x000808f8                WDT_Handler
                0x000808f8                CAN0_Handler
                0x000808f8                TC4_Handler
                0x000808f8                TC1_Handler
                0x000808f8                HSMCI_Handler
                0x000808f8                TC3_Handler
                0x000808f8                TWI0_Handler
                0x000808f8                PIOA_Handler
                0x000808f8                SSC_Handler
                0x000808f8                EFC0_Handler
                0x000808f8                PMC_Handler
                0x000808f8                PWM_Handler
                0x000808f8                CAN1_Handler
                0x000808f8                MemManage_Handler
                0x000808f8                SUPC_Handler
                0x000808f8                TC8_Handler
                0x000808f8                USART2_Handler
                0x000808f8                PIOD_Handler
                0x000808f8                EMAC_Handler
                0x000808f8                PIOC_Handler
                0x000808f8                BusFault_Handler
                0x000808f8                RSTC_Handler
                0x000808f8                TC0_Handler
                0x000808f8                TC5_Handler
                0x000808f8                SPI0_Handler
 .text.SVC_Handler
                0x000808fa        0x4 C:\Users\Francesco\AppData\Local\Temp\VMBuilds\simpleDemo\arduino_due_x_dbg\Release/core.a(cortex_handlers.c.o)
                0x000808fa                SVC_Handler
 .text.PendSV_Handler
                0x000808fe        0x4 C:\Users\Francesco\AppData\Local\Temp\VMBuilds\simpleDemo\arduino_due_x_dbg\Release/core.a(cortex_handlers.c.o)
                0x000808fe                PendSV_Handler
 .text.SysTick_Handler
                0x00080902       0x16 C:\Users\Francesco\AppData\Local\Temp\VMBuilds\simpleDemo\arduino_due_x_dbg\Release/core.a(cortex_handlers.c.o)
                0x00080902                SysTick_Handler
 .text.__empty  0x00080918        0x2 C:\Users\Francesco\AppData\Local\Temp\VMBuilds\simpleDemo\arduino_due_x_dbg\Release/core.a(hooks.c.o)
                0x00080918                yield
 .text.__false  0x0008091a        0x4 C:\Users\Francesco\AppData\Local\Temp\VMBuilds\simpleDemo\arduino_due_x_dbg\Release/core.a(hooks.c.o)
                0x0008091a                sysTickHook
 .text.__halt   0x0008091e        0x2 C:\Users\Francesco\AppData\Local\Temp\VMBuilds\simpleDemo\arduino_due_x_dbg\Release/core.a(hooks.c.o)
                0x0008091e                svcHook
                0x0008091e                pendSVHook
 .text._sbrk    0x00080920       0x1c C:\Users\Francesco\AppData\Local\Temp\VMBuilds\simpleDemo\arduino_due_x_dbg\Release/core.a(syscalls_sam3.c.o)
                0x00080920                _sbrk
 .text.link     0x0008093c        0x6 C:\Users\Francesco\AppData\Local\Temp\VMBuilds\simpleDemo\arduino_due_x_dbg\Release/core.a(syscalls_sam3.c.o)
                0x0008093c                link
 .text._close   0x00080942        0x6 C:\Users\Francesco\AppData\Local\Temp\VMBuilds\simpleDemo\arduino_due_x_dbg\Release/core.a(syscalls_sam3.c.o)
                0x00080942                _close
 .text._fstat   0x00080948        0xa C:\Users\Francesco\AppData\Local\Temp\VMBuilds\simpleDemo\arduino_due_x_dbg\Release/core.a(syscalls_sam3.c.o)
                0x00080948                _fstat
 .text._isatty  0x00080952        0x4 C:\Users\Francesco\AppData\Local\Temp\VMBuilds\simpleDemo\arduino_due_x_dbg\Release/core.a(syscalls_sam3.c.o)
                0x00080952                _isatty
 .text._lseek   0x00080956        0x4 C:\Users\Francesco\AppData\Local\Temp\VMBuilds\simpleDemo\arduino_due_x_dbg\Release/core.a(syscalls_sam3.c.o)
                0x00080956                _lseek
 .text._read    0x0008095a        0x4 C:\Users\Francesco\AppData\Local\Temp\VMBuilds\simpleDemo\arduino_due_x_dbg\Release/core.a(syscalls_sam3.c.o)
                0x0008095a                _read
 *fill*         0x0008095e        0x2 
 .text._write   0x00080960       0x24 C:\Users\Francesco\AppData\Local\Temp\VMBuilds\simpleDemo\arduino_due_x_dbg\Release/core.a(syscalls_sam3.c.o)
                0x00080960                _write
 .text._exit    0x00080984       0x10 C:\Users\Francesco\AppData\Local\Temp\VMBuilds\simpleDemo\arduino_due_x_dbg\Release/core.a(syscalls_sam3.c.o)
                0x00080984                _exit
 .text._kill    0x00080994        0x2 C:\Users\Francesco\AppData\Local\Temp\VMBuilds\simpleDemo\arduino_due_x_dbg\Release/core.a(syscalls_sam3.c.o)
                0x00080994                _kill
 .text._getpid  0x00080996        0x6 C:\Users\Francesco\AppData\Local\Temp\VMBuilds\simpleDemo\arduino_due_x_dbg\Release/core.a(syscalls_sam3.c.o)
                0x00080996                _getpid
 .text.delay    0x0008099c       0x1c C:\Users\Francesco\AppData\Local\Temp\VMBuilds\simpleDemo\arduino_due_x_dbg\Release/core.a(wiring.c.o)
                0x0008099c                delay
 .text.mapResolution
                0x000809b8       0x12 C:\Users\Francesco\AppData\Local\Temp\VMBuilds\simpleDemo\arduino_due_x_dbg\Release/core.a(wiring_analog.c.o)
 *fill*         0x000809ca        0x2 
 .text.analogRead
                0x000809cc       0x9c C:\Users\Francesco\AppData\Local\Temp\VMBuilds\simpleDemo\arduino_due_x_dbg\Release/core.a(wiring_analog.c.o)
                0x000809cc                analogRead
 .text.analogOutputInit
                0x00080a68        0x2 C:\Users\Francesco\AppData\Local\Temp\VMBuilds\simpleDemo\arduino_due_x_dbg\Release/core.a(wiring_analog.c.o)
                0x00080a68                analogOutputInit
 *fill*         0x00080a6a        0x2 
 .text.pinMode  0x00080a6c      0x108 C:\Users\Francesco\AppData\Local\Temp\VMBuilds\simpleDemo\arduino_due_x_dbg\Release/core.a(wiring_digital.c.o)
                0x00080a6c                pinMode
 .text.digitalWrite
                0x00080b74       0x70 C:\Users\Francesco\AppData\Local\Temp\VMBuilds\simpleDemo\arduino_due_x_dbg\Release/core.a(wiring_digital.c.o)
                0x00080b74                digitalWrite
 .text.initVariant
                0x00080be4        0x2 C:\Users\Francesco\AppData\Local\Temp\VMBuilds\simpleDemo\arduino_due_x_dbg\Release/core.a(main.cpp.o)
                0x00080be4                initVariant
 *fill*         0x00080be6        0x2 
 .text.startup.main
                0x00080be8       0x38 C:\Users\Francesco\AppData\Local\Temp\VMBuilds\simpleDemo\arduino_due_x_dbg\Release/core.a(main.cpp.o)
                0x00080be8                main
 .text._ZN5Print5writeEPKhj
                0x00080c20       0x22 C:\Users\Francesco\AppData\Local\Temp\VMBuilds\simpleDemo\arduino_due_x_dbg\Release/core.a(Print.cpp.o)
                0x00080c20                Print::write(unsigned char const*, unsigned int)
 .text._ZN5Print5writeEPKc
                0x00080c42       0x1e C:\Users\Francesco\AppData\Local\Temp\VMBuilds\simpleDemo\arduino_due_x_dbg\Release/core.a(Print.cpp.o)
                0x00080c42                Print::write(char const*)
 .text._ZN5Print5printEPKc
                0x00080c60        0x8 C:\Users\Francesco\AppData\Local\Temp\VMBuilds\simpleDemo\arduino_due_x_dbg\Release/core.a(Print.cpp.o)
                0x00080c60                Print::print(char const*)
 .text._ZN5Print5printEc
                0x00080c68        0xa C:\Users\Francesco\AppData\Local\Temp\VMBuilds\simpleDemo\arduino_due_x_dbg\Release/core.a(Print.cpp.o)
                0x00080c68                Print::print(char)
 *fill*         0x00080c72        0x2 
 .text._ZN5Print7printlnEv
                0x00080c74       0x10 C:\Users\Francesco\AppData\Local\Temp\VMBuilds\simpleDemo\arduino_due_x_dbg\Release/core.a(Print.cpp.o)
                0x00080c74                Print::println()
 .text._ZN5Print11printNumberEmh
                0x00080c84       0x3e C:\Users\Francesco\AppData\Local\Temp\VMBuilds\simpleDemo\arduino_due_x_dbg\Release/core.a(Print.cpp.o)
                0x00080c84                Print::printNumber(unsigned long, unsigned char)
 .text._ZN5Print5printEli
                0x00080cc2       0x3c C:\Users\Francesco\AppData\Local\Temp\VMBuilds\simpleDemo\arduino_due_x_dbg\Release/core.a(Print.cpp.o)
                0x00080cc2                Print::print(long, int)
 .text._ZN5Print7printlnEii
                0x00080cfe       0x14 C:\Users\Francesco\AppData\Local\Temp\VMBuilds\simpleDemo\arduino_due_x_dbg\Release/core.a(Print.cpp.o)
                0x00080cfe                Print::println(int, int)
 *fill*         0x00080d12        0x2 
 .text._ZN5Print10printFloatEdh
                0x00080d14      0x14c C:\Users\Francesco\AppData\Local\Temp\VMBuilds\simpleDemo\arduino_due_x_dbg\Release/core.a(Print.cpp.o)
                0x00080d14                Print::printFloat(double, unsigned char)
 .text._ZN5Print5printEdi
                0x00080e60        0xa C:\Users\Francesco\AppData\Local\Temp\VMBuilds\simpleDemo\arduino_due_x_dbg\Release/core.a(Print.cpp.o)
                0x00080e60                Print::print(double, int)
 *fill*         0x00080e6a        0x2 
 .text.initiateReset
                0x00080e6c        0xc C:\Users\Francesco\AppData\Local\Temp\VMBuilds\simpleDemo\arduino_due_x_dbg\Release/core.a(Reset.cpp.o)
                0x00080e6c                initiateReset
 .text.cancelReset
                0x00080e78       0x10 C:\Users\Francesco\AppData\Local\Temp\VMBuilds\simpleDemo\arduino_due_x_dbg\Release/core.a(Reset.cpp.o)
                0x00080e78                cancelReset
 .text.tickReset
                0x00080e88       0x20 C:\Users\Francesco\AppData\Local\Temp\VMBuilds\simpleDemo\arduino_due_x_dbg\Release/core.a(Reset.cpp.o)
                0x00080e88                tickReset
 .text._ZN10RingBufferC2Ev
                0x00080ea8       0x1a C:\Users\Francesco\AppData\Local\Temp\VMBuilds\simpleDemo\arduino_due_x_dbg\Release/core.a(RingBuffer.cpp.o)
                0x00080ea8                RingBuffer::RingBuffer()
                0x00080ea8                RingBuffer::RingBuffer()
 .text._ZN10RingBuffer10store_charEh
                0x00080ec2       0x1e C:\Users\Francesco\AppData\Local\Temp\VMBuilds\simpleDemo\arduino_due_x_dbg\Release/core.a(RingBuffer.cpp.o)
                0x00080ec2                RingBuffer::store_char(unsigned char)
 .text._ZN9UARTClasscvbEv
                0x00080ee0        0x4 C:\Users\Francesco\AppData\Local\Temp\VMBuilds\simpleDemo\arduino_due_x_dbg\Release/core.a(UARTClass.cpp.o)
                0x00080ee0                UARTClass::operator bool()
 .text._ZN9UARTClass9availableEv
                0x00080ee4       0x12 C:\Users\Francesco\AppData\Local\Temp\VMBuilds\simpleDemo\arduino_due_x_dbg\Release/core.a(UARTClass.cpp.o)
                0x00080ee4                UARTClass::available()
 .text._ZN9UARTClass4peekEv
                0x00080ef6       0x1c C:\Users\Francesco\AppData\Local\Temp\VMBuilds\simpleDemo\arduino_due_x_dbg\Release/core.a(UARTClass.cpp.o)
                0x00080ef6                UARTClass::peek()
 .text._ZN9UARTClass4readEv
                0x00080f12       0x2a C:\Users\Francesco\AppData\Local\Temp\VMBuilds\simpleDemo\arduino_due_x_dbg\Release/core.a(UARTClass.cpp.o)
                0x00080f12                UARTClass::read()
 .text._ZN9UARTClass5flushEv
                0x00080f3c       0x18 C:\Users\Francesco\AppData\Local\Temp\VMBuilds\simpleDemo\arduino_due_x_dbg\Release/core.a(UARTClass.cpp.o)
                0x00080f3c                UARTClass::flush()
 .text._ZN9UARTClass5writeEh
                0x00080f54       0x54 C:\Users\Francesco\AppData\Local\Temp\VMBuilds\simpleDemo\arduino_due_x_dbg\Release/core.a(UARTClass.cpp.o)
                0x00080f54                UARTClass::write(unsigned char)
 .text._ZN9UARTClass3endEv
                0x00080fa8       0x3c C:\Users\Francesco\AppData\Local\Temp\VMBuilds\simpleDemo\arduino_due_x_dbg\Release/core.a(UARTClass.cpp.o)
                0x00080fa8                UARTClass::end()
 .text._ZN9UARTClassC2EP4Uart4IRQnmP10RingBufferS4_
                0x00080fe4       0x24 C:\Users\Francesco\AppData\Local\Temp\VMBuilds\simpleDemo\arduino_due_x_dbg\Release/core.a(UARTClass.cpp.o)
                0x00080fe4                UARTClass::UARTClass(Uart*, IRQn, unsigned long, RingBuffer*, RingBuffer*)
                0x00080fe4                UARTClass::UARTClass(Uart*, IRQn, unsigned long, RingBuffer*, RingBuffer*)
 .text._ZN9UARTClass4initEmm
                0x00081008       0x70 C:\Users\Francesco\AppData\Local\Temp\VMBuilds\simpleDemo\arduino_due_x_dbg\Release/core.a(UARTClass.cpp.o)
                0x00081008                UARTClass::init(unsigned long, unsigned long)
 .text._ZN9UARTClass5beginEm
                0x00081078        0x8 C:\Users\Francesco\AppData\Local\Temp\VMBuilds\simpleDemo\arduino_due_x_dbg\Release/core.a(UARTClass.cpp.o)
                0x00081078                UARTClass::begin(unsigned long)
 .text._ZN9UARTClass10IrqHandlerEv
                0x00081080       0x5a C:\Users\Francesco\AppData\Local\Temp\VMBuilds\simpleDemo\arduino_due_x_dbg\Release/core.a(UARTClass.cpp.o)
                0x00081080                UARTClass::IrqHandler()
 .text._ZN10USARTClass5beginEm
                0x000810da        0x8 C:\Users\Francesco\AppData\Local\Temp\VMBuilds\simpleDemo\arduino_due_x_dbg\Release/core.a(USARTClass.cpp.o)
                0x000810da                USARTClass::begin(unsigned long)
 *fill*         0x000810e2        0x2 
 .text._ZN10USARTClassC2EP5Usart4IRQnmP10RingBufferS4_
                0x000810e4       0x24 C:\Users\Francesco\AppData\Local\Temp\VMBuilds\simpleDemo\arduino_due_x_dbg\Release/core.a(USARTClass.cpp.o)
                0x000810e4                USARTClass::USARTClass(Usart*, IRQn, unsigned long, RingBuffer*, RingBuffer*)
                0x000810e4                USARTClass::USARTClass(Usart*, IRQn, unsigned long, RingBuffer*, RingBuffer*)
 .text._watchdogDefaultSetup
                0x00081108        0xc C:\Users\Francesco\AppData\Local\Temp\VMBuilds\simpleDemo\arduino_due_x_dbg\Release/core.a(watchdog.cpp.o)
                0x00081108                _watchdogDefaultSetup
                0x00081108                watchdogSetup()
 .text.unlikely._ZL11USB_SendZlpv
                0x00081114       0x20 C:\Users\Francesco\AppData\Local\Temp\VMBuilds\simpleDemo\arduino_due_x_dbg\Release/core.a(USBCore.cpp.o)
 .text._Z14USBD_Availablem
                0x00081134       0x2c C:\Users\Francesco\AppData\Local\Temp\VMBuilds\simpleDemo\arduino_due_x_dbg\Release/core.a(USBCore.cpp.o)
                0x00081134                USBD_Available(unsigned long)
 .text._Z9USBD_RecvmPvm
                0x00081160       0x7c C:\Users\Francesco\AppData\Local\Temp\VMBuilds\simpleDemo\arduino_due_x_dbg\Release/core.a(USBCore.cpp.o)
                0x00081160                USBD_Recv(unsigned long, void*, unsigned long)
 .text._Z9USBD_Recvm
                0x000811dc       0x22 C:\Users\Francesco\AppData\Local\Temp\VMBuilds\simpleDemo\arduino_due_x_dbg\Release/core.a(USBCore.cpp.o)
                0x000811dc                USBD_Recv(unsigned long)
 *fill*         0x000811fe        0x2 
 .text._Z9USBD_SendmPKvm
                0x00081200       0x4c C:\Users\Francesco\AppData\Local\Temp\VMBuilds\simpleDemo\arduino_due_x_dbg\Release/core.a(USBCore.cpp.o)
                0x00081200                USBD_Send(unsigned long, void const*, unsigned long)
 .text._Z16USBD_SendControlhPKvm
                0x0008124c       0x40 C:\Users\Francesco\AppData\Local\Temp\VMBuilds\simpleDemo\arduino_due_x_dbg\Release/core.a(USBCore.cpp.o)
                0x0008124c                USBD_SendControl(unsigned char, void const*, unsigned long)
 .text.unlikely._ZL24USB_SendStringDescriptorPKhi
                0x0008128c       0x64 C:\Users\Francesco\AppData\Local\Temp\VMBuilds\simpleDemo\arduino_due_x_dbg\Release/core.a(USBCore.cpp.o)
 .text._Z16USBD_RecvControlPvm
                0x000812f0       0x1c C:\Users\Francesco\AppData\Local\Temp\VMBuilds\simpleDemo\arduino_due_x_dbg\Release/core.a(USBCore.cpp.o)
                0x000812f0                USBD_RecvControl(void*, unsigned long)
 .text._Z26USBD_ClassInterfaceRequestR8USBSetup
                0x0008130c       0x1e C:\Users\Francesco\AppData\Local\Temp\VMBuilds\simpleDemo\arduino_due_x_dbg\Release/core.a(USBCore.cpp.o)
                0x0008130c                USBD_ClassInterfaceRequest(USBSetup&)
 .text._Z19USBD_SendInterfacesv
                0x0008132a       0x22 C:\Users\Francesco\AppData\Local\Temp\VMBuilds\simpleDemo\arduino_due_x_dbg\Release/core.a(USBCore.cpp.o)
                0x0008132a                USBD_SendInterfaces()
 .text._Z24USBD_SendOtherInterfacesv
                0x0008134c       0x22 C:\Users\Francesco\AppData\Local\Temp\VMBuilds\simpleDemo\arduino_due_x_dbg\Release/core.a(USBCore.cpp.o)
                0x0008134c                USBD_SendOtherInterfaces()
 .text._Z10USBD_Flushm
                0x0008136e       0x16 C:\Users\Francesco\AppData\Local\Temp\VMBuilds\simpleDemo\arduino_due_x_dbg\Release/core.a(USBCore.cpp.o)
                0x0008136e                USBD_Flush(unsigned long)
 .text._ZN10USBDevice_C2Ev
                0x00081384       0x24 C:\Users\Francesco\AppData\Local\Temp\VMBuilds\simpleDemo\arduino_due_x_dbg\Release/core.a(USBCore.cpp.o)
                0x00081384                USBDevice_::USBDevice_()
                0x00081384                USBDevice_::USBDevice_()
 .text._ZN10USBDevice_6attachEv
                0x000813a8       0x20 C:\Users\Francesco\AppData\Local\Temp\VMBuilds\simpleDemo\arduino_due_x_dbg\Release/core.a(USBCore.cpp.o)
                0x000813a8                USBDevice_::attach()
 .text.startup._GLOBAL__sub_I_EndPoints
                0x000813c8        0xc C:\Users\Francesco\AppData\Local\Temp\VMBuilds\simpleDemo\arduino_due_x_dbg\Release/core.a(USBCore.cpp.o)
 .text._ZL7USB_ISRv
                0x000813d4      0x454 C:\Users\Francesco\AppData\Local\Temp\VMBuilds\simpleDemo\arduino_due_x_dbg\Release/core.a(USBCore.cpp.o)
 .text._ZN7Serial_9availableEv
                0x00081828       0x18 C:\Users\Francesco\AppData\Local\Temp\VMBuilds\simpleDemo\arduino_due_x_dbg\Release/core.a(CDC.cpp.o)
                0x00081828                Serial_::available()
 .text._ZN7Serial_17availableForWriteEv
                0x00081840        0x6 C:\Users\Francesco\AppData\Local\Temp\VMBuilds\simpleDemo\arduino_due_x_dbg\Release/core.a(CDC.cpp.o)
                0x00081840                Serial_::availableForWrite()
 *fill*         0x00081846        0x2 
 .text._ZN7Serial_4peekEv
                0x00081848       0x20 C:\Users\Francesco\AppData\Local\Temp\VMBuilds\simpleDemo\arduino_due_x_dbg\Release/core.a(CDC.cpp.o)
                0x00081848                Serial_::peek()
 .text._ZN7Serial_5writeEh
                0x00081868       0x16 C:\Users\Francesco\AppData\Local\Temp\VMBuilds\simpleDemo\arduino_due_x_dbg\Release/core.a(CDC.cpp.o)
                0x00081868                Serial_::write(unsigned char)
 *fill*         0x0008187e        0x2 
 .text._ZN7Serial_4readEv
                0x00081880       0x44 C:\Users\Francesco\AppData\Local\Temp\VMBuilds\simpleDemo\arduino_due_x_dbg\Release/core.a(CDC.cpp.o)
                0x00081880                Serial_::read()
 .text._ZN7Serial_5flushEv
                0x000818c4        0x6 C:\Users\Francesco\AppData\Local\Temp\VMBuilds\simpleDemo\arduino_due_x_dbg\Release/core.a(CDC.cpp.o)
                0x000818c4                Serial_::flush()
 *fill*         0x000818ca        0x2 
 .text._ZN7Serial_6acceptEv
                0x000818cc       0x70 C:\Users\Francesco\AppData\Local\Temp\VMBuilds\simpleDemo\arduino_due_x_dbg\Release/core.a(CDC.cpp.o)
                0x000818cc                Serial_::accept()
 .text._ZN7Serial_5writeEPKhj
                0x0008193c       0x2c C:\Users\Francesco\AppData\Local\Temp\VMBuilds\simpleDemo\arduino_due_x_dbg\Release/core.a(CDC.cpp.o)
                0x0008193c                Serial_::write(unsigned char const*, unsigned int)
 .text._Z16CDC_GetInterfacePh
                0x00081968       0x14 C:\Users\Francesco\AppData\Local\Temp\VMBuilds\simpleDemo\arduino_due_x_dbg\Release/core.a(CDC.cpp.o)
                0x00081968                CDC_GetInterface(unsigned char*)
 .text._Z21CDC_GetOtherInterfacePh
                0x0008197c       0x14 C:\Users\Francesco\AppData\Local\Temp\VMBuilds\simpleDemo\arduino_due_x_dbg\Release/core.a(CDC.cpp.o)
                0x0008197c                CDC_GetOtherInterface(unsigned char*)
 .text._Z9CDC_SetupR8USBSetup
                0x00081990       0x78 C:\Users\Francesco\AppData\Local\Temp\VMBuilds\simpleDemo\arduino_due_x_dbg\Release/core.a(CDC.cpp.o)
                0x00081990                CDC_Setup(USBSetup&)
 .text.startup._GLOBAL__sub_I_cdc_rx_buffer
                0x00081a08       0x1c C:\Users\Francesco\AppData\Local\Temp\VMBuilds\simpleDemo\arduino_due_x_dbg\Release/core.a(CDC.cpp.o)
 .text._ZN13PluggableUSB_12getInterfaceEPh
                0x00081a24       0x28 C:\Users\Francesco\AppData\Local\Temp\VMBuilds\simpleDemo\arduino_due_x_dbg\Release/core.a(PluggableUSB.cpp.o)
                0x00081a24                PluggableUSB_::getInterface(unsigned char*)
 .text._ZN13PluggableUSB_13getDescriptorER8USBSetup
                0x00081a4c       0x1c C:\Users\Francesco\AppData\Local\Temp\VMBuilds\simpleDemo\arduino_due_x_dbg\Release/core.a(PluggableUSB.cpp.o)
                0x00081a4c                PluggableUSB_::getDescriptor(USBSetup&)
 .text._ZN13PluggableUSB_12getShortNameEPc
                0x00081a68       0x1c C:\Users\Francesco\AppData\Local\Temp\VMBuilds\simpleDemo\arduino_due_x_dbg\Release/core.a(PluggableUSB.cpp.o)
                0x00081a68                PluggableUSB_::getShortName(char*)
 .text._ZN13PluggableUSB_5setupER8USBSetup
                0x00081a84       0x20 C:\Users\Francesco\AppData\Local\Temp\VMBuilds\simpleDemo\arduino_due_x_dbg\Release/core.a(PluggableUSB.cpp.o)
                0x00081a84                PluggableUSB_::setup(USBSetup&)
 .text._Z12PluggableUSBv
                0x00081aa4       0x28 C:\Users\Francesco\AppData\Local\Temp\VMBuilds\simpleDemo\arduino_due_x_dbg\Release/core.a(PluggableUSB.cpp.o)
                0x00081aa4                PluggableUSB()
 .text.TimeTick_Increment
                0x00081acc       0x10 C:\Users\Francesco\AppData\Local\arduino15\packages\arduino\hardware\sam\1.6.9\variants\arduino_due_x/libsam_sam3x8e_gcc_rel.a(timetick.o)
                0x00081acc                TimeTick_Increment
 .text.GetTickCount
                0x00081adc        0xc C:\Users\Francesco\AppData\Local\arduino15\packages\arduino\hardware\sam\1.6.9\variants\arduino_due_x/libsam_sam3x8e_gcc_rel.a(timetick.o)
                0x00081adc                GetTickCount
 .text.WDT_Disable
                0x00081ae8        0x8 C:\Users\Francesco\AppData\Local\arduino15\packages\arduino\hardware\sam\1.6.9\variants\arduino_due_x/libsam_sam3x8e_gcc_rel.a(wdt.o)
                0x00081ae8                WDT_Disable
 .text.UDD_SetStack
                0x00081af0        0xc C:\Users\Francesco\AppData\Local\arduino15\packages\arduino\hardware\sam\1.6.9\variants\arduino_due_x/libsam_sam3x8e_gcc_rel.a(uotghs_device.o)
                0x00081af0                UDD_SetStack
 .text.UDD_Init
                0x00081afc       0xd0 C:\Users\Francesco\AppData\Local\arduino15\packages\arduino\hardware\sam\1.6.9\variants\arduino_due_x/libsam_sam3x8e_gcc_rel.a(uotghs_device.o)
                0x00081afc                UDD_Init
 .text.UDD_Attach
                0x00081bcc       0x50 C:\Users\Francesco\AppData\Local\arduino15\packages\arduino\hardware\sam\1.6.9\variants\arduino_due_x/libsam_sam3x8e_gcc_rel.a(uotghs_device.o)
                0x00081bcc                UDD_Attach
 .text.UDD_InitEP
                0x00081c1c       0x2c C:\Users\Francesco\AppData\Local\arduino15\packages\arduino\hardware\sam\1.6.9\variants\arduino_due_x/libsam_sam3x8e_gcc_rel.a(uotghs_device.o)
                0x00081c1c                UDD_InitEP
 .text.UDD_InitEndpoints
                0x00081c48       0x3c C:\Users\Francesco\AppData\Local\arduino15\packages\arduino\hardware\sam\1.6.9\variants\arduino_due_x/libsam_sam3x8e_gcc_rel.a(uotghs_device.o)
                0x00081c48                UDD_InitEndpoints
 .text.UDD_WaitIN
                0x00081c84       0x10 C:\Users\Francesco\AppData\Local\arduino15\packages\arduino\hardware\sam\1.6.9\variants\arduino_due_x/libsam_sam3x8e_gcc_rel.a(uotghs_device.o)
                0x00081c84                UDD_WaitIN
 .text.UDD_WaitOUT
                0x00081c94       0x10 C:\Users\Francesco\AppData\Local\arduino15\packages\arduino\hardware\sam\1.6.9\variants\arduino_due_x/libsam_sam3x8e_gcc_rel.a(uotghs_device.o)
                0x00081c94                UDD_WaitOUT
 .text.UDD_ClearIN
                0x00081ca4       0x18 C:\Users\Francesco\AppData\Local\arduino15\packages\arduino\hardware\sam\1.6.9\variants\arduino_due_x/libsam_sam3x8e_gcc_rel.a(uotghs_device.o)
                0x00081ca4                UDD_ClearIN
 .text.UDD_ClearOUT
                0x00081cbc       0x18 C:\Users\Francesco\AppData\Local\arduino15\packages\arduino\hardware\sam\1.6.9\variants\arduino_due_x/libsam_sam3x8e_gcc_rel.a(uotghs_device.o)
                0x00081cbc                UDD_ClearOUT
 .text.UDD_ReceivedSetupInt
                0x00081cd4       0x10 C:\Users\Francesco\AppData\Local\arduino15\packages\arduino\hardware\sam\1.6.9\variants\arduino_due_x/libsam_sam3x8e_gcc_rel.a(uotghs_device.o)
                0x00081cd4                UDD_ReceivedSetupInt
 .text.UDD_ClearSetupInt
                0x00081ce4       0x10 C:\Users\Francesco\AppData\Local\arduino15\packages\arduino\hardware\sam\1.6.9\variants\arduino_due_x/libsam_sam3x8e_gcc_rel.a(uotghs_device.o)
                0x00081ce4                UDD_ClearSetupInt
 .text.UDD_Send
                0x00081cf4       0x88 C:\Users\Francesco\AppData\Local\arduino15\packages\arduino\hardware\sam\1.6.9\variants\arduino_due_x/libsam_sam3x8e_gcc_rel.a(uotghs_device.o)
                0x00081cf4                UDD_Send
 .text.UDD_Send8
                0x00081d7c       0x24 C:\Users\Francesco\AppData\Local\arduino15\packages\arduino\hardware\sam\1.6.9\variants\arduino_due_x/libsam_sam3x8e_gcc_rel.a(uotghs_device.o)
                0x00081d7c                UDD_Send8
 .text.UDD_Recv8
                0x00081da0       0x28 C:\Users\Francesco\AppData\Local\arduino15\packages\arduino\hardware\sam\1.6.9\variants\arduino_due_x/libsam_sam3x8e_gcc_rel.a(uotghs_device.o)
                0x00081da0                UDD_Recv8
 .text.UDD_Recv
                0x00081dc8       0x34 C:\Users\Francesco\AppData\Local\arduino15\packages\arduino\hardware\sam\1.6.9\variants\arduino_due_x/libsam_sam3x8e_gcc_rel.a(uotghs_device.o)
                0x00081dc8                UDD_Recv
 .text.UDD_Stall
                0x00081dfc       0x14 C:\Users\Francesco\AppData\Local\arduino15\packages\arduino\hardware\sam\1.6.9\variants\arduino_due_x/libsam_sam3x8e_gcc_rel.a(uotghs_device.o)
                0x00081dfc                UDD_Stall
 .text.UDD_FifoByteCount
                0x00081e10       0x14 C:\Users\Francesco\AppData\Local\arduino15\packages\arduino\hardware\sam\1.6.9\variants\arduino_due_x/libsam_sam3x8e_gcc_rel.a(uotghs_device.o)
                0x00081e10                UDD_FifoByteCount
 .text.UDD_ReleaseRX
                0x00081e24       0x28 C:\Users\Francesco\AppData\Local\arduino15\packages\arduino\hardware\sam\1.6.9\variants\arduino_due_x/libsam_sam3x8e_gcc_rel.a(uotghs_device.o)
                0x00081e24                UDD_ReleaseRX
 .text.UDD_ReleaseTX
                0x00081e4c       0x28 C:\Users\Francesco\AppData\Local\arduino15\packages\arduino\hardware\sam\1.6.9\variants\arduino_due_x/libsam_sam3x8e_gcc_rel.a(uotghs_device.o)
                0x00081e4c                UDD_ReleaseTX
 .text.UDD_SetAddress
                0x00081e74       0x20 C:\Users\Francesco\AppData\Local\arduino15\packages\arduino\hardware\sam\1.6.9\variants\arduino_due_x/libsam_sam3x8e_gcc_rel.a(uotghs_device.o)
                0x00081e74                UDD_SetAddress
 .text.__fpclassifyd
                0x00081e94       0x50 c:/users/francesco/appdata/local/arduino15/packages/arduino/tools/arm-none-eabi-gcc/4.8.3-2014q1/bin/../lib/gcc/arm-none-eabi/4.8.3/../../../../arm-none-eabi/lib/armv7-m\libm.a(lib_a-s_fpclassify.o)
                0x00081e94                __fpclassifyd
 .text          0x00081ee4      0x370 c:/users/francesco/appdata/local/arduino15/packages/arduino/tools/arm-none-eabi-gcc/4.8.3-2014q1/bin/../lib/gcc/arm-none-eabi/4.8.3/armv7-m\libgcc.a(_arm_addsubdf3.o)
                0x00081ee4                __aeabi_drsub
                0x00081eec                __aeabi_dsub
                0x00081eec                __subdf3
                0x00081ef0                __aeabi_dadd
                0x00081ef0                __adddf3
                0x00082168                __floatunsidf
                0x00082168                __aeabi_ui2d
                0x00082188                __floatsidf
                0x00082188                __aeabi_i2d
                0x000821ac                __aeabi_f2d
                0x000821ac                __extendsfdf2
                0x000821e8                __floatundidf
                0x000821e8                __aeabi_ul2d
                0x000821f8                __floatdidf
                0x000821f8                __aeabi_l2d
 .text          0x00082254      0x424 c:/users/francesco/appdata/local/arduino15/packages/arduino/tools/arm-none-eabi-gcc/4.8.3-2014q1/bin/../lib/gcc/arm-none-eabi/4.8.3/armv7-m\libgcc.a(_arm_muldivdf3.o)
                0x00082254                __aeabi_dmul
                0x00082254                __muldf3
                0x000824a8                __divdf3
                0x000824a8                __aeabi_ddiv
 .text          0x00082678      0x110 c:/users/francesco/appdata/local/arduino15/packages/arduino/tools/arm-none-eabi-gcc/4.8.3-2014q1/bin/../lib/gcc/arm-none-eabi/4.8.3/armv7-m\libgcc.a(_arm_cmpdf2.o)
                0x00082678                __gtdf2
                0x00082678                __gedf2
                0x00082680                __ltdf2
                0x00082680                __ledf2
                0x00082688                __nedf2
                0x00082688                __eqdf2
                0x00082688                __cmpdf2
                0x00082704                __aeabi_cdrcmple
                0x00082714                __aeabi_cdcmpeq
                0x00082714                __aeabi_cdcmple
                0x00082724                __aeabi_dcmpeq
                0x00082738                __aeabi_dcmplt
                0x0008274c                __aeabi_dcmple
                0x00082760                __aeabi_dcmpge
                0x00082774                __aeabi_dcmpgt
 .text          0x00082788       0x40 c:/users/francesco/appdata/local/arduino15/packages/arduino/tools/arm-none-eabi-gcc/4.8.3-2014q1/bin/../lib/gcc/arm-none-eabi/4.8.3/armv7-m\libgcc.a(_arm_fixunsdfsi.o)
                0x00082788                __aeabi_d2uiz
                0x00082788                __fixunsdfsi
 .text.__aeabi_atexit
                0x000827c8        0xc c:/users/francesco/appdata/local/arduino15/packages/arduino/tools/arm-none-eabi-gcc/4.8.3-2014q1/bin/../lib/gcc/arm-none-eabi/4.8.3/../../../../arm-none-eabi/lib/armv7-m\libg.a(lib_a-aeabi_atexit.o)
                0x000827c8                __aeabi_atexit
 .text.__cxa_atexit
                0x000827d4       0x14 c:/users/francesco/appdata/local/arduino15/packages/arduino/tools/arm-none-eabi-gcc/4.8.3-2014q1/bin/../lib/gcc/arm-none-eabi/4.8.3/../../../../arm-none-eabi/lib/armv7-m\libg.a(lib_a-cxa_atexit.o)
                0x000827d4                __cxa_atexit
 .text.__libc_init_array
                0x000827e8       0x50 c:/users/francesco/appdata/local/arduino15/packages/arduino/tools/arm-none-eabi-gcc/4.8.3-2014q1/bin/../lib/gcc/arm-none-eabi/4.8.3/../../../../arm-none-eabi/lib/armv7-m\libg.a(lib_a-init.o)
                0x000827e8                __libc_init_array
 .text.iprintf  0x00082838       0x28 c:/users/francesco/appdata/local/arduino15/packages/arduino/tools/arm-none-eabi-gcc/4.8.3-2014q1/bin/../lib/gcc/arm-none-eabi/4.8.3/../../../../arm-none-eabi/lib/armv7-m\libg.a(lib_a-iprintf.o)
                0x00082838                iprintf
 .text.memset   0x00082860       0x94 c:/users/francesco/appdata/local/arduino15/packages/arduino/tools/arm-none-eabi-gcc/4.8.3-2014q1/bin/../lib/gcc/arm-none-eabi/4.8.3/../../../../arm-none-eabi/lib/armv7-m\libg.a(lib_a-memset.o)
                0x00082860                memset
 .text.strlen   0x000828f4       0x60 c:/users/francesco/appdata/local/arduino15/packages/arduino/tools/arm-none-eabi-gcc/4.8.3-2014q1/bin/../lib/gcc/arm-none-eabi/4.8.3/../../../../arm-none-eabi/lib/armv7-m\libg.a(lib_a-strlen.o)
                0x000828f4                strlen
 .text.kill     0x00082954       0x10 c:/users/francesco/appdata/local/arduino15/packages/arduino/tools/arm-none-eabi-gcc/4.8.3-2014q1/bin/../lib/gcc/arm-none-eabi/4.8.3/../../../../arm-none-eabi/lib/armv7-m\libg.a(lib_a-syskill.o)
                0x00082954                kill
 .text.__sprint_r.part.0
                0x00082964       0x78 c:/users/francesco/appdata/local/arduino15/packages/arduino/tools/arm-none-eabi-gcc/4.8.3-2014q1/bin/../lib/gcc/arm-none-eabi/4.8.3/../../../../arm-none-eabi/lib/armv7-m\libg.a(lib_a-vfiprintf.o)
 .text._vfiprintf_r
                0x000829dc      0xc54 c:/users/francesco/appdata/local/arduino15/packages/arduino/tools/arm-none-eabi-gcc/4.8.3-2014q1/bin/../lib/gcc/arm-none-eabi/4.8.3/../../../../arm-none-eabi/lib/armv7-m\libg.a(lib_a-vfiprintf.o)
                0x000829dc                _vfiprintf_r
 .text.__sbprintf
                0x00083630       0x7c c:/users/francesco/appdata/local/arduino15/packages/arduino/tools/arm-none-eabi-gcc/4.8.3-2014q1/bin/../lib/gcc/arm-none-eabi/4.8.3/../../../../arm-none-eabi/lib/armv7-m\libg.a(lib_a-vfiprintf.o)
 .text.__swsetup_r
                0x000836ac       0xc4 c:/users/francesco/appdata/local/arduino15/packages/arduino/tools/arm-none-eabi-gcc/4.8.3-2014q1/bin/../lib/gcc/arm-none-eabi/4.8.3/../../../../arm-none-eabi/lib/armv7-m\libg.a(lib_a-wsetup.o)
                0x000836ac                __swsetup_r
 .text.__register_exitproc
                0x00083770       0xa8 c:/users/francesco/appdata/local/arduino15/packages/arduino/tools/arm-none-eabi-gcc/4.8.3-2014q1/bin/../lib/gcc/arm-none-eabi/4.8.3/../../../../arm-none-eabi/lib/armv7-m\libg.a(lib_a-__atexit.o)
                0x00083770                __register_exitproc
 .text.startup.register_fini
                0x00083818       0x14 c:/users/francesco/appdata/local/arduino15/packages/arduino/tools/arm-none-eabi-gcc/4.8.3-2014q1/bin/../lib/gcc/arm-none-eabi/4.8.3/../../../../arm-none-eabi/lib/armv7-m\libg.a(lib_a-__call_atexit.o)
 .text.atexit   0x0008382c        0xc c:/users/francesco/appdata/local/arduino15/packages/arduino/tools/arm-none-eabi-gcc/4.8.3-2014q1/bin/../lib/gcc/arm-none-eabi/4.8.3/../../../../arm-none-eabi/lib/armv7-m\libg.a(lib_a-atexit.o)
                0x0008382c                atexit
 .text.__sflush_r
                0x00083838      0x148 c:/users/francesco/appdata/local/arduino15/packages/arduino/tools/arm-none-eabi-gcc/4.8.3-2014q1/bin/../lib/gcc/arm-none-eabi/4.8.3/../../../../arm-none-eabi/lib/armv7-m\libg.a(lib_a-fflush.o)
                0x00083838                __sflush_r
 .text._fflush_r
                0x00083980       0x2c c:/users/francesco/appdata/local/arduino15/packages/arduino/tools/arm-none-eabi-gcc/4.8.3-2014q1/bin/../lib/gcc/arm-none-eabi/4.8.3/../../../../arm-none-eabi/lib/armv7-m\libg.a(lib_a-fflush.o)
                0x00083980                _fflush_r
 .text._cleanup_r
                0x000839ac        0xc c:/users/francesco/appdata/local/arduino15/packages/arduino/tools/arm-none-eabi-gcc/4.8.3-2014q1/bin/../lib/gcc/arm-none-eabi/4.8.3/../../../../arm-none-eabi/lib/armv7-m\libg.a(lib_a-findfp.o)
                0x000839ac                _cleanup_r
 .text.__sinit  0x000839b8       0xf4 c:/users/francesco/appdata/local/arduino15/packages/arduino/tools/arm-none-eabi-gcc/4.8.3-2014q1/bin/../lib/gcc/arm-none-eabi/4.8.3/../../../../arm-none-eabi/lib/armv7-m\libg.a(lib_a-findfp.o)
                0x000839b8                __sinit
 .text.__sfp_lock_acquire
                0x00083aac        0x4 c:/users/francesco/appdata/local/arduino15/packages/arduino/tools/arm-none-eabi-gcc/4.8.3-2014q1/bin/../lib/gcc/arm-none-eabi/4.8.3/../../../../arm-none-eabi/lib/armv7-m\libg.a(lib_a-findfp.o)
                0x00083aac                __sfp_lock_acquire
 .text.__sfp_lock_release
                0x00083ab0        0x4 c:/users/francesco/appdata/local/arduino15/packages/arduino/tools/arm-none-eabi-gcc/4.8.3-2014q1/bin/../lib/gcc/arm-none-eabi/4.8.3/../../../../arm-none-eabi/lib/armv7-m\libg.a(lib_a-findfp.o)
                0x00083ab0                __sfp_lock_release
 .text.__libc_fini_array
                0x00083ab4       0x30 c:/users/francesco/appdata/local/arduino15/packages/arduino/tools/arm-none-eabi-gcc/4.8.3-2014q1/bin/../lib/gcc/arm-none-eabi/4.8.3/../../../../arm-none-eabi/lib/armv7-m\libg.a(lib_a-fini.o)
                0x00083ab4                __libc_fini_array
 .text._fputwc_r
                0x00083ae4       0xc0 c:/users/francesco/appdata/local/arduino15/packages/arduino/tools/arm-none-eabi-gcc/4.8.3-2014q1/bin/../lib/gcc/arm-none-eabi/4.8.3/../../../../arm-none-eabi/lib/armv7-m\libg.a(lib_a-fputwc.o)
                0x00083ae4                _fputwc_r
 .text._malloc_trim_r
                0x00083ba4       0x9c c:/users/francesco/appdata/local/arduino15/packages/arduino/tools/arm-none-eabi-gcc/4.8.3-2014q1/bin/../lib/gcc/arm-none-eabi/4.8.3/../../../../arm-none-eabi/lib/armv7-m\libg.a(lib_a-freer.o)
                0x00083ba4                _malloc_trim_r
 .text._free_r  0x00083c40      0x198 c:/users/francesco/appdata/local/arduino15/packages/arduino/tools/arm-none-eabi-gcc/4.8.3-2014q1/bin/../lib/gcc/arm-none-eabi/4.8.3/../../../../arm-none-eabi/lib/armv7-m\libg.a(lib_a-freer.o)
                0x00083c40                _free_r
 .text.__sfvwrite_r
                0x00083dd8      0x314 c:/users/francesco/appdata/local/arduino15/packages/arduino/tools/arm-none-eabi-gcc/4.8.3-2014q1/bin/../lib/gcc/arm-none-eabi/4.8.3/../../../../arm-none-eabi/lib/armv7-m\libg.a(lib_a-fvwrite.o)
                0x00083dd8                __sfvwrite_r
 .text._fwalk   0x000840ec       0x48 c:/users/francesco/appdata/local/arduino15/packages/arduino/tools/arm-none-eabi-gcc/4.8.3-2014q1/bin/../lib/gcc/arm-none-eabi/4.8.3/../../../../arm-none-eabi/lib/armv7-m\libg.a(lib_a-fwalk.o)
                0x000840ec                _fwalk
 .text.__locale_charset
                0x00084134        0x8 c:/users/francesco/appdata/local/arduino15/packages/arduino/tools/arm-none-eabi-gcc/4.8.3-2014q1/bin/../lib/gcc/arm-none-eabi/4.8.3/../../../../arm-none-eabi/lib/armv7-m\libg.a(lib_a-locale.o)
                0x00084134                __locale_charset
 .text.__locale_mb_cur_max
                0x0008413c        0xc c:/users/francesco/appdata/local/arduino15/packages/arduino/tools/arm-none-eabi-gcc/4.8.3-2014q1/bin/../lib/gcc/arm-none-eabi/4.8.3/../../../../arm-none-eabi/lib/armv7-m\libg.a(lib_a-locale.o)
                0x0008413c                __locale_mb_cur_max
 .text.__smakebuf_r
                0x00084148       0xe0 c:/users/francesco/appdata/local/arduino15/packages/arduino/tools/arm-none-eabi-gcc/4.8.3-2014q1/bin/../lib/gcc/arm-none-eabi/4.8.3/../../../../arm-none-eabi/lib/armv7-m\libg.a(lib_a-makebuf.o)
                0x00084148                __smakebuf_r
 .text._malloc_r
                0x00084228      0x538 c:/users/francesco/appdata/local/arduino15/packages/arduino/tools/arm-none-eabi-gcc/4.8.3-2014q1/bin/../lib/gcc/arm-none-eabi/4.8.3/../../../../arm-none-eabi/lib/armv7-m\libg.a(lib_a-mallocr.o)
                0x00084228                _malloc_r
 .text.memchr   0x00084760       0x94 c:/users/francesco/appdata/local/arduino15/packages/arduino/tools/arm-none-eabi-gcc/4.8.3-2014q1/bin/../lib/gcc/arm-none-eabi/4.8.3/../../../../arm-none-eabi/lib/armv7-m\libg.a(lib_a-memchr-stub.o)
                0x00084760                memchr
 .text          0x000847f4       0xec c:/users/francesco/appdata/local/arduino15/packages/arduino/tools/arm-none-eabi-gcc/4.8.3-2014q1/bin/../lib/gcc/arm-none-eabi/4.8.3/../../../../arm-none-eabi/lib/armv7-m\libg.a(lib_a-memcpy.o)
                0x000847f4                memcpy
 .text.memmove  0x000848e0       0xcc c:/users/francesco/appdata/local/arduino15/packages/arduino/tools/arm-none-eabi-gcc/4.8.3-2014q1/bin/../lib/gcc/arm-none-eabi/4.8.3/../../../../arm-none-eabi/lib/armv7-m\libg.a(lib_a-memmove.o)
                0x000848e0                memmove
 .text.__malloc_lock
                0x000849ac        0x4 c:/users/francesco/appdata/local/arduino15/packages/arduino/tools/arm-none-eabi-gcc/4.8.3-2014q1/bin/../lib/gcc/arm-none-eabi/4.8.3/../../../../arm-none-eabi/lib/armv7-m\libg.a(lib_a-mlock.o)
                0x000849ac                __malloc_lock
 .text.__malloc_unlock
                0x000849b0        0x4 c:/users/francesco/appdata/local/arduino15/packages/arduino/tools/arm-none-eabi-gcc/4.8.3-2014q1/bin/../lib/gcc/arm-none-eabi/4.8.3/../../../../arm-none-eabi/lib/armv7-m\libg.a(lib_a-mlock.o)
                0x000849b0                __malloc_unlock
 .text._realloc_r
                0x000849b4      0x3c0 c:/users/francesco/appdata/local/arduino15/packages/arduino/tools/arm-none-eabi-gcc/4.8.3-2014q1/bin/../lib/gcc/arm-none-eabi/4.8.3/../../../../arm-none-eabi/lib/armv7-m\libg.a(lib_a-reallocr.o)
                0x000849b4                _realloc_r
 .text._sbrk_r  0x00084d74       0x24 c:/users/francesco/appdata/local/arduino15/packages/arduino/tools/arm-none-eabi-gcc/4.8.3-2014q1/bin/../lib/gcc/arm-none-eabi/4.8.3/../../../../arm-none-eabi/lib/armv7-m\libg.a(lib_a-sbrkr.o)
                0x00084d74                _sbrk_r
 .text._kill_r  0x00084d98       0x28 c:/users/francesco/appdata/local/arduino15/packages/arduino/tools/arm-none-eabi-gcc/4.8.3-2014q1/bin/../lib/gcc/arm-none-eabi/4.8.3/../../../../arm-none-eabi/lib/armv7-m\libg.a(lib_a-signalr.o)
                0x00084d98                _kill_r
 .text.__sread  0x00084dc0       0x24 c:/users/francesco/appdata/local/arduino15/packages/arduino/tools/arm-none-eabi-gcc/4.8.3-2014q1/bin/../lib/gcc/arm-none-eabi/4.8.3/../../../../arm-none-eabi/lib/armv7-m\libg.a(lib_a-stdio.o)
                0x00084dc0                __sread
 .text.__swrite
                0x00084de4       0x38 c:/users/francesco/appdata/local/arduino15/packages/arduino/tools/arm-none-eabi-gcc/4.8.3-2014q1/bin/../lib/gcc/arm-none-eabi/4.8.3/../../../../arm-none-eabi/lib/armv7-m\libg.a(lib_a-stdio.o)
                0x00084de4                __swrite
 .text.__sseek  0x00084e1c       0x20 c:/users/francesco/appdata/local/arduino15/packages/arduino/tools/arm-none-eabi-gcc/4.8.3-2014q1/bin/../lib/gcc/arm-none-eabi/4.8.3/../../../../arm-none-eabi/lib/armv7-m\libg.a(lib_a-stdio.o)
                0x00084e1c                __sseek
 .text.__sclose
                0x00084e3c        0x8 c:/users/francesco/appdata/local/arduino15/packages/arduino/tools/arm-none-eabi-gcc/4.8.3-2014q1/bin/../lib/gcc/arm-none-eabi/4.8.3/../../../../arm-none-eabi/lib/armv7-m\libg.a(lib_a-stdio.o)
                0x00084e3c                __sclose
 .text.__swbuf_r
                0x00084e44       0xa8 c:/users/francesco/appdata/local/arduino15/packages/arduino/tools/arm-none-eabi-gcc/4.8.3-2014q1/bin/../lib/gcc/arm-none-eabi/4.8.3/../../../../arm-none-eabi/lib/armv7-m\libg.a(lib_a-wbuf.o)
                0x00084e44                __swbuf_r
 .text._wcrtomb_r
                0x00084eec       0x50 c:/users/francesco/appdata/local/arduino15/packages/arduino/tools/arm-none-eabi-gcc/4.8.3-2014q1/bin/../lib/gcc/arm-none-eabi/4.8.3/../../../../arm-none-eabi/lib/armv7-m\libg.a(lib_a-wcrtomb.o)
                0x00084eec                _wcrtomb_r
 .text.__ascii_wctomb
                0x00084f3c       0x1c c:/users/francesco/appdata/local/arduino15/packages/arduino/tools/arm-none-eabi-gcc/4.8.3-2014q1/bin/../lib/gcc/arm-none-eabi/4.8.3/../../../../arm-none-eabi/lib/armv7-m\libg.a(lib_a-wctomb_r.o)
                0x00084f3c                __ascii_wctomb
 .text._write_r
                0x00084f58       0x28 c:/users/francesco/appdata/local/arduino15/packages/arduino/tools/arm-none-eabi-gcc/4.8.3-2014q1/bin/../lib/gcc/arm-none-eabi/4.8.3/../../../../arm-none-eabi/lib/armv7-m\libg.a(lib_a-writer.o)
                0x00084f58                _write_r
 .text._close_r
                0x00084f80       0x24 c:/users/francesco/appdata/local/arduino15/packages/arduino/tools/arm-none-eabi-gcc/4.8.3-2014q1/bin/../lib/gcc/arm-none-eabi/4.8.3/../../../../arm-none-eabi/lib/armv7-m\libg.a(lib_a-closer.o)
                0x00084f80                _close_r
 .text._fclose_r
                0x00084fa4       0x80 c:/users/francesco/appdata/local/arduino15/packages/arduino/tools/arm-none-eabi-gcc/4.8.3-2014q1/bin/../lib/gcc/arm-none-eabi/4.8.3/../../../../arm-none-eabi/lib/armv7-m\libg.a(lib_a-fclose.o)
                0x00084fa4                _fclose_r
 .text.fclose   0x00085024       0x10 c:/users/francesco/appdata/local/arduino15/packages/arduino/tools/arm-none-eabi-gcc/4.8.3-2014q1/bin/../lib/gcc/arm-none-eabi/4.8.3/../../../../arm-none-eabi/lib/armv7-m\libg.a(lib_a-fclose.o)
                0x00085024                fclose
 .text._fstat_r
                0x00085034       0x28 c:/users/francesco/appdata/local/arduino15/packages/arduino/tools/arm-none-eabi-gcc/4.8.3-2014q1/bin/../lib/gcc/arm-none-eabi/4.8.3/../../../../arm-none-eabi/lib/armv7-m\libg.a(lib_a-fstatr.o)
                0x00085034                _fstat_r
 .text._isatty_r
                0x0008505c       0x24 c:/users/francesco/appdata/local/arduino15/packages/arduino/tools/arm-none-eabi-gcc/4.8.3-2014q1/bin/../lib/gcc/arm-none-eabi/4.8.3/../../../../arm-none-eabi/lib/armv7-m\libg.a(lib_a-isattyr.o)
                0x0008505c                _isatty_r
 .text._lseek_r
                0x00085080       0x28 c:/users/francesco/appdata/local/arduino15/packages/arduino/tools/arm-none-eabi-gcc/4.8.3-2014q1/bin/../lib/gcc/arm-none-eabi/4.8.3/../../../../arm-none-eabi/lib/armv7-m\libg.a(lib_a-lseekr.o)
                0x00085080                _lseek_r
 .text._read_r  0x000850a8       0x28 c:/users/francesco/appdata/local/arduino15/packages/arduino/tools/arm-none-eabi-gcc/4.8.3-2014q1/bin/../lib/gcc/arm-none-eabi/4.8.3/../../../../arm-none-eabi/lib/armv7-m\libg.a(lib_a-readr.o)
                0x000850a8                _read_r
 .text          0x000850d0       0x2c c:/users/francesco/appdata/local/arduino15/packages/arduino/tools/arm-none-eabi-gcc/4.8.3-2014q1/bin/../lib/gcc/arm-none-eabi/4.8.3/armv7-m\libgcc.a(_aeabi_uldivmod.o)
                0x000850d0                __aeabi_uldivmod
 .text          0x000850fc       0x60 c:/users/francesco/appdata/local/arduino15/packages/arduino/tools/arm-none-eabi-gcc/4.8.3-2014q1/bin/../lib/gcc/arm-none-eabi/4.8.3/armv7-m\libgcc.a(bpabi.o)
                0x000850fc                __gnu_ldivmod_helper
                0x0008512c                __gnu_uldivmod_helper
 .text          0x0008515c        0x4 c:/users/francesco/appdata/local/arduino15/packages/arduino/tools/arm-none-eabi-gcc/4.8.3-2014q1/bin/../lib/gcc/arm-none-eabi/4.8.3/armv7-m\libgcc.a(_dvmd_tls.o)
                0x0008515c                __aeabi_idiv0
                0x0008515c                __aeabi_ldiv0
 .text          0x00085160      0x2a0 c:/users/francesco/appdata/local/arduino15/packages/arduino/tools/arm-none-eabi-gcc/4.8.3-2014q1/bin/../lib/gcc/arm-none-eabi/4.8.3/armv7-m\libgcc.a(_divdi3.o)
                0x00085160                __divdi3
 .text          0x00085400      0x290 c:/users/francesco/appdata/local/arduino15/packages/arduino/tools/arm-none-eabi-gcc/4.8.3-2014q1/bin/../lib/gcc/arm-none-eabi/4.8.3/armv7-m\libgcc.a(_udivdi3.o)
                0x00085400                __udivdi3
 *(.glue_7t)
 .glue_7t       0x00000000        0x0 linker stubs
 *(.glue_7)
 .glue_7        0x00000000        0x0 linker stubs
 *(.rodata .rodata* .gnu.linkonce.r.*)
 .rodata.str1.1
                0x00085690        0x5 C:\Users\Francesco\AppData\Local\Temp\VMBuilds\simpleDemo\arduino_due_x_dbg\Release\simpleDemo.cpp.o
 *fill*         0x00085695        0x3 
 .rodata.g_APinDescription
                0x00085698      0xa2c C:\Users\Francesco\AppData\Local\Temp\VMBCore\arduino16x\5165b093ecfda1e84080b0d11f46da64\variant\variant.cpp.o
                0x00085698                g_APinDescription
 .rodata        0x000860c4       0x40 C:\Users\Francesco\AppData\Local\arduino15\packages\arduino\hardware\sam\1.6.9\variants\arduino_due_x/libsam_sam3x8e_gcc_rel.a(adc.o)
 .rodata.str1.1
                0x00086104       0x19 C:\Users\Francesco\AppData\Local\Temp\VMBuilds\simpleDemo\arduino_due_x_dbg\Release/core.a(syscalls_sam3.c.o)
 .rodata.str1.1
                0x0008611d       0x11 C:\Users\Francesco\AppData\Local\Temp\VMBuilds\simpleDemo\arduino_due_x_dbg\Release/core.a(Print.cpp.o)
 *fill*         0x0008612e        0x2 
 .rodata._ZTV9UARTClass
                0x00086130       0x30 C:\Users\Francesco\AppData\Local\Temp\VMBuilds\simpleDemo\arduino_due_x_dbg\Release/core.a(UARTClass.cpp.o)
                0x00086130                vtable for UARTClass
 .rodata._ZTV10USARTClass
                0x00086160       0x30 C:\Users\Francesco\AppData\Local\Temp\VMBuilds\simpleDemo\arduino_due_x_dbg\Release/core.a(USARTClass.cpp.o)
                0x00086160                vtable for USARTClass
 .rodata.STRING_PRODUCT
                0x00086190        0xc C:\Users\Francesco\AppData\Local\Temp\VMBuilds\simpleDemo\arduino_due_x_dbg\Release/core.a(USBCore.cpp.o)
                0x00086190                STRING_PRODUCT
 .rodata.USB_DeviceDescriptor
                0x0008619c       0x12 C:\Users\Francesco\AppData\Local\Temp\VMBuilds\simpleDemo\arduino_due_x_dbg\Release/core.a(USBCore.cpp.o)
                0x0008619c                USB_DeviceDescriptor
 .rodata.STRING_LANGUAGE
                0x000861ae        0x4 C:\Users\Francesco\AppData\Local\Temp\VMBuilds\simpleDemo\arduino_due_x_dbg\Release/core.a(USBCore.cpp.o)
                0x000861ae                STRING_LANGUAGE
 .rodata._ZL18test_packet_buffer
                0x000861b2       0x35 C:\Users\Francesco\AppData\Local\Temp\VMBuilds\simpleDemo\arduino_due_x_dbg\Release/core.a(USBCore.cpp.o)
 .rodata.STRING_MANUFACTURER
                0x000861e7        0xc C:\Users\Francesco\AppData\Local\Temp\VMBuilds\simpleDemo\arduino_due_x_dbg\Release/core.a(USBCore.cpp.o)
                0x000861e7                STRING_MANUFACTURER
 .rodata.USB_DeviceDescriptorA
                0x000861f3       0x12 C:\Users\Francesco\AppData\Local\Temp\VMBuilds\simpleDemo\arduino_due_x_dbg\Release/core.a(USBCore.cpp.o)
                0x000861f3                USB_DeviceDescriptorA
 .rodata._ZL19USB_DeviceQualifier
                0x00086205        0x9 C:\Users\Francesco\AppData\Local\Temp\VMBuilds\simpleDemo\arduino_due_x_dbg\Release/core.a(USBCore.cpp.o)
 *fill*         0x0008620e        0x2 
 .rodata._ZTV7Serial_
                0x00086210       0x28 C:\Users\Francesco\AppData\Local\Temp\VMBuilds\simpleDemo\arduino_due_x_dbg\Release/core.a(CDC.cpp.o)
                0x00086210                vtable for Serial_
 .rodata._ZL18_cdcOtherInterface
                0x00086238       0x42 C:\Users\Francesco\AppData\Local\Temp\VMBuilds\simpleDemo\arduino_due_x_dbg\Release/core.a(CDC.cpp.o)
 .rodata._ZL13_cdcInterface
                0x0008627a       0x42 C:\Users\Francesco\AppData\Local\Temp\VMBuilds\simpleDemo\arduino_due_x_dbg\Release/core.a(CDC.cpp.o)
 .rodata.str1.4
                0x000862bc        0x2 c:/users/francesco/appdata/local/arduino15/packages/arduino/tools/arm-none-eabi-gcc/4.8.3-2014q1/bin/../lib/gcc/arm-none-eabi/4.8.3/../../../../arm-none-eabi/lib/armv7-m\libg.a(lib_a-impure.o)
                                  0x4 (size before relaxing)
 *fill*         0x000862be        0x2 
 .rodata._global_impure_ptr
                0x000862c0        0x4 c:/users/francesco/appdata/local/arduino15/packages/arduino/tools/arm-none-eabi-gcc/4.8.3-2014q1/bin/../lib/gcc/arm-none-eabi/4.8.3/../../../../arm-none-eabi/lib/armv7-m\libg.a(lib_a-impure.o)
                0x000862c0                _global_impure_ptr
 .rodata.blanks.6717
                0x000862c4       0x10 c:/users/francesco/appdata/local/arduino15/packages/arduino/tools/arm-none-eabi-gcc/4.8.3-2014q1/bin/../lib/gcc/arm-none-eabi/4.8.3/../../../../arm-none-eabi/lib/armv7-m\libg.a(lib_a-vfiprintf.o)
 .rodata.str1.4
                0x000862d4       0x30 c:/users/francesco/appdata/local/arduino15/packages/arduino/tools/arm-none-eabi-gcc/4.8.3-2014q1/bin/../lib/gcc/arm-none-eabi/4.8.3/../../../../arm-none-eabi/lib/armv7-m\libg.a(lib_a-vfiprintf.o)
 .rodata.zeroes.6718
                0x00086304       0x10 c:/users/francesco/appdata/local/arduino15/packages/arduino/tools/arm-none-eabi-gcc/4.8.3-2014q1/bin/../lib/gcc/arm-none-eabi/4.8.3/../../../../arm-none-eabi/lib/armv7-m\libg.a(lib_a-vfiprintf.o)
 *(.ARM.extab* .gnu.linkonce.armextab.*)
                0x00086314                . = ALIGN (0x4)
 *(.init)
 .init          0x00086314        0x4 c:/users/francesco/appdata/local/arduino15/packages/arduino/tools/arm-none-eabi-gcc/4.8.3-2014q1/bin/../lib/gcc/arm-none-eabi/4.8.3/armv7-m/crti.o
                0x00086314                _init
 .init          0x00086318        0x8 c:/users/francesco/appdata/local/arduino15/packages/arduino/tools/arm-none-eabi-gcc/4.8.3-2014q1/bin/../lib/gcc/arm-none-eabi/4.8.3/armv7-m/crtn.o
                0x00086320                . = ALIGN (0x4)
                0x00086320                __preinit_array_start = .
 *(.preinit_array)
                0x00086320                __preinit_array_end = .
                0x00086320                . = ALIGN (0x4)
                0x00086320                __init_array_start = .
 *(SORT(.init_array.*))
 .init_array.00000
                0x00086320        0x4 c:/users/francesco/appdata/local/arduino15/packages/arduino/tools/arm-none-eabi-gcc/4.8.3-2014q1/bin/../lib/gcc/arm-none-eabi/4.8.3/../../../../arm-none-eabi/lib/armv7-m\libg.a(lib_a-__call_atexit.o)
 *(.init_array)
 .init_array    0x00086324        0x4 c:/users/francesco/appdata/local/arduino15/packages/arduino/tools/arm-none-eabi-gcc/4.8.3-2014q1/bin/../lib/gcc/arm-none-eabi/4.8.3/armv7-m/crtbegin.o
 .init_array    0x00086328        0x4 C:\Users\Francesco\AppData\Local\Temp\VMBuilds\simpleDemo\arduino_due_x_dbg\Release\simpleDemo.cpp.o
 .init_array    0x0008632c        0x4 C:\Users\Francesco\AppData\Local\Temp\VMBCore\arduino16x\5165b093ecfda1e84080b0d11f46da64\variant\variant.cpp.o
 .init_array    0x00086330        0x4 C:\Users\Francesco\AppData\Local\Temp\VMBuilds\simpleDemo\arduino_due_x_dbg\Release/core.a(USBCore.cpp.o)
 .init_array    0x00086334        0x4 C:\Users\Francesco\AppData\Local\Temp\VMBuilds\simpleDemo\arduino_due_x_dbg\Release/core.a(CDC.cpp.o)
                0x00086338                __init_array_end = .
                0x00086338                . = ALIGN (0x4)
 *crtbegin.o(.ctors)
 *(EXCLUDE_FILE(*crtend.o) .ctors)
 *(SORT(.ctors.*))
 *crtend.o(.ctors)
                0x00086338                . = ALIGN (0x4)
 *(.fini)
 .fini          0x00086338        0x4 c:/users/francesco/appdata/local/arduino15/packages/arduino/tools/arm-none-eabi-gcc/4.8.3-2014q1/bin/../lib/gcc/arm-none-eabi/4.8.3/armv7-m/crti.o
                0x00086338                _fini
 .fini          0x0008633c        0x8 c:/users/francesco/appdata/local/arduino15/packages/arduino/tools/arm-none-eabi-gcc/4.8.3-2014q1/bin/../lib/gcc/arm-none-eabi/4.8.3/armv7-m/crtn.o
                0x00086344                . = ALIGN (0x4)
                0x00086344                __fini_array_start = .
 *(.fini_array)
 .fini_array    0x00086344        0x4 c:/users/francesco/appdata/local/arduino15/packages/arduino/tools/arm-none-eabi-gcc/4.8.3-2014q1/bin/../lib/gcc/arm-none-eabi/4.8.3/armv7-m/crtbegin.o
 *(SORT(.fini_array.*))
                0x00086348                __fini_array_end = .
 *crtbegin.o(.dtors)
 *(EXCLUDE_FILE(*crtend.o) .dtors)
 *(SORT(.dtors.*))
 *crtend.o(.dtors)
                0x00086348                . = ALIGN (0x4)
                0x00086348                _efixed = .
                0x00086348                PROVIDE (__exidx_start, .)

.vfp11_veneer   0x00086348        0x0
 .vfp11_veneer  0x00000000        0x0 linker stubs

.v4_bx          0x00086348        0x0
 .v4_bx         0x00000000        0x0 linker stubs

.iplt           0x00086348        0x0
 .iplt          0x00000000        0x0 c:/users/francesco/appdata/local/arduino15/packages/arduino/tools/arm-none-eabi-gcc/4.8.3-2014q1/bin/../lib/gcc/arm-none-eabi/4.8.3/armv7-m/crtbegin.o

.ARM.exidx      0x00086348        0x8
 *(.ARM.exidx* .gnu.linkonce.armexidx.*)
 .ARM.exidx     0x00086348        0x8 c:/users/francesco/appdata/local/arduino15/packages/arduino/tools/arm-none-eabi-gcc/4.8.3-2014q1/bin/../lib/gcc/arm-none-eabi/4.8.3/armv7-m\libgcc.a(_divdi3.o)
 .ARM.exidx     0x00086350        0x0 c:/users/francesco/appdata/local/arduino15/packages/arduino/tools/arm-none-eabi-gcc/4.8.3-2014q1/bin/../lib/gcc/arm-none-eabi/4.8.3/armv7-m\libgcc.a(_udivdi3.o)
                                  0x8 (size before relaxing)
                0x00086350                PROVIDE (__exidx_end, .)

.eh_frame       0x00086350        0x0
 .eh_frame      0x00086350        0x0 c:/users/francesco/appdata/local/arduino15/packages/arduino/tools/arm-none-eabi-gcc/4.8.3-2014q1/bin/../lib/gcc/arm-none-eabi/4.8.3/armv7-m/crtbegin.o

.rel.dyn        0x00086350        0x0
 .rel.iplt      0x00000000        0x0 c:/users/francesco/appdata/local/arduino15/packages/arduino/tools/arm-none-eabi-gcc/4.8.3-2014q1/bin/../lib/gcc/arm-none-eabi/4.8.3/armv7-m/crtbegin.o

.jcr            0x00086350        0x0
 .jcr           0x00086350        0x0 c:/users/francesco/appdata/local/arduino15/packages/arduino/tools/arm-none-eabi-gcc/4.8.3-2014q1/bin/../lib/gcc/arm-none-eabi/4.8.3/armv7-m/crtbegin.o

.igot.plt       0x00086350        0x0
 .igot.plt      0x00000000        0x0 c:/users/francesco/appdata/local/arduino15/packages/arduino/tools/arm-none-eabi-gcc/4.8.3-2014q1/bin/../lib/gcc/arm-none-eabi/4.8.3/armv7-m/crtbegin.o
                0x00086350                . = ALIGN (0x4)
                0x00086350                _etext = .

.relocate       0x20070000      0x8dc load address 0x00086350
                0x20070000                . = ALIGN (0x4)
                0x20070000                _srelocate = .
 *(.ramfunc .ramfunc.*)
 .ramfunc       0x20070000       0x2c C:\Users\Francesco\AppData\Local\Temp\VMBuilds\simpleDemo\arduino_due_x_dbg\Release/core.a(Reset.cpp.o)
                0x20070000                banzai
 *(.data .data.*)
 .data          0x2007002c        0x4 c:/users/francesco/appdata/local/arduino15/packages/arduino/tools/arm-none-eabi-gcc/4.8.3-2014q1/bin/../lib/gcc/arm-none-eabi/4.8.3/armv7-m/crtbegin.o
                0x2007002c                __dso_handle
 .data.SystemCoreClock
                0x20070030        0x4 C:\Users\Francesco\AppData\Local\arduino15\packages\arduino\hardware\sam\1.6.9\variants\arduino_due_x/libsam_sam3x8e_gcc_rel.a(system_sam3xa.o)
                0x20070030                SystemCoreClock
 .data.latestSelectedChannel.9384
                0x20070034        0x4 C:\Users\Francesco\AppData\Local\Temp\VMBuilds\simpleDemo\arduino_due_x_dbg\Release/core.a(wiring_analog.c.o)
 .data._readResolution
                0x20070038        0x4 C:\Users\Francesco\AppData\Local\Temp\VMBuilds\simpleDemo\arduino_due_x_dbg\Release/core.a(wiring_analog.c.o)
 .data._ZL5ticks
                0x2007003c        0x4 C:\Users\Francesco\AppData\Local\Temp\VMBuilds\simpleDemo\arduino_due_x_dbg\Release/core.a(Reset.cpp.o)
 .data.EndPoints
                0x20070040       0x28 C:\Users\Francesco\AppData\Local\Temp\VMBuilds\simpleDemo\arduino_due_x_dbg\Release/core.a(USBCore.cpp.o)
                0x20070040                EndPoints
 .data._ZL10breakValue
                0x20070068        0x4 C:\Users\Francesco\AppData\Local\Temp\VMBuilds\simpleDemo\arduino_due_x_dbg\Release/core.a(CDC.cpp.o)
 .data._ZL12_usbLineInfo
                0x2007006c        0x8 C:\Users\Francesco\AppData\Local\Temp\VMBuilds\simpleDemo\arduino_due_x_dbg\Release/core.a(CDC.cpp.o)
 .data.g_interrupt_enabled
                0x20070074        0x4 C:\Users\Francesco\AppData\Local\arduino15\packages\arduino\hardware\sam\1.6.9\variants\arduino_due_x/libsam_sam3x8e_gcc_rel.a(interrupt_sam_nvic.o)
                0x20070074                g_interrupt_enabled
 .data.impure_data
                0x20070078      0x428 c:/users/francesco/appdata/local/arduino15/packages/arduino/tools/arm-none-eabi-gcc/4.8.3-2014q1/bin/../lib/gcc/arm-none-eabi/4.8.3/../../../../arm-none-eabi/lib/armv7-m\libg.a(lib_a-impure.o)
 .data._impure_ptr
                0x200704a0        0x4 c:/users/francesco/appdata/local/arduino15/packages/arduino/tools/arm-none-eabi-gcc/4.8.3-2014q1/bin/../lib/gcc/arm-none-eabi/4.8.3/../../../../arm-none-eabi/lib/armv7-m\libg.a(lib_a-impure.o)
                0x200704a0                _impure_ptr
 .data.lc_ctype_charset
                0x200704a4       0x20 c:/users/francesco/appdata/local/arduino15/packages/arduino/tools/arm-none-eabi-gcc/4.8.3-2014q1/bin/../lib/gcc/arm-none-eabi/4.8.3/../../../../arm-none-eabi/lib/armv7-m\libg.a(lib_a-locale.o)
 .data.__mb_cur_max
                0x200704c4        0x4 c:/users/francesco/appdata/local/arduino15/packages/arduino/tools/arm-none-eabi-gcc/4.8.3-2014q1/bin/../lib/gcc/arm-none-eabi/4.8.3/../../../../arm-none-eabi/lib/armv7-m\libg.a(lib_a-locale.o)
                0x200704c4                __mb_cur_max
 .data.__malloc_av_
                0x200704c8      0x408 c:/users/francesco/appdata/local/arduino15/packages/arduino/tools/arm-none-eabi-gcc/4.8.3-2014q1/bin/../lib/gcc/arm-none-eabi/4.8.3/../../../../arm-none-eabi/lib/armv7-m\libg.a(lib_a-mallocr.o)
                0x200704c8                __malloc_av_
 .data.__malloc_trim_threshold
                0x200708d0        0x4 c:/users/francesco/appdata/local/arduino15/packages/arduino/tools/arm-none-eabi-gcc/4.8.3-2014q1/bin/../lib/gcc/arm-none-eabi/4.8.3/../../../../arm-none-eabi/lib/armv7-m\libg.a(lib_a-mallocr.o)
                0x200708d0                __malloc_trim_threshold
 .data.__malloc_sbrk_base
                0x200708d4        0x4 c:/users/francesco/appdata/local/arduino15/packages/arduino/tools/arm-none-eabi-gcc/4.8.3-2014q1/bin/../lib/gcc/arm-none-eabi/4.8.3/../../../../arm-none-eabi/lib/armv7-m\libg.a(lib_a-mallocr.o)
                0x200708d4                __malloc_sbrk_base
 .data.__wctomb
                0x200708d8        0x4 c:/users/francesco/appdata/local/arduino15/packages/arduino/tools/arm-none-eabi-gcc/4.8.3-2014q1/bin/../lib/gcc/arm-none-eabi/4.8.3/../../../../arm-none-eabi/lib/armv7-m\libg.a(lib_a-wctomb_r.o)
                0x200708d8                __wctomb
                0x200708dc                . = ALIGN (0x4)
                0x200708dc                _erelocate = .

.bss            0x200708dc      0x848 load address 0x00086c2c
                0x200708dc                . = ALIGN (0x4)
                0x200708dc                _sbss = .
                0x200708dc                _szero = .
 *(.bss .bss.*)
 .bss           0x200708dc       0x1c c:/users/francesco/appdata/local/arduino15/packages/arduino/tools/arm-none-eabi-gcc/4.8.3-2014q1/bin/../lib/gcc/arm-none-eabi/4.8.3/armv7-m/crtbegin.o
 .bss.st        0x200708f8       0x18 C:\Users\Francesco\AppData\Local\Temp\VMBuilds\simpleDemo\arduino_due_x_dbg\Release\simpleDemo.cpp.o
                0x200708f8                st
 .bss.ain       0x20070910        0x8 C:\Users\Francesco\AppData\Local\Temp\VMBuilds\simpleDemo\arduino_due_x_dbg\Release\simpleDemo.cpp.o
                0x20070910                ain
 .bss.tx_buffer2
                0x20070918       0x88 C:\Users\Francesco\AppData\Local\Temp\VMBCore\arduino16x\5165b093ecfda1e84080b0d11f46da64\variant\variant.cpp.o
                0x20070918                tx_buffer2
 .bss.tx_buffer1
                0x200709a0       0x88 C:\Users\Francesco\AppData\Local\Temp\VMBCore\arduino16x\5165b093ecfda1e84080b0d11f46da64\variant\variant.cpp.o
                0x200709a0                tx_buffer1
 .bss.Serial    0x20070a28       0x24 C:\Users\Francesco\AppData\Local\Temp\VMBCore\arduino16x\5165b093ecfda1e84080b0d11f46da64\variant\variant.cpp.o
                0x20070a28                Serial
 .bss.rx_buffer1
                0x20070a4c       0x88 C:\Users\Francesco\AppData\Local\Temp\VMBCore\arduino16x\5165b093ecfda1e84080b0d11f46da64\variant\variant.cpp.o
                0x20070a4c                rx_buffer1
 .bss.Serial1   0x20070ad4       0x28 C:\Users\Francesco\AppData\Local\Temp\VMBCore\arduino16x\5165b093ecfda1e84080b0d11f46da64\variant\variant.cpp.o
                0x20070ad4                Serial1
 .bss.Serial2   0x20070afc       0x28 C:\Users\Francesco\AppData\Local\Temp\VMBCore\arduino16x\5165b093ecfda1e84080b0d11f46da64\variant\variant.cpp.o
                0x20070afc                Serial2
 .bss.Serial3   0x20070b24       0x28 C:\Users\Francesco\AppData\Local\Temp\VMBCore\arduino16x\5165b093ecfda1e84080b0d11f46da64\variant\variant.cpp.o
                0x20070b24                Serial3
 .bss.tx_buffer3
                0x20070b4c       0x88 C:\Users\Francesco\AppData\Local\Temp\VMBCore\arduino16x\5165b093ecfda1e84080b0d11f46da64\variant\variant.cpp.o
                0x20070b4c                tx_buffer3
 .bss.tx_buffer4
                0x20070bd4       0x88 C:\Users\Francesco\AppData\Local\Temp\VMBCore\arduino16x\5165b093ecfda1e84080b0d11f46da64\variant\variant.cpp.o
                0x20070bd4                tx_buffer4
 .bss.g_pinStatus
                0x20070c5c       0x4f C:\Users\Francesco\AppData\Local\Temp\VMBCore\arduino16x\5165b093ecfda1e84080b0d11f46da64\variant\variant.cpp.o
                0x20070c5c                g_pinStatus
 *fill*         0x20070cab        0x1 
 .bss.rx_buffer2
                0x20070cac       0x88 C:\Users\Francesco\AppData\Local\Temp\VMBCore\arduino16x\5165b093ecfda1e84080b0d11f46da64\variant\variant.cpp.o
                0x20070cac                rx_buffer2
 .bss.rx_buffer3
                0x20070d34       0x88 C:\Users\Francesco\AppData\Local\Temp\VMBCore\arduino16x\5165b093ecfda1e84080b0d11f46da64\variant\variant.cpp.o
                0x20070d34                rx_buffer3
 .bss.rx_buffer4
                0x20070dbc       0x88 C:\Users\Francesco\AppData\Local\Temp\VMBCore\arduino16x\5165b093ecfda1e84080b0d11f46da64\variant\variant.cpp.o
                0x20070dbc                rx_buffer4
 .bss.gpf_isr   0x20070e44        0x4 C:\Users\Francesco\AppData\Local\arduino15\packages\arduino\hardware\sam\1.6.9\variants\arduino_due_x/libsam_sam3x8e_gcc_rel.a(uotghs.o)
                0x20070e44                gpf_isr
 .bss.heap.6420
                0x20070e48        0x4 C:\Users\Francesco\AppData\Local\Temp\VMBuilds\simpleDemo\arduino_due_x_dbg\Release/core.a(syscalls_sam3.c.o)
 .bss._cmark    0x20070e4c        0x2 C:\Users\Francesco\AppData\Local\Temp\VMBuilds\simpleDemo\arduino_due_x_dbg\Release/core.a(USBCore.cpp.o)
                0x20070e4c                _cmark
 .bss._ZL14isEndpointHalt
                0x20070e4e        0x1 C:\Users\Francesco\AppData\Local\Temp\VMBuilds\simpleDemo\arduino_due_x_dbg\Release/core.a(USBCore.cpp.o)
 *fill*         0x20070e4f        0x1 
 .bss._cdcComposite
                0x20070e50        0x4 C:\Users\Francesco\AppData\Local\Temp\VMBuilds\simpleDemo\arduino_due_x_dbg\Release/core.a(USBCore.cpp.o)
                0x20070e50                _cdcComposite
 .bss._ZL21isRemoteWakeUpEnabled
                0x20070e54        0x1 C:\Users\Francesco\AppData\Local\Temp\VMBuilds\simpleDemo\arduino_due_x_dbg\Release/core.a(USBCore.cpp.o)
 *fill*         0x20070e55        0x3 
 .bss._usbInitialized
                0x20070e58        0x4 C:\Users\Francesco\AppData\Local\Temp\VMBuilds\simpleDemo\arduino_due_x_dbg\Release/core.a(USBCore.cpp.o)
                0x20070e58                _usbInitialized
 .bss.USBDevice
                0x20070e5c        0x1 C:\Users\Francesco\AppData\Local\Temp\VMBuilds\simpleDemo\arduino_due_x_dbg\Release/core.a(USBCore.cpp.o)
                0x20070e5c                USBDevice
 *fill*         0x20070e5d        0x3 
 .bss._usbSetInterface
                0x20070e60        0x4 C:\Users\Francesco\AppData\Local\Temp\VMBuilds\simpleDemo\arduino_due_x_dbg\Release/core.a(USBCore.cpp.o)
                0x20070e60                _usbSetInterface
 .bss._cend     0x20070e64        0x2 C:\Users\Francesco\AppData\Local\Temp\VMBuilds\simpleDemo\arduino_due_x_dbg\Release/core.a(USBCore.cpp.o)
                0x20070e64                _cend
 *fill*         0x20070e66        0x2 
 .bss._usbConfiguration
                0x20070e68        0x4 C:\Users\Francesco\AppData\Local\Temp\VMBuilds\simpleDemo\arduino_due_x_dbg\Release/core.a(USBCore.cpp.o)
                0x20070e68                _usbConfiguration
 .bss.cdc_rx_buffer
                0x20070e6c      0x208 C:\Users\Francesco\AppData\Local\Temp\VMBuilds\simpleDemo\arduino_due_x_dbg\Release/core.a(CDC.cpp.o)
                0x20070e6c                cdc_rx_buffer
 .bss._ZZN7Serial_6acceptEvE5guard
                0x20071074        0x4 C:\Users\Francesco\AppData\Local\Temp\VMBuilds\simpleDemo\arduino_due_x_dbg\Release/core.a(CDC.cpp.o)
 .bss.SerialUSB
                0x20071078       0x14 C:\Users\Francesco\AppData\Local\Temp\VMBuilds\simpleDemo\arduino_due_x_dbg\Release/core.a(CDC.cpp.o)
                0x20071078                SerialUSB
 .bss._ZZ12PluggableUSBvE3obj
                0x2007108c        0x8 C:\Users\Francesco\AppData\Local\Temp\VMBuilds\simpleDemo\arduino_due_x_dbg\Release/core.a(PluggableUSB.cpp.o)
 .bss._ZGVZ12PluggableUSBvE3obj
                0x20071094        0x4 C:\Users\Francesco\AppData\Local\Temp\VMBuilds\simpleDemo\arduino_due_x_dbg\Release/core.a(PluggableUSB.cpp.o)
 .bss._dwTickCount
                0x20071098        0x4 C:\Users\Francesco\AppData\Local\arduino15\packages\arduino\hardware\sam\1.6.9\variants\arduino_due_x/libsam_sam3x8e_gcc_rel.a(timetick.o)
 .bss.ul_recv_fifo_ptr
                0x2007109c       0x28 C:\Users\Francesco\AppData\Local\arduino15\packages\arduino\hardware\sam\1.6.9\variants\arduino_due_x/libsam_sam3x8e_gcc_rel.a(uotghs_device.o)
 .bss.ul_send_fifo_ptr
                0x200710c4       0x28 C:\Users\Francesco\AppData\Local\arduino15\packages\arduino\hardware\sam\1.6.9\variants\arduino_due_x/libsam_sam3x8e_gcc_rel.a(uotghs_device.o)
 .bss.__malloc_max_total_mem
                0x200710ec        0x4 c:/users/francesco/appdata/local/arduino15/packages/arduino/tools/arm-none-eabi-gcc/4.8.3-2014q1/bin/../lib/gcc/arm-none-eabi/4.8.3/../../../../arm-none-eabi/lib/armv7-m\libg.a(lib_a-mallocr.o)
                0x200710ec                __malloc_max_total_mem
 .bss.__malloc_max_sbrked_mem
                0x200710f0        0x4 c:/users/francesco/appdata/local/arduino15/packages/arduino/tools/arm-none-eabi-gcc/4.8.3-2014q1/bin/../lib/gcc/arm-none-eabi/4.8.3/../../../../arm-none-eabi/lib/armv7-m\libg.a(lib_a-mallocr.o)
                0x200710f0                __malloc_max_sbrked_mem
 .bss.__malloc_top_pad
                0x200710f4        0x4 c:/users/francesco/appdata/local/arduino15/packages/arduino/tools/arm-none-eabi-gcc/4.8.3-2014q1/bin/../lib/gcc/arm-none-eabi/4.8.3/../../../../arm-none-eabi/lib/armv7-m\libg.a(lib_a-mallocr.o)
                0x200710f4                __malloc_top_pad
 .bss.__malloc_current_mallinfo
                0x200710f8       0x28 c:/users/francesco/appdata/local/arduino15/packages/arduino/tools/arm-none-eabi-gcc/4.8.3-2014q1/bin/../lib/gcc/arm-none-eabi/4.8.3/../../../../arm-none-eabi/lib/armv7-m\libg.a(lib_a-mallocr.o)
                0x200710f8                __malloc_current_mallinfo
 *(COMMON)
 COMMON         0x20071120        0x4 c:/users/francesco/appdata/local/arduino15/packages/arduino/tools/arm-none-eabi-gcc/4.8.3-2014q1/bin/../lib/gcc/arm-none-eabi/4.8.3/../../../../arm-none-eabi/lib/armv7-m\libg.a(lib_a-reent.o)
                0x20071120                errno
                0x20071124                . = ALIGN (0x4)
                0x20071124                _ebss = .
                0x20071124                _ezero = .
                0x20071124                . = ALIGN (0x4)
                0x20071124                _end = .

.stack_dummy    0x20071124        0x0
 *(.stack*)
                0x20088000                __StackTop = (ORIGIN (ram) + 0x18000)
                0x20088000                __StackLimit = (__StackTop - SIZEOF (.stack_dummy))
                0x20088000                PROVIDE (_sstack, __StackLimit)
                0x20088000                PROVIDE (_estack, __StackTop)
OUTPUT(C:\Users\Francesco\AppData\Local\Temp\VMBuilds\simpleDemo\arduino_due_x_dbg\Release/simpleDemo.ino.elf elf32-littlearm)

.ARM.attributes
                0x00000000       0x29
 .ARM.attributes
                0x00000000       0x1d c:/users/francesco/appdata/local/arduino15/packages/arduino/tools/arm-none-eabi-gcc/4.8.3-2014q1/bin/../lib/gcc/arm-none-eabi/4.8.3/armv7-m/crti.o
 .ARM.attributes
                0x0000001d       0x2d c:/users/francesco/appdata/local/arduino15/packages/arduino/tools/arm-none-eabi-gcc/4.8.3-2014q1/bin/../lib/gcc/arm-none-eabi/4.8.3/armv7-m/crtbegin.o
 .ARM.attributes
                0x0000004a       0x33 C:\Users\Francesco\AppData\Local\Temp\VMBuilds\simpleDemo\arduino_due_x_dbg\Release\simpleDemo.cpp.o
 .ARM.attributes
                0x0000007d       0x33 C:\Users\Francesco\AppData\Local\Temp\VMBuilds\simpleDemo\arduino_due_x_dbg\Release\schmittTrigger\schmittTrigger.cpp.o
 .ARM.attributes
                0x000000b0       0x33 C:\Users\Francesco\AppData\Local\Temp\VMBCore\arduino16x\5165b093ecfda1e84080b0d11f46da64\variant\variant.cpp.o
 .ARM.attributes
                0x000000e3       0x33 C:\Users\Francesco\AppData\Local\arduino15\packages\arduino\hardware\sam\1.6.9\variants\arduino_due_x/libsam_sam3x8e_gcc_rel.a(pio.o)
 .ARM.attributes
                0x00000116       0x33 C:\Users\Francesco\AppData\Local\arduino15\packages\arduino\hardware\sam\1.6.9\variants\arduino_due_x/libsam_sam3x8e_gcc_rel.a(pmc.o)
 .ARM.attributes
                0x00000149       0x33 C:\Users\Francesco\AppData\Local\arduino15\packages\arduino\hardware\sam\1.6.9\variants\arduino_due_x/libsam_sam3x8e_gcc_rel.a(system_sam3xa.o)
 .ARM.attributes
                0x0000017c       0x33 C:\Users\Francesco\AppData\Local\arduino15\packages\arduino\hardware\sam\1.6.9\variants\arduino_due_x/libsam_sam3x8e_gcc_rel.a(startup_sam3xa.o)
 .ARM.attributes
                0x000001af       0x33 C:\Users\Francesco\AppData\Local\arduino15\packages\arduino\hardware\sam\1.6.9\variants\arduino_due_x/libsam_sam3x8e_gcc_rel.a(adc.o)
 .ARM.attributes
                0x000001e2       0x33 C:\Users\Francesco\AppData\Local\arduino15\packages\arduino\hardware\sam\1.6.9\variants\arduino_due_x/libsam_sam3x8e_gcc_rel.a(uotghs.o)
 .ARM.attributes
                0x00000215       0x33 C:\Users\Francesco\AppData\Local\Temp\VMBuilds\simpleDemo\arduino_due_x_dbg\Release/core.a(cortex_handlers.c.o)
 .ARM.attributes
                0x00000248       0x33 C:\Users\Francesco\AppData\Local\Temp\VMBuilds\simpleDemo\arduino_due_x_dbg\Release/core.a(hooks.c.o)
 .ARM.attributes
                0x0000027b       0x33 C:\Users\Francesco\AppData\Local\Temp\VMBuilds\simpleDemo\arduino_due_x_dbg\Release/core.a(syscalls_sam3.c.o)
 .ARM.attributes
                0x000002ae       0x33 C:\Users\Francesco\AppData\Local\Temp\VMBuilds\simpleDemo\arduino_due_x_dbg\Release/core.a(wiring.c.o)
 .ARM.attributes
                0x000002e1       0x33 C:\Users\Francesco\AppData\Local\Temp\VMBuilds\simpleDemo\arduino_due_x_dbg\Release/core.a(wiring_analog.c.o)
 .ARM.attributes
                0x00000314       0x33 C:\Users\Francesco\AppData\Local\Temp\VMBuilds\simpleDemo\arduino_due_x_dbg\Release/core.a(wiring_digital.c.o)
 .ARM.attributes
                0x00000347       0x33 C:\Users\Francesco\AppData\Local\Temp\VMBuilds\simpleDemo\arduino_due_x_dbg\Release/core.a(main.cpp.o)
 .ARM.attributes
                0x0000037a       0x33 C:\Users\Francesco\AppData\Local\Temp\VMBuilds\simpleDemo\arduino_due_x_dbg\Release/core.a(Print.cpp.o)
 .ARM.attributes
                0x000003ad       0x33 C:\Users\Francesco\AppData\Local\Temp\VMBuilds\simpleDemo\arduino_due_x_dbg\Release/core.a(Reset.cpp.o)
 .ARM.attributes
                0x000003e0       0x33 C:\Users\Francesco\AppData\Local\Temp\VMBuilds\simpleDemo\arduino_due_x_dbg\Release/core.a(RingBuffer.cpp.o)
 .ARM.attributes
                0x00000413       0x33 C:\Users\Francesco\AppData\Local\Temp\VMBuilds\simpleDemo\arduino_due_x_dbg\Release/core.a(UARTClass.cpp.o)
 .ARM.attributes
                0x00000446       0x33 C:\Users\Francesco\AppData\Local\Temp\VMBuilds\simpleDemo\arduino_due_x_dbg\Release/core.a(USARTClass.cpp.o)
 .ARM.attributes
                0x00000479       0x33 C:\Users\Francesco\AppData\Local\Temp\VMBuilds\simpleDemo\arduino_due_x_dbg\Release/core.a(watchdog.cpp.o)
 .ARM.attributes
                0x000004ac       0x33 C:\Users\Francesco\AppData\Local\Temp\VMBuilds\simpleDemo\arduino_due_x_dbg\Release/core.a(USBCore.cpp.o)
 .ARM.attributes
                0x000004df       0x33 C:\Users\Francesco\AppData\Local\Temp\VMBuilds\simpleDemo\arduino_due_x_dbg\Release/core.a(CDC.cpp.o)
 .ARM.attributes
                0x00000512       0x33 C:\Users\Francesco\AppData\Local\Temp\VMBuilds\simpleDemo\arduino_due_x_dbg\Release/core.a(PluggableUSB.cpp.o)
 .ARM.attributes
                0x00000545       0x33 C:\Users\Francesco\AppData\Local\arduino15\packages\arduino\hardware\sam\1.6.9\variants\arduino_due_x/libsam_sam3x8e_gcc_rel.a(timetick.o)
 .ARM.attributes
                0x00000578       0x33 C:\Users\Francesco\AppData\Local\arduino15\packages\arduino\hardware\sam\1.6.9\variants\arduino_due_x/libsam_sam3x8e_gcc_rel.a(wdt.o)
 .ARM.attributes