Archive member included because of file (symbol)

C:\Users\Francesco\AppData\Local\arduino15\packages\arduino\hardware\sam\1.6.12\variants\arduino_due_x/libsam_sam3x8e_gcc_rel.a(pio.o)
                              C:\Users\Francesco\AppData\Local\Temp\VMBCore\arduino16x\b9a57376191cbc57cfb08b08824091cb\variant\variant.cpp.o (PIO_Configure)
C:\Users\Francesco\AppData\Local\arduino15\packages\arduino\hardware\sam\1.6.12\variants\arduino_due_x/libsam_sam3x8e_gcc_rel.a(pmc.o)
                              C:\Users\Francesco\AppData\Local\Temp\VMBCore\arduino16x\b9a57376191cbc57cfb08b08824091cb\variant\variant.cpp.o (pmc_enable_periph_clk)
C:\Users\Francesco\AppData\Local\arduino15\packages\arduino\hardware\sam\1.6.12\variants\arduino_due_x/libsam_sam3x8e_gcc_rel.a(system_sam3xa.o)
                              C:\Users\Francesco\AppData\Local\Temp\VMBCore\arduino16x\b9a57376191cbc57cfb08b08824091cb\variant\variant.cpp.o (SystemInit)
C:\Users\Francesco\AppData\Local\arduino15\packages\arduino\hardware\sam\1.6.12\variants\arduino_due_x/libsam_sam3x8e_gcc_rel.a(startup_sam3xa.o)
                              (Reset_Handler)
C:\Users\Francesco\AppData\Local\arduino15\packages\arduino\hardware\sam\1.6.12\variants\arduino_due_x/libsam_sam3x8e_gcc_rel.a(adc.o)
                              C:\Users\Francesco\AppData\Local\Temp\VMBCore\arduino16x\b9a57376191cbc57cfb08b08824091cb\variant\variant.cpp.o (adc_init)
C:\Users\Francesco\AppData\Local\arduino15\packages\arduino\hardware\sam\1.6.12\variants\arduino_due_x/libsam_sam3x8e_gcc_rel.a(uotghs.o)
                              C:\Users\Francesco\AppData\Local\arduino15\packages\arduino\hardware\sam\1.6.12\variants\arduino_due_x/libsam_sam3x8e_gcc_rel.a(startup_sam3xa.o) (UOTGHS_Handler)
C:\Users\Francesco\AppData\Local\Temp\VMBuilds\simpleDemo\arduino_due_x_dbg\Release/core.a(cortex_handlers.c.o)
                              C:\Users\Francesco\AppData\Local\arduino15\packages\arduino\hardware\sam\1.6.12\variants\arduino_due_x/libsam_sam3x8e_gcc_rel.a(startup_sam3xa.o) (NMI_Handler)
C:\Users\Francesco\AppData\Local\Temp\VMBuilds\simpleDemo\arduino_due_x_dbg\Release/core.a(hooks.c.o)
                              C:\Users\Francesco\AppData\Local\Temp\VMBuilds\simpleDemo\arduino_due_x_dbg\Release/core.a(cortex_handlers.c.o) (sysTickHook)
C:\Users\Francesco\AppData\Local\Temp\VMBuilds\simpleDemo\arduino_due_x_dbg\Release/core.a(syscalls_sam3.c.o)
                              (_sbrk)
C:\Users\Francesco\AppData\Local\Temp\VMBuilds\simpleDemo\arduino_due_x_dbg\Release/core.a(wiring.c.o)
                              simpleDemo.cpp.o (delay)
C:\Users\Francesco\AppData\Local\Temp\VMBuilds\simpleDemo\arduino_due_x_dbg\Release/core.a(wiring_analog.c.o)
                              simpleDemo.cpp.o (analogRead)
C:\Users\Francesco\AppData\Local\Temp\VMBuilds\simpleDemo\arduino_due_x_dbg\Release/core.a(wiring_digital.c.o)
                              simpleDemo.cpp.o (pinMode)
C:\Users\Francesco\AppData\Local\Temp\VMBuilds\simpleDemo\arduino_due_x_dbg\Release/core.a(main.cpp.o)
                              c:/users/francesco/appdata/local/arduino15/packages/arduino/tools/arm-none-eabi-gcc/4.8.3-2014q1/bin/../lib/gcc/arm-none-eabi/4.8.3/../../../../arm-none-eabi/lib/armv7-m/crt0.o (main)
C:\Users\Francesco\AppData\Local\Temp\VMBuilds\simpleDemo\arduino_due_x_dbg\Release/core.a(Print.cpp.o)
                              simpleDemo.cpp.o (Print::print(char const*))
C:\Users\Francesco\AppData\Local\Temp\VMBuilds\simpleDemo\arduino_due_x_dbg\Release/core.a(Reset.cpp.o)
                              C:\Users\Francesco\AppData\Local\Temp\VMBuilds\simpleDemo\arduino_due_x_dbg\Release/core.a(cortex_handlers.c.o) (tickReset)
C:\Users\Francesco\AppData\Local\Temp\VMBuilds\simpleDemo\arduino_due_x_dbg\Release/core.a(RingBuffer.cpp.o)
                              C:\Users\Francesco\AppData\Local\Temp\VMBCore\arduino16x\b9a57376191cbc57cfb08b08824091cb\variant\variant.cpp.o (RingBuffer::RingBuffer())
C:\Users\Francesco\AppData\Local\Temp\VMBuilds\simpleDemo\arduino_due_x_dbg\Release/core.a(UARTClass.cpp.o)
                              C:\Users\Francesco\AppData\Local\Temp\VMBCore\arduino16x\b9a57376191cbc57cfb08b08824091cb\variant\variant.cpp.o (UARTClass::available())
C:\Users\Francesco\AppData\Local\Temp\VMBuilds\simpleDemo\arduino_due_x_dbg\Release/core.a(USARTClass.cpp.o)
                              C:\Users\Francesco\AppData\Local\Temp\VMBCore\arduino16x\b9a57376191cbc57cfb08b08824091cb\variant\variant.cpp.o (USARTClass::USARTClass(Usart*, IRQn, unsigned long, RingBuffer*, RingBuffer*))
C:\Users\Francesco\AppData\Local\Temp\VMBuilds\simpleDemo\arduino_due_x_dbg\Release/core.a(watchdog.cpp.o)
                              C:\Users\Francesco\AppData\Local\Temp\VMBuilds\simpleDemo\arduino_due_x_dbg\Release/core.a(main.cpp.o) (watchdogSetup())
[...]
Memory Configuration

Name             Origin             Length             Attributes
rom              0x00080000         0x00080000         xr
sram0            0x20000000         0x00010000         xrw
sram1            0x20080000         0x00008000         xrw
ram              0x20070000         0x00018000         xrw
*default*        0x00000000         0xffffffff

Linker script and memory map

LOAD c:/users/francesco/appdata/local/arduino15/packages/arduino/tools/arm-none-eabi-gcc/4.8.3-2014q1/bin/../lib/gcc/arm-none-eabi/4.8.3/armv7-m/crti.o
LOAD c:/users/francesco/appdata/local/arduino15/packages/arduino/tools/arm-none-eabi-gcc/4.8.3-2014q1/bin/../lib/gcc/arm-none-eabi/4.8.3/armv7-m/crtbegin.o
LOAD c:/users/francesco/appdata/local/arduino15/packages/arduino/tools/arm-none-eabi-gcc/4.8.3-2014q1/bin/../lib/gcc/arm-none-eabi/4.8.3/../../../../arm-none-eabi/lib/armv7-m/crt0.o
START GROUP
LOAD simpleDemo.cpp.o
LOAD schmittTrigger\schmittTrigger.cpp.o
LOAD C:\Users\Francesco\AppData\Local\Temp\VMBCore\arduino16x\b9a57376191cbc57cfb08b08824091cb\variant\variant.cpp.o
LOAD C:\Users\Francesco\AppData\Local\arduino15\packages\arduino\hardware\sam\1.6.12\variants\arduino_due_x/libsam_sam3x8e_gcc_rel.a
LOAD C:\Users\Francesco\AppData\Local\Temp\VMBuilds\simpleDemo\arduino_due_x_dbg\Release/core.a
END GROUP
LOAD c:/users/francesco/appdata/local/arduino15/packages/arduino/tools/arm-none-eabi-gcc/4.8.3-2014q1/bin/../lib/gcc/arm-none-eabi/4.8.3/../../../../arm-none-eabi/lib/armv7-m\libm.a
LOAD c:/users/francesco/appdata/local/arduino15/packages/arduino/tools/arm-none-eabi-gcc/4.8.3-2014q1/bin/../lib/gcc/arm-none-eabi/4.8.3/armv7-m\libgcc.a
START GROUP
LOAD c:/users/francesco/appdata/local/arduino15/packages/arduino/tools/arm-none-eabi-gcc/4.8.3-2014q1/bin/../lib/gcc/arm-none-eabi/4.8.3/armv7-m\libgcc.a
LOAD c:/users/francesco/appdata/local/arduino15/packages/arduino/tools/arm-none-eabi-gcc/4.8.3-2014q1/bin/../lib/gcc/arm-none-eabi/4.8.3/../../../../arm-none-eabi/lib/armv7-m\libc.a
END GROUP
LOAD c:/users/francesco/appdata/local/arduino15/packages/arduino/tools/arm-none-eabi-gcc/4.8.3-2014q1/bin/../lib/gcc/arm-none-eabi/4.8.3/armv7-m/crtend.o
LOAD c:/users/francesco/appdata/local/arduino15/packages/arduino/tools/arm-none-eabi-gcc/4.8.3-2014q1/bin/../lib/gcc/arm-none-eabi/4.8.3/armv7-m/crtn.o

.text           0x00080000     0x3698
                0x00080000                . = ALIGN (0x4)
                0x00080000                _sfixed = .
 *(.vectors .vectors.*)
 .vectors       0x00080000       0xf4 C:\Users\Francesco\AppData\Local\arduino15\packages\arduino\hardware\sam\1.6.12\variants\arduino_due_x/libsam_sam3x8e_gcc_rel.a(startup_sam3xa.o)
                0x00080000                exception_table
 *(.text .text.* .gnu.linkonce.t.*)
 .text          0x000800f4       0x54 c:/users/francesco/appdata/local/arduino15/packages/arduino/tools/arm-none-eabi-gcc/4.8.3-2014q1/bin/../lib/gcc/arm-none-eabi/4.8.3/armv7-m/crtbegin.o
 .text.loop     0x00080148       0x7c simpleDemo.cpp.o
                0x00080148                loop
 .text.startup._GLOBAL__sub_I_st
                0x000801c4       0x24 simpleDemo.cpp.o
 .text.setup    0x000801e8       0x40 simpleDemo.cpp.o
                0x000801e8                setup
 .text._ZN14schmittTriggerC2Ev
                0x00080228       0x14 schmittTrigger\schmittTrigger.cpp.o
                0x00080228                schmittTrigger::schmittTrigger()
                0x00080228                schmittTrigger::schmittTrigger()
 .text._ZN14schmittTrigger7beginTHE13triggerType_tddi
                0x0008023c       0x1a schmittTrigger\schmittTrigger.cpp.o
                0x0008023c                schmittTrigger::beginTH(triggerType_t, double, double, int)
 .text._ZN14schmittTrigger8evaluateEd
                0x00080256       0x72 schmittTrigger\schmittTrigger.cpp.o
                0x00080256                schmittTrigger::evaluate(double)
 .text._ZN14schmittTriggerD2Ev
                0x000802c8        0x2 schmittTrigger\schmittTrigger.cpp.o
                0x000802c8                schmittTrigger::~schmittTrigger()
                0x000802c8                schmittTrigger::~schmittTrigger()
 .text._Z11serialEventv
                0x000802ca        0x2 C:\Users\Francesco\AppData\Local\Temp\VMBCore\arduino16x\b9a57376191cbc57cfb08b08824091cb\variant\variant.cpp.o
                0x000802ca                serialEvent()
 .text.UART_Handler
                0x000802cc        0xc C:\Users\Francesco\AppData\Local\Temp\VMBCore\arduino16x\b9a57376191cbc57cfb08b08824091cb\variant\variant.cpp.o
                0x000802cc                UART_Handler
 .text._Z12serialEvent1v
                0x000802d8        0x2 C:\Users\Francesco\AppData\Local\Temp\VMBCore\arduino16x\b9a57376191cbc57cfb08b08824091cb\variant\variant.cpp.o
                0x000802d8                serialEvent1()
 .text._Z12serialEvent2v
                0x000802da        0x2 C:\Users\Francesco\AppData\Local\Temp\VMBCore\arduino16x\b9a57376191cbc57cfb08b08824091cb\variant\variant.cpp.o
                0x000802da                serialEvent2()
 .text._Z12serialEvent3v
                0x000802dc        0x2 C:\Users\Francesco\AppData\Local\Temp\VMBCore\arduino16x\b9a57376191cbc57cfb08b08824091cb\variant\variant.cpp.o
                0x000802dc                serialEvent3()
 *fill*         0x000802de        0x2 
 .text.USART0_Handler
                0x000802e0        0xc C:\Users\Francesco\AppData\Local\Temp\VMBCore\arduino16x\b9a57376191cbc57cfb08b08824091cb\variant\variant.cpp.o
                0x000802e0                USART0_Handler
 .text.USART1_Handler
                0x000802ec        0xc C:\Users\Francesco\AppData\Local\Temp\VMBCore\arduino16x\b9a57376191cbc57cfb08b08824091cb\variant\variant.cpp.o
                0x000802ec                USART1_Handler
 .text.USART3_Handler
                0x000802f8        0xc C:\Users\Francesco\AppData\Local\Temp\VMBCore\arduino16x\b9a57376191cbc57cfb08b08824091cb\variant\variant.cpp.o
                0x000802f8                USART3_Handler
 .text.init     0x00080304      0x128 C:\Users\Francesco\AppData\Local\Temp\VMBCore\arduino16x\b9a57376191cbc57cfb08b08824091cb\variant\variant.cpp.o
                0x00080304                init
 .text.startup._GLOBAL__sub_I_g_APinDescription
                0x0008042c       0xd4 C:\Users\Francesco\AppData\Local\Temp\VMBCore\arduino16x\b9a57376191cbc57cfb08b08824091cb\variant\variant.cpp.o
 .text._Z14serialEventRunv
                0x00080500       0x44 C:\Users\Francesco\AppData\Local\Temp\VMBCore\arduino16x\b9a57376191cbc57cfb08b08824091cb\variant\variant.cpp.o
                0x00080500                serialEventRun()
 .text.PIO_PullUp
                0x00080544        0xa C:\Users\Francesco\AppData\Local\arduino15\packages\arduino\hardware\sam\1.6.12\variants\arduino_due_x/libsam_sam3x8e_gcc_rel.a(pio.o)
                0x00080544                PIO_PullUp
 .text.PIO_SetPeripheral
                0x0008054e       0x26 C:\Users\Francesco\AppData\Local\arduino15\packages\arduino\hardware\sam\1.6.12\variants\arduino_due_x/libsam_sam3x8e_gcc_rel.a(pio.o)
                0x0008054e                PIO_SetPeripheral
 .text.PIO_SetInput
                0x00080574       0x26 C:\Users\Francesco\AppData\Local\arduino15\packages\arduino\hardware\sam\1.6.12\variants\arduino_due_x/libsam_sam3x8e_gcc_rel.a(pio.o)
                0x00080574                PIO_SetInput
 .text.PIO_SetOutput
                0x0008059a       0x24 C:\Users\Francesco\AppData\Local\arduino15\packages\arduino\hardware\sam\1.6.12\variants\arduino_due_x/libsam_sam3x8e_gcc_rel.a(pio.o)
                0x0008059a                PIO_SetOutput
 *fill*         0x000805be        0x2 
 .text.PIO_Configure
                0x000805c0       0x64 C:\Users\Francesco\AppData\Local\arduino15\packages\arduino\hardware\sam\1.6.12\variants\arduino_due_x/libsam_sam3x8e_gcc_rel.a(pio.o)
                0x000805c0                PIO_Configure
 .text.PIO_GetOutputDataStatus
                0x00080624       0x14 C:\Users\Francesco\AppData\Local\arduino15\packages\arduino\hardware\sam\1.6.12\variants\arduino_due_x/libsam_sam3x8e_gcc_rel.a(pio.o)
                0x00080624                PIO_GetOutputDataStatus
 .text.pmc_enable_upll_clock
                0x00080638       0x14 C:\Users\Francesco\AppData\Local\arduino15\packages\arduino\hardware\sam\1.6.12\variants\arduino_due_x/libsam_sam3x8e_gcc_rel.a(pmc.o)
                0x00080638                pmc_enable_upll_clock
 .text.pmc_enable_periph_clk
                0x0008064c       0x44 C:\Users\Francesco\AppData\Local\arduino15\packages\arduino\hardware\sam\1.6.12\variants\arduino_due_x/libsam_sam3x8e_gcc_rel.a(pmc.o)
                0x0008064c                pmc_enable_periph_clk
 .text.pmc_disable_periph_clk
                0x00080690       0x40 C:\Users\Francesco\AppData\Local\arduino15\packages\arduino\hardware\sam\1.6.12\variants\arduino_due_x/libsam_sam3x8e_gcc_rel.a(pmc.o)
                0x00080690                pmc_disable_periph_clk
 .text.pmc_switch_udpck_to_upllck
                0x000806d0       0x14 C:\Users\Francesco\AppData\Local\arduino15\packages\arduino\hardware\sam\1.6.12\variants\arduino_due_x/libsam_sam3x8e_gcc_rel.a(pmc.o)
                0x000806d0                pmc_switch_udpck_to_upllck
 .text.pmc_enable_udpck
                0x000806e4        0xc C:\Users\Francesco\AppData\Local\arduino15\packages\arduino\hardware\sam\1.6.12\variants\arduino_due_x/libsam_sam3x8e_gcc_rel.a(pmc.o)
                0x000806e4                pmc_enable_udpck
 .text.SystemInit
                0x000806f0       0x88 C:\Users\Francesco\AppData\Local\arduino15\packages\arduino\hardware\sam\1.6.12\variants\arduino_due_x/libsam_sam3x8e_gcc_rel.a(system_sam3xa.o)
                0x000806f0                SystemInit
 .text.Reset_Handler
                0x00080778       0x78 C:\Users\Francesco\AppData\Local\arduino15\packages\arduino\hardware\sam\1.6.12\variants\arduino_due_x/libsam_sam3x8e_gcc_rel.a(startup_sam3xa.o)
                0x00080778                Reset_Handler
 .text.adc_init
                0x000807f0       0x98 C:\Users\Francesco\AppData\Local\arduino15\packages\arduino\hardware\sam\1.6.12\variants\arduino_due_x/libsam_sam3x8e_gcc_rel.a(adc.o)
                0x000807f0                adc_init
 .text.adc_configure_trigger
                0x00080888        0xe C:\Users\Francesco\AppData\Local\arduino15\packages\arduino\hardware\sam\1.6.12\variants\arduino_due_x/libsam_sam3x8e_gcc_rel.a(adc.o)
                0x00080888                adc_configure_trigger
 .text.adc_configure_timing
                0x00080896       0x1a C:\Users\Francesco\AppData\Local\arduino15\packages\arduino\hardware\sam\1.6.12\variants\arduino_due_x/libsam_sam3x8e_gcc_rel.a(adc.o)
                0x00080896                adc_configure_timing
 .text.adc_start
                0x000808b0        0x6 C:\Users\Francesco\AppData\Local\arduino15\packages\arduino\hardware\sam\1.6.12\variants\arduino_due_x/libsam_sam3x8e_gcc_rel.a(adc.o)
                0x000808b0                adc_start
 .text.adc_enable_channel
                0x000808b6        0xa C:\Users\Francesco\AppData\Local\arduino15\packages\arduino\hardware\sam\1.6.12\variants\arduino_due_x/libsam_sam3x8e_gcc_rel.a(adc.o)
                0x000808b6                adc_enable_channel
 .text.adc_disable_channel
                0x000808c0        0xa C:\Users\Francesco\AppData\Local\arduino15\packages\arduino\hardware\sam\1.6.12\variants\arduino_due_x/libsam_sam3x8e_gcc_rel.a(adc.o)
                0x000808c0                adc_disable_channel
 .text.adc_disable_all_channel
                0x000808ca        0x8 C:\Users\Francesco\AppData\Local\arduino15\packages\arduino\hardware\sam\1.6.12\variants\arduino_due_x/libsam_sam3x8e_gcc_rel.a(adc.o)
                0x000808ca                adc_disable_all_channel
 .text.adc_get_channel_status
                0x000808d2        0xa C:\Users\Francesco\AppData\Local\arduino15\packages\arduino\hardware\sam\1.6.12\variants\arduino_due_x/libsam_sam3x8e_gcc_rel.a(adc.o)
                0x000808d2                adc_get_channel_status
 .text.adc_get_latest_value
                0x000808dc        0x4 C:\Users\Francesco\AppData\Local\arduino15\packages\arduino\hardware\sam\1.6.12\variants\arduino_due_x/libsam_sam3x8e_gcc_rel.a(adc.o)
                0x000808dc                adc_get_latest_value
 .text.adc_disable_interrupt
                0x000808e0        0x4 C:\Users\Francesco\AppData\Local\arduino15\packages\arduino\hardware\sam\1.6.12\variants\arduino_due_x/libsam_sam3x8e_gcc_rel.a(adc.o)
                0x000808e0                adc_disable_interrupt
 .text.adc_get_status
                0x000808e4        0x4 C:\Users\Francesco\AppData\Local\arduino15\packages\arduino\hardware\sam\1.6.12\variants\arduino_due_x/libsam_sam3x8e_gcc_rel.a(adc.o)
                0x000808e4                adc_get_status
 .text.UOTGHS_Handler
                0x000808e8       0x10 C:\Users\Francesco\AppData\Local\arduino15\packages\arduino\hardware\sam\1.6.12\variants\arduino_due_x/libsam_sam3x8e_gcc_rel.a(uotghs.o)
                0x000808e8                UOTGHS_Handler
 .text.__halt   0x000808f8        0x2 C:\Users\Francesco\AppData\Local\Temp\VMBuilds\simpleDemo\arduino_due_x_dbg\Release/core.a(cortex_handlers.c.o)
                0x000808f8                DACC_Handler
                0x000808f8                DebugMon_Handler
                0x000808f8                DMAC_Handler
                0x000808f8                TRNG_Handler
                0x000808f8                HardFault_Handler
                0x000808f8                TC2_Handler
                0x000808f8                TWI1_Handler
                0x000808f8                NMI_Handler
                0x000808f8                TC7_Handler
                0x000808f8                ADC_Handler
                0x000808f8                SMC_Handler
                0x000808f8                RTT_Handler
                0x000808f8                EFC1_Handler
                0x000808f8                PIOB_Handler
                0x000808f8                RTC_Handler
                0x000808f8                UsageFault_Handler
                0x000808f8                TC6_Handler
                0x000808f8                WDT_Handler
                0x000808f8                CAN0_Handler
                0x000808f8                TC4_Handler
                0x000808f8                TC1_Handler
                0x000808f8                HSMCI_Handler
                0x000808f8                TC3_Handler
                0x000808f8                TWI0_Handler
                0x000808f8                PIOA_Handler
                0x000808f8                SSC_Handler
                0x000808f8                EFC0_Handler
                0x000808f8                PMC_Handler
                0x000808f8                PWM_Handler
                0x000808f8                CAN1_Handler
                0x000808f8                MemManage_Handler
                0x000808f8                SUPC_Handler
                0x000808f8                TC8_Handler
                0x000808f8                USART2_Handler
                0x000808f8                PIOD_Handler
                0x000808f8                EMAC_Handler
                0x000808f8                PIOC_Handler
                0x000808f8                BusFault_Handler
                0x000808f8                RSTC_Handler
                0x000808f8                TC0_Handler
                0x000808f8                TC5_Handler
                0x000808f8                SPI0_Handler
 .text.SVC_Handler
                0x000808fa        0x4 C:\Users\Francesco\AppData\Local\Temp\VMBuilds\simpleDemo\arduino_due_x_dbg\Release/core.a(cortex_handlers.c.o)
                0x000808fa                SVC_Handler
 .text.PendSV_Handler
                0x000808fe        0x4 C:\Users\Francesco\AppData\Local\Temp\VMBuilds\simpleDemo\arduino_due_x_dbg\Release/core.a(cortex_handlers.c.o)
                0x000808fe                PendSV_Handler
 .text.SysTick_Handler
                0x00080902       0x16 C:\Users\Francesco\AppData\Local\Temp\VMBuilds\simpleDemo\arduino_due_x_dbg\Release/core.a(cortex_handlers.c.o)
                0x00080902                SysTick_Handler
 .text.__empty  0x00080918        0x2 C:\Users\Francesco\AppData\Local\Temp\VMBuilds\simpleDemo\arduino_due_x_dbg\Release/core.a(hooks.c.o)
                0x00080918                yield
 .text.__false  0x0008091a        0x4 C:\Users\Francesco\AppData\Local\Temp\VMBuilds\simpleDemo\arduino_due_x_dbg\Release/core.a(hooks.c.o)
                0x0008091a                sysTickHook
 .text.__halt   0x0008091e        0x2 C:\Users\Francesco\AppData\Local\Temp\VMBuilds\simpleDemo\arduino_due_x_dbg\Release/core.a(hooks.c.o)
                0x0008091e                svcHook
                0x0008091e                pendSVHook
 .text._sbrk    0x00080920       0x1c C:\Users\Francesco\AppData\Local\Temp\VMBuilds\simpleDemo\arduino_due_x_dbg\Release/core.a(syscalls_sam3.c.o)
                0x00080920                _sbrk
 .text.link     0x0008093c        0x6 C:\Users\Francesco\AppData\Local\Temp\VMBuilds\simpleDemo\arduino_due_x_dbg\Release/core.a(syscalls_sam3.c.o)
                0x0008093c                link
 .text._close   0x00080942        0x6 C:\Users\Francesco\AppData\Local\Temp\VMBuilds\simpleDemo\arduino_due_x_dbg\Release/core.a(syscalls_sam3.c.o)
                0x00080942                _close
 .text._fstat   0x00080948        0xa C:\Users\Francesco\AppData\Local\Temp\VMBuilds\simpleDemo\arduino_due_x_dbg\Release/core.a(syscalls_sam3.c.o)
                0x00080948                _fstat
 .text._isatty  0x00080952        0x4 C:\Users\Francesco\AppData\Local\Temp\VMBuilds\simpleDemo\arduino_due_x_dbg\Release/core.a(syscalls_sam3.c.o)
                0x00080952                _isatty
 .text._lseek   0x00080956        0x4 C:\Users\Francesco\AppData\Local\Temp\VMBuilds\simpleDemo\arduino_due_x_dbg\Release/core.a(syscalls_sam3.c.o)
                0x00080956                _lseek
 .text._read    0x0008095a        0x4 C:\Users\Francesco\AppData\Local\Temp\VMBuilds\simpleDemo\arduino_due_x_dbg\Release/core.a(syscalls_sam3.c.o)
                0x0008095a                _read
 *fill*         0x0008095e        0x2 
 .text._write   0x00080960       0x24 C:\Users\Francesco\AppData\Local\Temp\VMBuilds\simpleDemo\arduino_due_x_dbg\Release/core.a(syscalls_sam3.c.o)
                0x00080960                _write
 .text._exit    0x00080984        0x2 C:\Users\Francesco\AppData\Local\Temp\VMBuilds\simpleDemo\arduino_due_x_dbg\Release/core.a(syscalls_sam3.c.o)
                0x00080984                _exit
 .text._kill    0x00080986        0x2 C:\Users\Francesco\AppData\Local\Temp\VMBuilds\simpleDemo\arduino_due_x_dbg\Release/core.a(syscalls_sam3.c.o)
                0x00080986                _kill
 .text._getpid  0x00080988        0x6 C:\Users\Francesco\AppData\Local\Temp\VMBuilds\simpleDemo\arduino_due_x_dbg\Release/core.a(syscalls_sam3.c.o)
                0x00080988                _getpid
 .text.delay    0x0008098e       0x1c C:\Users\Francesco\AppData\Local\Temp\VMBuilds\simpleDemo\arduino_due_x_dbg\Release/core.a(wiring.c.o)
                0x0008098e                delay
 .text.mapResolution
                0x000809aa       0x12 C:\Users\Francesco\AppData\Local\Temp\VMBuilds\simpleDemo\arduino_due_x_dbg\Release/core.a(wiring_analog.c.o)
 .text.analogRead
                0x000809bc       0x9c C:\Users\Francesco\AppData\Local\Temp\VMBuilds\simpleDemo\arduino_due_x_dbg\Release/core.a(wiring_analog.c.o)
                0x000809bc                analogRead
 .text.analogOutputInit
                0x00080a58        0x2 C:\Users\Francesco\AppData\Local\Temp\VMBuilds\simpleDemo\arduino_due_x_dbg\Release/core.a(wiring_analog.c.o)
                0x00080a58                analogOutputInit
 *fill*         0x00080a5a        0x2 
 .text.pinMode  0x00080a5c      0x108 C:\Users\Francesco\AppData\Local\Temp\VMBuilds\simpleDemo\arduino_due_x_dbg\Release/core.a(wiring_digital.c.o)
                0x00080a5c                pinMode
 .text.digitalWrite
                0x00080b64       0x70 C:\Users\Francesco\AppData\Local\Temp\VMBuilds\simpleDemo\arduino_due_x_dbg\Release/core.a(wiring_digital.c.o)
                0x00080b64                digitalWrite
 .text.initVariant
                0x00080bd4        0x2 C:\Users\Francesco\AppData\Local\Temp\VMBuilds\simpleDemo\arduino_due_x_dbg\Release/core.a(main.cpp.o)
                0x00080bd4                initVariant
 *fill*         0x00080bd6        0x2 
 .text.startup.main
                0x00080bd8       0x38 C:\Users\Francesco\AppData\Local\Temp\VMBuilds\simpleDemo\arduino_due_x_dbg\Release/core.a(main.cpp.o)
                0x00080bd8                main
 .text._ZN5Print5writeEPKhj
                0x00080c10       0x22 C:\Users\Francesco\AppData\Local\Temp\VMBuilds\simpleDemo\arduino_due_x_dbg\Release/core.a(Print.cpp.o)
                0x00080c10                Print::write(unsigned char const*, unsigned int)
 .text._ZN5Print5writeEPKc
                0x00080c32       0x1e C:\Users\Francesco\AppData\Local\Temp\VMBuilds\simpleDemo\arduino_due_x_dbg\Release/core.a(Print.cpp.o)
                0x00080c32                Print::write(char const*)
 .text._ZN5Print5printEPKc
                0x00080c50        0x8 C:\Users\Francesco\AppData\Local\Temp\VMBuilds\simpleDemo\arduino_due_x_dbg\Release/core.a(Print.cpp.o)
                0x00080c50                Print::print(char const*)
 .text._ZN5Print5printEc
                0x00080c58        0xa C:\Users\Francesco\AppData\Local\Temp\VMBuilds\simpleDemo\arduino_due_x_dbg\Release/core.a(Print.cpp.o)
                0x00080c58                Print::print(char)
 *fill*         0x00080c62        0x2 
 .text._ZN5Print7printlnEv
                0x00080c64       0x10 C:\Users\Francesco\AppData\Local\Temp\VMBuilds\simpleDemo\arduino_due_x_dbg\Release/core.a(Print.cpp.o)
                0x00080c64                Print::println()
 .text._ZN5Print11printNumberEmh
                0x00080c74       0x3e C:\Users\Francesco\AppData\Local\Temp\VMBuilds\simpleDemo\arduino_due_x_dbg\Release/core.a(Print.cpp.o)
                0x00080c74                Print::printNumber(unsigned long, unsigned char)
 .text._ZN5Print5printEli
                0x00080cb2       0x3c C:\Users\Francesco\AppData\Local\Temp\VMBuilds\simpleDemo\arduino_due_x_dbg\Release/core.a(Print.cpp.o)
                0x00080cb2                Print::print(long, int)
 .text._ZN5Print7printlnEii
                0x00080cee       0x14 C:\Users\Francesco\AppData\Local\Temp\VMBuilds\simpleDemo\arduino_due_x_dbg\Release/core.a(Print.cpp.o)
                0x00080cee                Print::println(int, int)
 *fill*         0x00080d02        0x2 
 .text._ZN5Print10printFloatEdh
                0x00080d04      0x148 C:\Users\Francesco\AppData\Local\Temp\VMBuilds\simpleDemo\arduino_due_x_dbg\Release/core.a(Print.cpp.o)
                0x00080d04                Print::printFloat(double, unsigned char)
 .text._ZN5Print5printEdi
                0x00080e4c        0xa C:\Users\Francesco\AppData\Local\Temp\VMBuilds\simpleDemo\arduino_due_x_dbg\Release/core.a(Print.cpp.o)
                0x00080e4c                Print::print(double, int)
 *fill*         0x00080e56        0x2 
 .text.initiateReset
                0x00080e58        0xc C:\Users\Francesco\AppData\Local\Temp\VMBuilds\simpleDemo\arduino_due_x_dbg\Release/core.a(Reset.cpp.o)
                0x00080e58                initiateReset
 .text.cancelReset
                0x00080e64       0x10 C:\Users\Francesco\AppData\Local\Temp\VMBuilds\simpleDemo\arduino_due_x_dbg\Release/core.a(Reset.cpp.o)
                0x00080e64                cancelReset
 .text.tickReset
                0x00080e74       0x20 C:\Users\Francesco\AppData\Local\Temp\VMBuilds\simpleDemo\arduino_due_x_dbg\Release/core.a(Reset.cpp.o)
                0x00080e74                tickReset
 .text._ZN10RingBufferC2Ev
                0x00080e94       0x1a C:\Users\Francesco\AppData\Local\Temp\VMBuilds\simpleDemo\arduino_due_x_dbg\Release/core.a(RingBuffer.cpp.o)
                0x00080e94                RingBuffer::RingBuffer()
                0x00080e94                RingBuffer::RingBuffer()
 .text._ZN10RingBuffer10store_charEh
                0x00080eae       0x1e C:\Users\Francesco\AppData\Local\Temp\VMBuilds\simpleDemo\arduino_due_x_dbg\Release/core.a(RingBuffer.cpp.o)
                0x00080eae                RingBuffer::store_char(unsigned char)
 .text._ZN9UARTClasscvbEv
                0x00080ecc        0x4 C:\Users\Francesco\AppData\Local\Temp\VMBuilds\simpleDemo\arduino_due_x_dbg\Release/core.a(UARTClass.cpp.o)
                0x00080ecc                UARTClass::operator bool()
 .text._ZN9UARTClass9availableEv
                0x00080ed0       0x12 C:\Users\Francesco\AppData\Local\Temp\VMBuilds\simpleDemo\arduino_due_x_dbg\Release/core.a(UARTClass.cpp.o)
                0x00080ed0                UARTClass::available()
 .text._ZN9UARTClass4peekEv
                0x00080ee2       0x1c C:\Users\Francesco\AppData\Local\Temp\VMBuilds\simpleDemo\arduino_due_x_dbg\Release/core.a(UARTClass.cpp.o)
                0x00080ee2                UARTClass::peek()
 .text._ZN9UARTClass4readEv
                0x00080efe       0x2a C:\Users\Francesco\AppData\Local\Temp\VMBuilds\simpleDemo\arduino_due_x_dbg\Release/core.a(UARTClass.cpp.o)
                0x00080efe                UARTClass::read()
 .text._ZN9UARTClass5flushEv
                0x00080f28       0x18 C:\Users\Francesco\AppData\Local\Temp\VMBuilds\simpleDemo\arduino_due_x_dbg\Release/core.a(UARTClass.cpp.o)
                0x00080f28                UARTClass::flush()
 .text._ZN9UARTClass5writeEh
                0x00080f40       0x54 C:\Users\Francesco\AppData\Local\Temp\VMBuilds\simpleDemo\arduino_due_x_dbg\Release/core.a(UARTClass.cpp.o)
                0x00080f40                UARTClass::write(unsigned char)
 .text._ZN9UARTClass3endEv
                0x00080f94       0x3c C:\Users\Francesco\AppData\Local\Temp\VMBuilds\simpleDemo\arduino_due_x_dbg\Release/core.a(UARTClass.cpp.o)
                0x00080f94                UARTClass::end()
 .text._ZN9UARTClassC2EP4Uart4IRQnmP10RingBufferS4_
                0x00080fd0       0x24 C:\Users\Francesco\AppData\Local\Temp\VMBuilds\simpleDemo\arduino_due_x_dbg\Release/core.a(UARTClass.cpp.o)
                0x00080fd0                UARTClass::UARTClass(Uart*, IRQn, unsigned long, RingBuffer*, RingBuffer*)
                0x00080fd0                UARTClass::UARTClass(Uart*, IRQn, unsigned long, RingBuffer*, RingBuffer*)
 .text._ZN9UARTClass4initEmm
                0x00080ff4       0x70 C:\Users\Francesco\AppData\Local\Temp\VMBuilds\simpleDemo\arduino_due_x_dbg\Release/core.a(UARTClass.cpp.o)
                0x00080ff4                UARTClass::init(unsigned long, unsigned long)
 .text._ZN9UARTClass5beginEm
                0x00081064        0x8 C:\Users\Francesco\AppData\Local\Temp\VMBuilds\simpleDemo\arduino_due_x_dbg\Release/core.a(UARTClass.cpp.o)
                0x00081064                UARTClass::begin(unsigned long)
 .text._ZN9UARTClass10IrqHandlerEv
                0x0008106c       0x5a C:\Users\Francesco\AppData\Local\Temp\VMBuilds\simpleDemo\arduino_due_x_dbg\Release/core.a(UARTClass.cpp.o)
                0x0008106c                UARTClass::IrqHandler()
 .text._ZN10USARTClass5beginEm
                0x000810c6        0x8 C:\Users\Francesco\AppData\Local\Temp\VMBuilds\simpleDemo\arduino_due_x_dbg\Release/core.a(USARTClass.cpp.o)
                0x000810c6                USARTClass::begin(unsigned long)
 *fill*         0x000810ce        0x2 
 .text._ZN10USARTClassC2EP5Usart4IRQnmP10RingBufferS4_
                0x000810d0       0x24 C:\Users\Francesco\AppData\Local\Temp\VMBuilds\simpleDemo\arduino_due_x_dbg\Release/core.a(USARTClass.cpp.o)
                0x000810d0                USARTClass::USARTClass(Usart*, IRQn, unsigned long, RingBuffer*, RingBuffer*)
                0x000810d0                USARTClass::USARTClass(Usart*, IRQn, unsigned long, RingBuffer*, RingBuffer*)
 .text._watchdogDefaultSetup
                0x000810f4        0xc C:\Users\Francesco\AppData\Local\Temp\VMBuilds\simpleDemo\arduino_due_x_dbg\Release/core.a(watchdog.cpp.o)
                0x000810f4                _watchdogDefaultSetup
                0x000810f4                watchdogSetup()
 .text.unlikely._ZL11USB_SendZlpv
                0x00081100       0x20 C:\Users\Francesco\AppData\Local\Temp\VMBuilds\simpleDemo\arduino_due_x_dbg\Release/core.a(USBCore.cpp.o)
 .text._Z14USBD_Availablem
                0x00081120       0x2c C:\Users\Francesco\AppData\Local\Temp\VMBuilds\simpleDemo\arduino_due_x_dbg\Release/core.a(USBCore.cpp.o)
                0x00081120                USBD_Available(unsigned long)
 .text._Z9USBD_RecvmPvm
                0x0008114c       0x7c C:\Users\Francesco\AppData\Local\Temp\VMBuilds\simpleDemo\arduino_due_x_dbg\Release/core.a(USBCore.cpp.o)
                0x0008114c                USBD_Recv(unsigned long, void*, unsigned long)
 .text._Z9USBD_Recvm
                0x000811c8       0x22 C:\Users\Francesco\AppData\Local\Temp\VMBuilds\simpleDemo\arduino_due_x_dbg\Release/core.a(USBCore.cpp.o)
                0x000811c8                USBD_Recv(unsigned long)
 *fill*         0x000811ea        0x2 
 .text._Z9USBD_SendmPKvm
                0x000811ec       0x4c C:\Users\Francesco\AppData\Local\Temp\VMBuilds\simpleDemo\arduino_due_x_dbg\Release/core.a(USBCore.cpp.o)
                0x000811ec                USBD_Send(unsigned long, void const*, unsigned long)
 .text._Z16USBD_SendControlhPKvm
                0x00081238       0x40 C:\Users\Francesco\AppData\Local\Temp\VMBuilds\simpleDemo\arduino_due_x_dbg\Release/core.a(USBCore.cpp.o)
                0x00081238                USBD_SendControl(unsigned char, void const*, unsigned long)
 .text.unlikely._ZL24USB_SendStringDescriptorPKhi
                0x00081278       0x64 C:\Users\Francesco\AppData\Local\Temp\VMBuilds\simpleDemo\arduino_due_x_dbg\Release/core.a(USBCore.cpp.o)
 .text._Z16USBD_RecvControlPvm
                0x000812dc       0x1c C:\Users\Francesco\AppData\Local\Temp\VMBuilds\simpleDemo\arduino_due_x_dbg\Release/core.a(USBCore.cpp.o)
                0x000812dc                USBD_RecvControl(void*, unsigned long)
 .text._Z26USBD_ClassInterfaceRequestR8USBSetup
                0x000812f8       0x1e C:\Users\Francesco\AppData\Local\Temp\VMBuilds\simpleDemo\arduino_due_x_dbg\Release/core.a(USBCore.cpp.o)
                0x000812f8                USBD_ClassInterfaceRequest(USBSetup&)
 .text._Z19USBD_SendInterfacesv
                0x00081316       0x22 C:\Users\Francesco\AppData\Local\Temp\VMBuilds\simpleDemo\arduino_due_x_dbg\Release/core.a(USBCore.cpp.o)
                0x00081316                USBD_SendInterfaces()
 .text._Z24USBD_SendOtherInterfacesv
                0x00081338       0x22 C:\Users\Francesco\AppData\Local\Temp\VMBuilds\simpleDemo\arduino_due_x_dbg\Release/core.a(USBCore.cpp.o)
                0x00081338                USBD_SendOtherInterfaces()
 .text._Z10USBD_Flushm
                0x0008135a       0x16 C:\Users\Francesco\AppData\Local\Temp\VMBuilds\simpleDemo\arduino_due_x_dbg\Release/core.a(USBCore.cpp.o)
                0x0008135a                USBD_Flush(unsigned long)
 .text._ZN10USBDevice_C2Ev
                0x00081370       0x24 C:\Users\Francesco\AppData\Local\Temp\VMBuilds\simpleDemo\arduino_due_x_dbg\Release/core.a(USBCore.cpp.o)
                0x00081370                USBDevice_::USBDevice_()
                0x00081370                USBDevice_::USBDevice_()
 .text._ZN10USBDevice_6attachEv
                0x00081394       0x20 C:\Users\Francesco\AppData\Local\Temp\VMBuilds\simpleDemo\arduino_due_x_dbg\Release/core.a(USBCore.cpp.o)
                0x00081394                USBDevice_::attach()
 .text.startup._GLOBAL__sub_I_EndPoints
                0x000813b4        0xc C:\Users\Francesco\AppData\Local\Temp\VMBuilds\simpleDemo\arduino_due_x_dbg\Release/core.a(USBCore.cpp.o)
 .text._ZL7USB_ISRv
                0x000813c0      0x454 C:\Users\Francesco\AppData\Local\Temp\VMBuilds\simpleDemo\arduino_due_x_dbg\Release/core.a(USBCore.cpp.o)
 .text._ZN7Serial_9availableEv
                0x00081814       0x18 C:\Users\Francesco\AppData\Local\Temp\VMBuilds\simpleDemo\arduino_due_x_dbg\Release/core.a(CDC.cpp.o)
                0x00081814                Serial_::available()
 .text._ZN7Serial_17availableForWriteEv
                0x0008182c        0x6 C:\Users\Francesco\AppData\Local\Temp\VMBuilds\simpleDemo\arduino_due_x_dbg\Release/core.a(CDC.cpp.o)
                0x0008182c                Serial_::availableForWrite()
 *fill*         0x00081832        0x2 
 .text._ZN7Serial_4peekEv
                0x00081834       0x20 C:\Users\Francesco\AppData\Local\Temp\VMBuilds\simpleDemo\arduino_due_x_dbg\Release/core.a(CDC.cpp.o)
                0x00081834                Serial_::peek()
 .text._ZN7Serial_5writeEh
                0x00081854       0x16 C:\Users\Francesco\AppData\Local\Temp\VMBuilds\simpleDemo\arduino_due_x_dbg\Release/core.a(CDC.cpp.o)
                0x00081854                Serial_::write(unsigned char)
 *fill*         0x0008186a        0x2 
 .text._ZN7Serial_4readEv
                0x0008186c       0x44 C:\Users\Francesco\AppData\Local\Temp\VMBuilds\simpleDemo\arduino_due_x_dbg\Release/core.a(CDC.cpp.o)
                0x0008186c                Serial_::read()
 .text._ZN7Serial_5flushEv
                0x000818b0        0x6 C:\Users\Francesco\AppData\Local\Temp\VMBuilds\simpleDemo\arduino_due_x_dbg\Release/core.a(CDC.cpp.o)
                0x000818b0                Serial_::flush()
 *fill*         0x000818b6        0x2 
 .text._ZN7Serial_6acceptEv
                0x000818b8       0x70 C:\Users\Francesco\AppData\Local\Temp\VMBuilds\simpleDemo\arduino_due_x_dbg\Release/core.a(CDC.cpp.o)
                0x000818b8                Serial_::accept()
 .text._ZN7Serial_5writeEPKhj
                0x00081928       0x2c C:\Users\Francesco\AppData\Local\Temp\VMBuilds\simpleDemo\arduino_due_x_dbg\Release/core.a(CDC.cpp.o)
                0x00081928                Serial_::write(unsigned char const*, unsigned int)
 .text._Z16CDC_GetInterfacePh
                0x00081954       0x14 C:\Users\Francesco\AppData\Local\Temp\VMBuilds\simpleDemo\arduino_due_x_dbg\Release/core.a(CDC.cpp.o)
                0x00081954                CDC_GetInterface(unsigned char*)
 .text._Z21CDC_GetOtherInterfacePh
                0x00081968       0x14 C:\Users\Francesco\AppData\Local\Temp\VMBuilds\simpleDemo\arduino_due_x_dbg\Release/core.a(CDC.cpp.o)
                0x00081968                CDC_GetOtherInterface(unsigned char*)
 .text._Z9CDC_SetupR8USBSetup
                0x0008197c       0x78 C:\Users\Francesco\AppData\Local\Temp\VMBuilds\simpleDemo\arduino_due_x_dbg\Release/core.a(CDC.cpp.o)
                0x0008197c                CDC_Setup(USBSetup&)
 .text.startup._GLOBAL__sub_I_cdc_rx_buffer
                0x000819f4       0x1c C:\Users\Francesco\AppData\Local\Temp\VMBuilds\simpleDemo\arduino_due_x_dbg\Release/core.a(CDC.cpp.o)
 .text._ZN13PluggableUSB_12getInterfaceEPh
                0x00081a10       0x28 C:\Users\Francesco\AppData\Local\Temp\VMBuilds\simpleDemo\arduino_due_x_dbg\Release/core.a(PluggableUSB.cpp.o)
                0x00081a10                PluggableUSB_::getInterface(unsigned char*)
 .text._ZN13PluggableUSB_13getDescriptorER8USBSetup
                0x00081a38       0x1c C:\Users\Francesco\AppData\Local\Temp\VMBuilds\simpleDemo\arduino_due_x_dbg\Release/core.a(PluggableUSB.cpp.o)
                0x00081a38                PluggableUSB_::getDescriptor(USBSetup&)
 .text._ZN13PluggableUSB_12getShortNameEPc
                0x00081a54       0x1c C:\Users\Francesco\AppData\Local\Temp\VMBuilds\simpleDemo\arduino_due_x_dbg\Release/core.a(PluggableUSB.cpp.o)
                0x00081a54                PluggableUSB_::getShortName(char*)
 .text._ZN13PluggableUSB_5setupER8USBSetup
                0x00081a70       0x20 C:\Users\Francesco\AppData\Local\Temp\VMBuilds\simpleDemo\arduino_due_x_dbg\Release/core.a(PluggableUSB.cpp.o)
                0x00081a70                PluggableUSB_::setup(USBSetup&)
 .text._Z12PluggableUSBv
                0x00081a90       0x28 C:\Users\Francesco\AppData\Local\Temp\VMBuilds\simpleDemo\arduino_due_x_dbg\Release/core.a(PluggableUSB.cpp.o)
                0x00081a90                PluggableUSB()
 .text.TimeTick_Increment
                0x00081ab8       0x10 C:\Users\Francesco\AppData\Local\arduino15\packages\arduino\hardware\sam\1.6.12\variants\arduino_due_x/libsam_sam3x8e_gcc_rel.a(timetick.o)
                0x00081ab8                TimeTick_Increment
 .text.GetTickCount
                0x00081ac8        0xc C:\Users\Francesco\AppData\Local\arduino15\packages\arduino\hardware\sam\1.6.12\variants\arduino_due_x/libsam_sam3x8e_gcc_rel.a(timetick.o)
                0x00081ac8                GetTickCount
 .text.WDT_Disable
                0x00081ad4        0x8 C:\Users\Francesco\AppData\Local\arduino15\packages\arduino\hardware\sam\1.6.12\variants\arduino_due_x/libsam_sam3x8e_gcc_rel.a(wdt.o)
                0x00081ad4                WDT_Disable
 .text.UDD_SetStack
                0x00081adc        0xc C:\Users\Francesco\AppData\Local\arduino15\packages\arduino\hardware\sam\1.6.12\variants\arduino_due_x/libsam_sam3x8e_gcc_rel.a(uotghs_device.o)
                0x00081adc                UDD_SetStack
 .text.UDD_Init
                0x00081ae8       0xd0 C:\Users\Francesco\AppData\Local\arduino15\packages\arduino\hardware\sam\1.6.12\variants\arduino_due_x/libsam_sam3x8e_gcc_rel.a(uotghs_device.o)
                0x00081ae8                UDD_Init
 .text.UDD_Attach
                0x00081bb8       0x50 C:\Users\Francesco\AppData\Local\arduino15\packages\arduino\hardware\sam\1.6.12\variants\arduino_due_x/libsam_sam3x8e_gcc_rel.a(uotghs_device.o)
                0x00081bb8                UDD_Attach
 .text.UDD_InitEP
                0x00081c08       0x2c C:\Users\Francesco\AppData\Local\arduino15\packages\arduino\hardware\sam\1.6.12\variants\arduino_due_x/libsam_sam3x8e_gcc_rel.a(uotghs_device.o)
                0x00081c08                UDD_InitEP
 .text.UDD_InitEndpoints
                0x00081c34       0x3c C:\Users\Francesco\AppData\Local\arduino15\packages\arduino\hardware\sam\1.6.12\variants\arduino_due_x/libsam_sam3x8e_gcc_rel.a(uotghs_device.o)
                0x00081c34                UDD_InitEndpoints
 .text.UDD_WaitIN
                0x00081c70       0x10 C:\Users\Francesco\AppData\Local\arduino15\packages\arduino\hardware\sam\1.6.12\variants\arduino_due_x/libsam_sam3x8e_gcc_rel.a(uotghs_device.o)
                0x00081c70                UDD_WaitIN
 .text.UDD_WaitOUT
                0x00081c80       0x10 C:\Users\Francesco\AppData\Local\arduino15\packages\arduino\hardware\sam\1.6.12\variants\arduino_due_x/libsam_sam3x8e_gcc_rel.a(uotghs_device.o)
                0x00081c80                UDD_WaitOUT
 .text.UDD_ClearIN
                0x00081c90       0x18 C:\Users\Francesco\AppData\Local\arduino15\packages\arduino\hardware\sam\1.6.12\variants\arduino_due_x/libsam_sam3x8e_gcc_rel.a(uotghs_device.o)
                0x00081c90                UDD_ClearIN
 .text.UDD_ClearOUT
                0x00081ca8       0x18 C:\Users\Francesco\AppData\Local\arduino15\packages\arduino\hardware\sam\1.6.12\variants\arduino_due_x/libsam_sam3x8e_gcc_rel.a(uotghs_device.o)
                0x00081ca8                UDD_ClearOUT
 .text.UDD_ReceivedSetupInt
                0x00081cc0       0x10 C:\Users\Francesco\AppData\Local\arduino15\packages\arduino\hardware\sam\1.6.12\variants\arduino_due_x/libsam_sam3x8e_gcc_rel.a(uotghs_device.o)
                0x00081cc0                UDD_ReceivedSetupInt
 .text.UDD_ClearSetupInt
                0x00081cd0       0x10 C:\Users\Francesco\AppData\Local\arduino15\packages\arduino\hardware\sam\1.6.12\variants\arduino_due_x/libsam_sam3x8e_gcc_rel.a(uotghs_device.o)
                0x00081cd0                UDD_ClearSetupInt
 .text.UDD_Send
                0x00081ce0       0x88 C:\Users\Francesco\AppData\Local\arduino15\packages\arduino\hardware\sam\1.6.12\variants\arduino_due_x/libsam_sam3x8e_gcc_rel.a(uotghs_device.o)
                0x00081ce0                UDD_Send
 .text.UDD_Send8
                0x00081d68       0x24 C:\Users\Francesco\AppData\Local\arduino15\packages\arduino\hardware\sam\1.6.12\variants\arduino_due_x/libsam_sam3x8e_gcc_rel.a(uotghs_device.o)
                0x00081d68                UDD_Send8
 .text.UDD_Recv8
                0x00081d8c       0x28 C:\Users\Francesco\AppData\Local\arduino15\packages\arduino\hardware\sam\1.6.12\variants\arduino_due_x/libsam_sam3x8e_gcc_rel.a(uotghs_device.o)
                0x00081d8c                UDD_Recv8
 .text.UDD_Recv
                0x00081db4       0x34 C:\Users\Francesco\AppData\Local\arduino15\packages\arduino\hardware\sam\1.6.12\variants\arduino_due_x/libsam_sam3x8e_gcc_rel.a(uotghs_device.o)
                0x00081db4                UDD_Recv
 .text.UDD_Stall
                0x00081de8       0x14 C:\Users\Francesco\AppData\Local\arduino15\packages\arduino\hardware\sam\1.6.12\variants\arduino_due_x/libsam_sam3x8e_gcc_rel.a(uotghs_device.o)
                0x00081de8                UDD_Stall
 .text.UDD_FifoByteCount
                0x00081dfc       0x14 C:\Users\Francesco\AppData\Local\arduino15\packages\arduino\hardware\sam\1.6.12\variants\arduino_due_x/libsam_sam3x8e_gcc_rel.a(uotghs_device.o)
                0x00081dfc                UDD_FifoByteCount
 .text.UDD_ReleaseRX
                0x00081e10       0x28 C:\Users\Francesco\AppData\Local\arduino15\packages\arduino\hardware\sam\1.6.12\variants\arduino_due_x/libsam_sam3x8e_gcc_rel.a(uotghs_device.o)
                0x00081e10                UDD_ReleaseRX
 .text.UDD_ReleaseTX
                0x00081e38       0x28 C:\Users\Francesco\AppData\Local\arduino15\packages\arduino\hardware\sam\1.6.12\variants\arduino_due_x/libsam_sam3x8e_gcc_rel.a(uotghs_device.o)
                0x00081e38                UDD_ReleaseTX
 .text.UDD_SetAddress
                0x00081e60       0x20 C:\Users\Francesco\AppData\Local\arduino15\packages\arduino\hardware\sam\1.6.12\variants\arduino_due_x/libsam_sam3x8e_gcc_rel.a(uotghs_device.o)
                0x00081e60                UDD_SetAddress
 .text.__fpclassifyd
                0x00081e80       0x50 c:/users/francesco/appdata/local/arduino15/packages/arduino/tools/arm-none-eabi-gcc/4.8.3-2014q1/bin/../lib/gcc/arm-none-eabi/4.8.3/../../../../arm-none-eabi/lib/armv7-m\libm.a(lib_a-s_fpclassify.o)
                0x00081e80                __fpclassifyd
 .text          0x00081ed0      0x370 c:/users/francesco/appdata/local/arduino15/packages/arduino/tools/arm-none-eabi-gcc/4.8.3-2014q1/bin/../lib/gcc/arm-none-eabi/4.8.3/armv7-m\libgcc.a(_arm_addsubdf3.o)
                0x00081ed0                __aeabi_drsub
                0x00081ed8                __aeabi_dsub
                0x00081ed8                __subdf3
                0x00081edc                __aeabi_dadd
                0x00081edc                __adddf3
                0x00082154                __floatunsidf
                0x00082154                __aeabi_ui2d
                0x00082174                __floatsidf
                0x00082174                __aeabi_i2d
                0x00082198                __aeabi_f2d
                0x00082198                __extendsfdf2
                0x000821d4                __floatundidf
                0x000821d4                __aeabi_ul2d
                0x000821e4                __floatdidf
                0x000821e4                __aeabi_l2d
 .text          0x00082240      0x424 c:/users/francesco/appdata/local/arduino15/packages/arduino/tools/arm-none-eabi-gcc/4.8.3-2014q1/bin/../lib/gcc/arm-none-eabi/4.8.3/armv7-m\libgcc.a(_arm_muldivdf3.o)
                0x00082240                __aeabi_dmul
                0x00082240                __muldf3
                0x00082494                __divdf3
                0x00082494                __aeabi_ddiv
 .text          0x00082664      0x110 c:/users/francesco/appdata/local/arduino15/packages/arduino/tools/arm-none-eabi-gcc/4.8.3-2014q1/bin/../lib/gcc/arm-none-eabi/4.8.3/armv7-m\libgcc.a(_arm_cmpdf2.o)
                0x00082664                __gtdf2
                0x00082664                __gedf2
                0x0008266c                __ltdf2
                0x0008266c                __ledf2
                0x00082674                __nedf2
                0x00082674                __eqdf2
                0x00082674                __cmpdf2
                0x000826f0                __aeabi_cdrcmple
                0x00082700                __aeabi_cdcmpeq
                0x00082700                __aeabi_cdcmple
                0x00082710                __aeabi_dcmpeq
                0x00082724                __aeabi_dcmplt
                0x00082738                __aeabi_dcmple
                0x0008274c                __aeabi_dcmpge
                0x00082760                __aeabi_dcmpgt
 .text          0x00082774       0x40 c:/users/francesco/appdata/local/arduino15/packages/arduino/tools/arm-none-eabi-gcc/4.8.3-2014q1/bin/../lib/gcc/arm-none-eabi/4.8.3/armv7-m\libgcc.a(_arm_fixunsdfsi.o)
                0x00082774                __aeabi_d2uiz
                0x00082774                __fixunsdfsi
 .text.__aeabi_atexit
                0x000827b4        0xc c:/users/francesco/appdata/local/arduino15/packages/arduino/tools/arm-none-eabi-gcc/4.8.3-2014q1/bin/../lib/gcc/arm-none-eabi/4.8.3/../../../../arm-none-eabi/lib/armv7-m\libc.a(lib_a-aeabi_atexit.o)
                0x000827b4                __aeabi_atexit
 .text.__cxa_atexit
                0x000827c0       0x14 c:/users/francesco/appdata/local/arduino15/packages/arduino/tools/arm-none-eabi-gcc/4.8.3-2014q1/bin/../lib/gcc/arm-none-eabi/4.8.3/../../../../arm-none-eabi/lib/armv7-m\libc.a(lib_a-cxa_atexit.o)
                0x000827c0                __cxa_atexit
 .text.__libc_init_array
                0x000827d4       0x50 c:/users/francesco/appdata/local/arduino15/packages/arduino/tools/arm-none-eabi-gcc/4.8.3-2014q1/bin/../lib/gcc/arm-none-eabi/4.8.3/../../../../arm-none-eabi/lib/armv7-m\libc.a(lib_a-init.o)
                0x000827d4                __libc_init_array
 .text.memset   0x00082824       0x94 c:/users/francesco/appdata/local/arduino15/packages/arduino/tools/arm-none-eabi-gcc/4.8.3-2014q1/bin/../lib/gcc/arm-none-eabi/4.8.3/../../../../arm-none-eabi/lib/armv7-m\libc.a(lib_a-memset.o)
                0x00082824                memset
 .text.strlen   0x000828b8       0x60 c:/users/francesco/appdata/local/arduino15/packages/arduino/tools/arm-none-eabi-gcc/4.8.3-2014q1/bin/../lib/gcc/arm-none-eabi/4.8.3/../../../../arm-none-eabi/lib/armv7-m\libc.a(lib_a-strlen.o)
                0x000828b8                strlen
 .text.kill     0x00082918       0x10 c:/users/francesco/appdata/local/arduino15/packages/arduino/tools/arm-none-eabi-gcc/4.8.3-2014q1/bin/../lib/gcc/arm-none-eabi/4.8.3/../../../../arm-none-eabi/lib/armv7-m\libc.a(lib_a-syskill.o)
                0x00082918                kill
 .text.__register_exitproc
                0x00082928       0xa8 c:/users/francesco/appdata/local/arduino15/packages/arduino/tools/arm-none-eabi-gcc/4.8.3-2014q1/bin/../lib/gcc/arm-none-eabi/4.8.3/../../../../arm-none-eabi/lib/armv7-m\libc.a(lib_a-__atexit.o)
                0x00082928                __register_exitproc
 .text.startup.register_fini
                0x000829d0       0x14 c:/users/francesco/appdata/local/arduino15/packages/arduino/tools/arm-none-eabi-gcc/4.8.3-2014q1/bin/../lib/gcc/arm-none-eabi/4.8.3/../../../../arm-none-eabi/lib/armv7-m\libc.a(lib_a-__call_atexit.o)
 .text.atexit   0x000829e4        0xc c:/users/francesco/appdata/local/arduino15/packages/arduino/tools/arm-none-eabi-gcc/4.8.3-2014q1/bin/../lib/gcc/arm-none-eabi/4.8.3/../../../../arm-none-eabi/lib/armv7-m\libc.a(lib_a-atexit.o)
                0x000829e4                atexit
 .text.__libc_fini_array
                0x000829f0       0x30 c:/users/francesco/appdata/local/arduino15/packages/arduino/tools/arm-none-eabi-gcc/4.8.3-2014q1/bin/../lib/gcc/arm-none-eabi/4.8.3/../../../../arm-none-eabi/lib/armv7-m\libc.a(lib_a-fini.o)
                0x000829f0                __libc_fini_array
 .text._kill_r  0x00082a20       0x28 c:/users/francesco/appdata/local/arduino15/packages/arduino/tools/arm-none-eabi-gcc/4.8.3-2014q1/bin/../lib/gcc/arm-none-eabi/4.8.3/../../../../arm-none-eabi/lib/armv7-m\libc.a(lib_a-signalr.o)
                0x00082a20                _kill_r
 *(.glue_7t)
 .glue_7t       0x00000000        0x0 linker stubs
 *(.glue_7)
 .glue_7        0x00000000        0x0 linker stubs
 *(.rodata .rodata* .gnu.linkonce.r.*)
 .rodata.str1.1
                0x00082a48        0x5 simpleDemo.cpp.o
 *fill*         0x00082a4d        0x3 
 .rodata.g_APinDescription
                0x00082a50      0xa2c C:\Users\Francesco\AppData\Local\Temp\VMBCore\arduino16x\b9a57376191cbc57cfb08b08824091cb\variant\variant.cpp.o
                0x00082a50                g_APinDescription
 .rodata        0x0008347c       0x40 C:\Users\Francesco\AppData\Local\arduino15\packages\arduino\hardware\sam\1.6.12\variants\arduino_due_x/libsam_sam3x8e_gcc_rel.a(adc.o)
 .rodata.str1.1
                0x000834bc        0xf C:\Users\Francesco\AppData\Local\Temp\VMBuilds\simpleDemo\arduino_due_x_dbg\Release/core.a(Print.cpp.o)
 *fill*         0x000834cb        0x5 
 .rodata._ZTV9UARTClass
                0x000834d0       0x30 C:\Users\Francesco\AppData\Local\Temp\VMBuilds\simpleDemo\arduino_due_x_dbg\Release/core.a(UARTClass.cpp.o)
                0x000834d0                vtable for UARTClass
 .rodata._ZTV10USARTClass
                0x00083500       0x30 C:\Users\Francesco\AppData\Local\Temp\VMBuilds\simpleDemo\arduino_due_x_dbg\Release/core.a(USARTClass.cpp.o)
                0x00083500                vtable for USARTClass
 .rodata.STRING_PRODUCT
                0x00083530        0xc C:\Users\Francesco\AppData\Local\Temp\VMBuilds\simpleDemo\arduino_due_x_dbg\Release/core.a(USBCore.cpp.o)
                0x00083530                STRING_PRODUCT
 .rodata.USB_DeviceDescriptor
                0x0008353c       0x12 C:\Users\Francesco\AppData\Local\Temp\VMBuilds\simpleDemo\arduino_due_x_dbg\Release/core.a(USBCore.cpp.o)
                0x0008353c                USB_DeviceDescriptor
 .rodata.STRING_LANGUAGE
                0x0008354e        0x4 C:\Users\Francesco\AppData\Local\Temp\VMBuilds\simpleDemo\arduino_due_x_dbg\Release/core.a(USBCore.cpp.o)
                0x0008354e                STRING_LANGUAGE
 .rodata._ZL18test_packet_buffer
                0x00083552       0x35 C:\Users\Francesco\AppData\Local\Temp\VMBuilds\simpleDemo\arduino_due_x_dbg\Release/core.a(USBCore.cpp.o)
 .rodata.STRING_MANUFACTURER
                0x00083587        0xc C:\Users\Francesco\AppData\Local\Temp\VMBuilds\simpleDemo\arduino_due_x_dbg\Release/core.a(USBCore.cpp.o)
                0x00083587                STRING_MANUFACTURER
 .rodata.USB_DeviceDescriptorA
                0x00083593       0x12 C:\Users\Francesco\AppData\Local\Temp\VMBuilds\simpleDemo\arduino_due_x_dbg\Release/core.a(USBCore.cpp.o)
                0x00083593                USB_DeviceDescriptorA
 .rodata._ZL19USB_DeviceQualifier
                0x000835a5        0x9 C:\Users\Francesco\AppData\Local\Temp\VMBuilds\simpleDemo\arduino_due_x_dbg\Release/core.a(USBCore.cpp.o)
 *fill*         0x000835ae        0x2 
 .rodata._ZTV7Serial_
                0x000835b0       0x28 C:\Users\Francesco\AppData\Local\Temp\VMBuilds\simpleDemo\arduino_due_x_dbg\Release/core.a(CDC.cpp.o)
                0x000835b0                vtable for Serial_
 .rodata._ZL18_cdcOtherInterface
                0x000835d8       0x42 C:\Users\Francesco\AppData\Local\Temp\VMBuilds\simpleDemo\arduino_due_x_dbg\Release/core.a(CDC.cpp.o)
 .rodata._ZL13_cdcInterface
                0x0008361a       0x42 C:\Users\Francesco\AppData\Local\Temp\VMBuilds\simpleDemo\arduino_due_x_dbg\Release/core.a(CDC.cpp.o)
 .rodata.str1.4
                0x0008365c        0x4 c:/users/francesco/appdata/local/arduino15/packages/arduino/tools/arm-none-eabi-gcc/4.8.3-2014q1/bin/../lib/gcc/arm-none-eabi/4.8.3/../../../../arm-none-eabi/lib/armv7-m\libc.a(lib_a-impure.o)
 .rodata._global_impure_ptr
                0x00083660        0x4 c:/users/francesco/appdata/local/arduino15/packages/arduino/tools/arm-none-eabi-gcc/4.8.3-2014q1/bin/../lib/gcc/arm-none-eabi/4.8.3/../../../../arm-none-eabi/lib/armv7-m\libc.a(lib_a-impure.o)
                0x00083660                _global_impure_ptr
 *(.ARM.extab* .gnu.linkonce.armextab.*)
                0x00083664                . = ALIGN (0x4)
 *(.init)
 .init          0x00083664        0x4 c:/users/francesco/appdata/local/arduino15/packages/arduino/tools/arm-none-eabi-gcc/4.8.3-2014q1/bin/../lib/gcc/arm-none-eabi/4.8.3/armv7-m/crti.o
                0x00083664                _init
 .init          0x00083668        0x8 c:/users/francesco/appdata/local/arduino15/packages/arduino/tools/arm-none-eabi-gcc/4.8.3-2014q1/bin/../lib/gcc/arm-none-eabi/4.8.3/armv7-m/crtn.o
                0x00083670                . = ALIGN (0x4)
                0x00083670                __preinit_array_start = .
 *(.preinit_array)
                0x00083670                __preinit_array_end = .
                0x00083670                . = ALIGN (0x4)
                0x00083670                __init_array_start = .
 *(SORT(.init_array.*))
 .init_array.00000
                0x00083670        0x4 c:/users/francesco/appdata/local/arduino15/packages/arduino/tools/arm-none-eabi-gcc/4.8.3-2014q1/bin/../lib/gcc/arm-none-eabi/4.8.3/../../../../arm-none-eabi/lib/armv7-m\libc.a(lib_a-__call_atexit.o)
 *(.init_array)
 .init_array    0x00083674        0x4 c:/users/francesco/appdata/local/arduino15/packages/arduino/tools/arm-none-eabi-gcc/4.8.3-2014q1/bin/../lib/gcc/arm-none-eabi/4.8.3/armv7-m/crtbegin.o
 .init_array    0x00083678        0x4 simpleDemo.cpp.o
 .init_array    0x0008367c        0x4 C:\Users\Francesco\AppData\Local\Temp\VMBCore\arduino16x\b9a57376191cbc57cfb08b08824091cb\variant\variant.cpp.o
 .init_array    0x00083680        0x4 C:\Users\Francesco\AppData\Local\Temp\VMBuilds\simpleDemo\arduino_due_x_dbg\Release/core.a(USBCore.cpp.o)
 .init_array    0x00083684        0x4 C:\Users\Francesco\AppData\Local\Temp\VMBuilds\simpleDemo\arduino_due_x_dbg\Release/core.a(CDC.cpp.o)
                0x00083688                __init_array_end = .
                0x00083688                . = ALIGN (0x4)
 *crtbegin.o(.ctors)
 *(EXCLUDE_FILE(*crtend.o) .ctors)
 *(SORT(.ctors.*))
 *crtend.o(.ctors)
                0x00083688                . = ALIGN (0x4)
 *(.fini)
 .fini          0x00083688        0x4 c:/users/francesco/appdata/local/arduino15/packages/arduino/tools/arm-none-eabi-gcc/4.8.3-2014q1/bin/../lib/gcc/arm-none-eabi/4.8.3/armv7-m/crti.o
                0x00083688                _fini
 .fini          0x0008368c        0x8 c:/users/francesco/appdata/local/arduino15/packages/arduino/tools/arm-none-eabi-gcc/4.8.3-2014q1/bin/../lib/gcc/arm-none-eabi/4.8.3/armv7-m/crtn.o
                0x00083694                . = ALIGN (0x4)
                0x00083694                __fini_array_start = .
 *(.fini_array)
 .fini_array    0x00083694        0x4 c:/users/francesco/appdata/local/arduino15/packages/arduino/tools/arm-none-eabi-gcc/4.8.3-2014q1/bin/../lib/gcc/arm-none-eabi/4.8.3/armv7-m/crtbegin.o
 *(SORT(.fini_array.*))
                0x00083698                __fini_array_end = .
 *crtbegin.o(.dtors)
 *(EXCLUDE_FILE(*crtend.o) .dtors)
 *(SORT(.dtors.*))
 *crtend.o(.dtors)
                0x00083698                . = ALIGN (0x4)
                0x00083698                _efixed = .
                0x00083698                PROVIDE (__exidx_start, .)

.vfp11_veneer   0x00083698        0x0
 .vfp11_veneer  0x00000000        0x0 linker stubs

.v4_bx          0x00083698        0x0
 .v4_bx         0x00000000        0x0 linker stubs

.iplt           0x00083698        0x0
 .iplt          0x00000000        0x0 c:/users/francesco/appdata/local/arduino15/packages/arduino/tools/arm-none-eabi-gcc/4.8.3-2014q1/bin/../lib/gcc/arm-none-eabi/4.8.3/armv7-m/crtbegin.o

.eh_frame       0x00083698        0x0
 .eh_frame      0x00083698        0x0 c:/users/francesco/appdata/local/arduino15/packages/arduino/tools/arm-none-eabi-gcc/4.8.3-2014q1/bin/../lib/gcc/arm-none-eabi/4.8.3/armv7-m/crtbegin.o

.rel.dyn        0x00083698        0x0
 .rel.iplt      0x00000000        0x0 c:/users/francesco/appdata/local/arduino15/packages/arduino/tools/arm-none-eabi-gcc/4.8.3-2014q1/bin/../lib/gcc/arm-none-eabi/4.8.3/armv7-m/crtbegin.o

.jcr            0x00083698        0x0
 .jcr           0x00083698        0x0 c:/users/francesco/appdata/local/arduino15/packages/arduino/tools/arm-none-eabi-gcc/4.8.3-2014q1/bin/../lib/gcc/arm-none-eabi/4.8.3/armv7-m/crtbegin.o

.igot.plt       0x00083698        0x0
 .igot.plt      0x00000000        0x0 c:/users/francesco/appdata/local/arduino15/packages/arduino/tools/arm-none-eabi-gcc/4.8.3-2014q1/bin/../lib/gcc/arm-none-eabi/4.8.3/armv7-m/crtbegin.o

.ARM.exidx
 *(.ARM.exidx* .gnu.linkonce.armexidx.*)
                0x00083698                PROVIDE (__exidx_end, .)
                0x00083698                . = ALIGN (0x4)
                0x00083698                _etext = .

.relocate       0x20070000      0x4a4 load address 0x00083698
                0x20070000                . = ALIGN (0x4)
                0x20070000                _srelocate = .
 *(.ramfunc .ramfunc.*)
 .ramfunc       0x20070000       0x2c C:\Users\Francesco\AppData\Local\Temp\VMBuilds\simpleDemo\arduino_due_x_dbg\Release/core.a(Reset.cpp.o)
                0x20070000                banzai
 *(.data .data.*)
 .data          0x2007002c        0x4 c:/users/francesco/appdata/local/arduino15/packages/arduino/tools/arm-none-eabi-gcc/4.8.3-2014q1/bin/../lib/gcc/arm-none-eabi/4.8.3/armv7-m/crtbegin.o
                0x2007002c                __dso_handle
 .data.SystemCoreClock
                0x20070030        0x4 C:\Users\Francesco\AppData\Local\arduino15\packages\arduino\hardware\sam\1.6.12\variants\arduino_due_x/libsam_sam3x8e_gcc_rel.a(system_sam3xa.o)
                0x20070030                SystemCoreClock
 .data.latestSelectedChannel.9384
                0x20070034        0x4 C:\Users\Francesco\AppData\Local\Temp\VMBuilds\simpleDemo\arduino_due_x_dbg\Release/core.a(wiring_analog.c.o)
 .data._readResolution
                0x20070038        0x4 C:\Users\Francesco\AppData\Local\Temp\VMBuilds\simpleDemo\arduino_due_x_dbg\Release/core.a(wiring_analog.c.o)
 .data._ZL5ticks
                0x2007003c        0x4 C:\Users\Francesco\AppData\Local\Temp\VMBuilds\simpleDemo\arduino_due_x_dbg\Release/core.a(Reset.cpp.o)
 .data.EndPoints
                0x20070040       0x28 C:\Users\Francesco\AppData\Local\Temp\VMBuilds\simpleDemo\arduino_due_x_dbg\Release/core.a(USBCore.cpp.o)
                0x20070040                EndPoints
 .data._ZL10breakValue
                0x20070068        0x4 C:\Users\Francesco\AppData\Local\Temp\VMBuilds\simpleDemo\arduino_due_x_dbg\Release/core.a(CDC.cpp.o)
 .data._ZL12_usbLineInfo
                0x2007006c        0x8 C:\Users\Francesco\AppData\Local\Temp\VMBuilds\simpleDemo\arduino_due_x_dbg\Release/core.a(CDC.cpp.o)
 .data.g_interrupt_enabled
                0x20070074        0x4 C:\Users\Francesco\AppData\Local\arduino15\packages\arduino\hardware\sam\1.6.12\variants\arduino_due_x/libsam_sam3x8e_gcc_rel.a(interrupt_sam_nvic.o)
                0x20070074                g_interrupt_enabled
 .data.impure_data
                0x20070078      0x428 c:/users/francesco/appdata/local/arduino15/packages/arduino/tools/arm-none-eabi-gcc/4.8.3-2014q1/bin/../lib/gcc/arm-none-eabi/4.8.3/../../../../arm-none-eabi/lib/armv7-m\libc.a(lib_a-impure.o)
 .data._impure_ptr
                0x200704a0        0x4 c:/users/francesco/appdata/local/arduino15/packages/arduino/tools/arm-none-eabi-gcc/4.8.3-2014q1/bin/../lib/gcc/arm-none-eabi/4.8.3/../../../../arm-none-eabi/lib/armv7-m\libc.a(lib_a-impure.o)
                0x200704a0                _impure_ptr
                0x200704a4                . = ALIGN (0x4)
                0x200704a4                _erelocate = .

.bss            0x200704a4      0x814 load address 0x00083b3c
                0x200704a4                . = ALIGN (0x4)
                0x200704a4                _sbss = .
                0x200704a4                _szero = .
 *(.bss .bss.*)
 .bss           0x200704a4       0x1c c:/users/francesco/appdata/local/arduino15/packages/arduino/tools/arm-none-eabi-gcc/4.8.3-2014q1/bin/../lib/gcc/arm-none-eabi/4.8.3/armv7-m/crtbegin.o
 .bss.st        0x200704c0       0x18 simpleDemo.cpp.o
                0x200704c0                st
 .bss.ain       0x200704d8        0x8 simpleDemo.cpp.o
                0x200704d8                ain
 .bss.tx_buffer2
                0x200704e0       0x88 C:\Users\Francesco\AppData\Local\Temp\VMBCore\arduino16x\b9a57376191cbc57cfb08b08824091cb\variant\variant.cpp.o
                0x200704e0                tx_buffer2
 .bss.tx_buffer1
                0x20070568       0x88 C:\Users\Francesco\AppData\Local\Temp\VMBCore\arduino16x\b9a57376191cbc57cfb08b08824091cb\variant\variant.cpp.o
                0x20070568                tx_buffer1
 .bss.Serial    0x200705f0       0x24 C:\Users\Francesco\AppData\Local\Temp\VMBCore\arduino16x\b9a57376191cbc57cfb08b08824091cb\variant\variant.cpp.o
                0x200705f0                Serial
 .bss.rx_buffer1
                0x20070614       0x88 C:\Users\Francesco\AppData\Local\Temp\VMBCore\arduino16x\b9a57376191cbc57cfb08b08824091cb\variant\variant.cpp.o
                0x20070614                rx_buffer1
 .bss.Serial1   0x2007069c       0x28 C:\Users\Francesco\AppData\Local\Temp\VMBCore\arduino16x\b9a57376191cbc57cfb08b08824091cb\variant\variant.cpp.o
                0x2007069c                Serial1
 .bss.Serial2   0x200706c4       0x28 C:\Users\Francesco\AppData\Local\Temp\VMBCore\arduino16x\b9a57376191cbc57cfb08b08824091cb\variant\variant.cpp.o
                0x200706c4                Serial2
 .bss.Serial3   0x200706ec       0x28 C:\Users\Francesco\AppData\Local\Temp\VMBCore\arduino16x\b9a57376191cbc57cfb08b08824091cb\variant\variant.cpp.o
                0x200706ec                Serial3
 .bss.tx_buffer3
                0x20070714       0x88 C:\Users\Francesco\AppData\Local\Temp\VMBCore\arduino16x\b9a57376191cbc57cfb08b08824091cb\variant\variant.cpp.o
                0x20070714                tx_buffer3
 .bss.tx_buffer4
                0x2007079c       0x88 C:\Users\Francesco\AppData\Local\Temp\VMBCore\arduino16x\b9a57376191cbc57cfb08b08824091cb\variant\variant.cpp.o
                0x2007079c                tx_buffer4
 .bss.g_pinStatus
                0x20070824       0x4f C:\Users\Francesco\AppData\Local\Temp\VMBCore\arduino16x\b9a57376191cbc57cfb08b08824091cb\variant\variant.cpp.o
                0x20070824                g_pinStatus
 *fill*         0x20070873        0x1 
 .bss.rx_buffer2
                0x20070874       0x88 C:\Users\Francesco\AppData\Local\Temp\VMBCore\arduino16x\b9a57376191cbc57cfb08b08824091cb\variant\variant.cpp.o
                0x20070874                rx_buffer2
 .bss.rx_buffer3
                0x200708fc       0x88 C:\Users\Francesco\AppData\Local\Temp\VMBCore\arduino16x\b9a57376191cbc57cfb08b08824091cb\variant\variant.cpp.o
                0x200708fc                rx_buffer3
 .bss.rx_buffer4
                0x20070984       0x88 C:\Users\Francesco\AppData\Local\Temp\VMBCore\arduino16x\b9a57376191cbc57cfb08b08824091cb\variant\variant.cpp.o
                0x20070984                rx_buffer4
 .bss.gpf_isr   0x20070a0c        0x4 C:\Users\Francesco\AppData\Local\arduino15\packages\arduino\hardware\sam\1.6.12\variants\arduino_due_x/libsam_sam3x8e_gcc_rel.a(uotghs.o)
                0x20070a0c                gpf_isr
 .bss.heap.6420
                0x20070a10        0x4 C:\Users\Francesco\AppData\Local\Temp\VMBuilds\simpleDemo\arduino_due_x_dbg\Release/core.a(syscalls_sam3.c.o)
 .bss._cmark    0x20070a14        0x2 C:\Users\Francesco\AppData\Local\Temp\VMBuilds\simpleDemo\arduino_due_x_dbg\Release/core.a(USBCore.cpp.o)
                0x20070a14                _cmark
 .bss._ZL14isEndpointHalt
                0x20070a16        0x1 C:\Users\Francesco\AppData\Local\Temp\VMBuilds\simpleDemo\arduino_due_x_dbg\Release/core.a(USBCore.cpp.o)
 *fill*         0x20070a17        0x1 
 .bss._cdcComposite
                0x20070a18        0x4 C:\Users\Francesco\AppData\Local\Temp\VMBuilds\simpleDemo\arduino_due_x_dbg\Release/core.a(USBCore.cpp.o)
                0x20070a18                _cdcComposite
 .bss._ZL21isRemoteWakeUpEnabled
                0x20070a1c        0x1 C:\Users\Francesco\AppData\Local\Temp\VMBuilds\simpleDemo\arduino_due_x_dbg\Release/core.a(USBCore.cpp.o)
 *fill*         0x20070a1d        0x3 
 .bss._usbInitialized
                0x20070a20        0x4 C:\Users\Francesco\AppData\Local\Temp\VMBuilds\simpleDemo\arduino_due_x_dbg\Release/core.a(USBCore.cpp.o)
                0x20070a20                _usbInitialized
 .bss.USBDevice
                0x20070a24        0x1 C:\Users\Francesco\AppData\Local\Temp\VMBuilds\simpleDemo\arduino_due_x_dbg\Release/core.a(USBCore.cpp.o)
                0x20070a24                USBDevice
 *fill*         0x20070a25        0x3 
 .bss._usbSetInterface
                0x20070a28        0x4 C:\Users\Francesco\AppData\Local\Temp\VMBuilds\simpleDemo\arduino_due_x_dbg\Release/core.a(USBCore.cpp.o)
                0x20070a28                _usbSetInterface
 .bss._cend     0x20070a2c        0x2 C:\Users\Francesco\AppData\Local\Temp\VMBuilds\simpleDemo\arduino_due_x_dbg\Release/core.a(USBCore.cpp.o)
                0x20070a2c                _cend
 *fill*         0x20070a2e        0x2 
 .bss._usbConfiguration
                0x20070a30        0x4 C:\Users\Francesco\AppData\Local\Temp\VMBuilds\simpleDemo\arduino_due_x_dbg\Release/core.a(USBCore.cpp.o)
                0x20070a30                _usbConfiguration
 .bss.cdc_rx_buffer
                0x20070a34      0x208 C:\Users\Francesco\AppData\Local\Temp\VMBuilds\simpleDemo\arduino_due_x_dbg\Release/core.a(CDC.cpp.o)
                0x20070a34                cdc_rx_buffer
 .bss._ZZN7Serial_6acceptEvE5guard
                0x20070c3c        0x4 C:\Users\Francesco\AppData\Local\Temp\VMBuilds\simpleDemo\arduino_due_x_dbg\Release/core.a(CDC.cpp.o)
 .bss.SerialUSB
                0x20070c40       0x14 C:\Users\Francesco\AppData\Local\Temp\VMBuilds\simpleDemo\arduino_due_x_dbg\Release/core.a(CDC.cpp.o)
                0x20070c40                SerialUSB
 .bss._ZZ12PluggableUSBvE3obj
                0x20070c54        0x8 C:\Users\Francesco\AppData\Local\Temp\VMBuilds\simpleDemo\arduino_due_x_dbg\Release/core.a(PluggableUSB.cpp.o)
 .bss._ZGVZ12PluggableUSBvE3obj
                0x20070c5c        0x4 C:\Users\Francesco\AppData\Local\Temp\VMBuilds\simpleDemo\arduino_due_x_dbg\Release/core.a(PluggableUSB.cpp.o)
 .bss._dwTickCount
                0x20070c60        0x4 C:\Users\Francesco\AppData\Local\arduino15\packages\arduino\hardware\sam\1.6.12\variants\arduino_due_x/libsam_sam3x8e_gcc_rel.a(timetick.o)
 .bss.ul_recv_fifo_ptr
                0x20070c64       0x28 C:\Users\Francesco\AppData\Local\arduino15\packages\arduino\hardware\sam\1.6.12\variants\arduino_due_x/libsam_sam3x8e_gcc_rel.a(uotghs_device.o)
 .bss.ul_send_fifo_ptr
                0x20070c8c       0x28 C:\Users\Francesco\AppData\Local\arduino15\packages\arduino\hardware\sam\1.6.12\variants\arduino_due_x/libsam_sam3x8e_gcc_rel.a(uotghs_device.o)
 *(COMMON)
 COMMON         0x20070cb4        0x4 c:/users/francesco/appdata/local/arduino15/packages/arduino/tools/arm-none-eabi-gcc/4.8.3-2014q1/bin/../lib/gcc/arm-none-eabi/4.8.3/../../../../arm-none-eabi/lib/armv7-m\libc.a(lib_a-reent.o)
                0x20070cb4                errno
                0x20070cb8                . = ALIGN (0x4)
                0x20070cb8                _ebss = .
                0x20070cb8                _ezero = .
                0x20070cb8                . = ALIGN (0x4)
                0x20070cb8                _end = .

.stack_dummy    0x20070cb8        0x0
 *(.stack*)
                0x20088000                __StackTop = (ORIGIN (ram) + 0x18000)
                0x20088000                __StackLimit = (__StackTop - SIZEOF (.stack_dummy))
                0x20088000                PROVIDE (_sstack, __StackLimit)
                0x20088000                PROVIDE (_estack, __StackTop)
OUTPUT(C:\Users\Francesco\AppData\Local\Temp\VMBuilds\simpleDemo\arduino_due_x_dbg\Release/simpleDemo.ino.elf elf32-littlearm)

.ARM.attributes
                0x00000000       0x29
 .ARM.attributes
                0x00000000       0x1d c:/users/francesco/appdata/local/arduino15/packages/arduino/tools/arm-none-eabi-gcc/4.8.3-2014q1/bin/../lib/gcc/arm-none-eabi/4.8.3/armv7-m/crti.o
 .ARM.attributes
                0x0000001d       0x2d c:/users/francesco/appdata/local/arduino15/packages/arduino/tools/arm-none-eabi-gcc/4.8.3-2014q1/bin/../lib/gcc/arm-none-eabi/4.8.3/armv7-m/crtbegin.o
 .ARM.attributes
                0x0000004a       0x33 simpleDemo.cpp.o
 .ARM.attributes
                0x0000007d       0x33 schmittTrigger\schmittTrigger.cpp.o
 .ARM.attributes
                0x000000b0       0x33 C:\Users\Francesco\AppData\Local\Temp\VMBCore\arduino16x\b9a57376191cbc57cfb08b08824091cb\variant\variant.cpp.o
 .ARM.attributes
                0x000000e3       0x33 C:\Users\Francesco\AppData\Local\arduino15\packages\arduino\hardware\sam\1.6.12\variants\arduino_due_x/libsam_sam3x8e_gcc_rel.a(pio.o)
 .ARM.attributes
                0x00000116       0x33 C:\Users\Francesco\AppData\Local\arduino15\packages\arduino\hardware\sam\1.6.12\variants\arduino_due_x/libsam_sam3x8e_gcc_rel.a(pmc.o)
 .ARM.attributes
                0x00000149       0x33 C:\Users\Francesco\AppData\Local\arduino15\packages\arduino\hardware\sam\1.6.12\variants\arduino_due_x/libsam_sam3x8e_gcc_rel.a(system_sam3xa.o)
 .ARM.attributes
                0x0000017c       0x33 C:\Users\Francesco\AppData\Local\arduino15\packages\arduino\hardware\sam\1.6.12\variants\arduino_due_x/libsam_sam3x8e_gcc_rel.a(startup_sam3xa.o)
 .ARM.attributes
                0x000001af       0x33 C:\Users\Francesco\AppData\Local\arduino15\packages\arduino\hardware\sam\1.6.12\variants\arduino_due_x/libsam_sam3x8e_gcc_rel.a(adc.o)
 .ARM.attributes
                0x000001e2       0x33 C:\Users\Francesco\AppData\Local\arduino15\packages\arduino\hardware\sam\1.6.12\variants\arduino_due_x/libsam_sam3x8e_gcc_rel.a(uotghs.o)
 .ARM.attributes
                0x00000215       0x33 C:\Users\Francesco\AppData\Local\Temp\VMBuilds\simpleDemo\arduino_due_x_dbg\Release/core.a(cortex_handlers.c.o)
 .ARM.attributes
                0x00000248       0x33 C:\Users\Francesco\AppData\Local\Temp\VMBuilds\simpleDemo\arduino_due_x_dbg\Release/core.a(hooks.c.o)
 .ARM.attributes
                0x0000027b       0x33 C:\Users\Francesco\AppData\Local\Temp\VMBuilds\simpleDemo\arduino_due_x_dbg\Release/core.a(syscalls_sam3.c.o)
 .ARM.attributes
                0x000002ae       0x33 C:\Users\Francesco\AppData\Local\Temp\VMBuilds\simpleDemo\arduino_due_x_dbg\Release/core.a(wiring.c.o)
 .ARM.attributes
                0x000002e1       0x33 C:\Users\Francesco\AppData\Local\Temp\VMBuilds\simpleDemo\arduino_due_x_dbg\Release/core.a(wiring_analog.c.o)
 .ARM.attributes
                0x00000314       0x33 C:\Users\Francesco\AppData\Local\Temp\VMBuilds\simpleDemo\arduino_due_x_dbg\Release/core.a(wiring_digital.c.o)
 .ARM.attributes
                0x00000347       0x33 C:\Users\Francesco\AppData\Local\Temp\VMBuilds\simpleDemo\arduino_due_x_dbg\Release/core.a(main.cpp.o)
 .ARM.attributes
                0x0000037a       0x33 C:\Users\Francesco\AppData\Local\Temp\VMBuilds\simpleDemo\arduino_due_x_dbg\Release/core.a(Print.cpp.o)
 .ARM.attributes
                0x000003ad       0x33 C:\Users\Francesco\AppData\Local\Temp\VMBuilds\simpleDemo\arduino_due_x_dbg\Release/core.a(Reset.cpp.o)
 .ARM.attributes
                0x000003e0       0x33 C:\Users\Francesco\AppData\Local\Temp\VMBuilds\simpleDemo\arduino_due_x_dbg\Release/core.a(RingBuffer.cpp.o)
 .ARM.attributes
                0x00000413       0x33 C:\Users\Francesco\AppData\Local\Temp\VMBuilds\simpleDemo\arduino_due_x_dbg\Release/core.a(UARTClass.cpp.o)
 .ARM.attributes
                0x00000446       0x33 C:\Users\Francesco\AppData\Local\Temp\VMBuilds\simpleDemo\arduino_due_x_dbg\Release/core.a(USARTClass.cpp.o)
 .ARM.attributes
                0x00000479       0x33 C:\Users\Francesco\AppData\Local\Temp\VMBuilds\simpleDemo\arduino_due_x_dbg\Release/core.a(watchdog.cpp.o)
 .ARM.attributes
                0x000004ac       0x33 C:\Users\Francesco\AppData\Local\Temp\VMBuilds\simpleDemo\arduino_due_x_dbg\Release/core.a(USBCore.cpp.o)
 .ARM.attributes
                0x000004df       0x33 C:\Users\Francesco\AppData\Local\Temp\VMBuilds\simpleDemo\arduino_due_x_dbg\Release/core.a(CDC.cpp.o)
 .ARM.attributes
                0x00000512       0x33 C:\Users\Francesco\AppData\Local\Temp\VMBuilds\simpleDemo\arduino_due_x_dbg\Release/core.a(PluggableUSB.cpp.o)
 .ARM.attributes
                0x00000545       0x33 C:\Users\Francesco\AppData\Local\arduino15\packages\arduino\hardware\sam\1.6.12\variants\arduino_due_x/libsam_sam3x8e_gcc_rel.a(timetick.o)
 .ARM.attributes
                0x00000578       0x33 C:\Users\Francesco\AppData\Local\arduino15\packages\arduino\hardware\sam\1.6.12\variants\arduino_due_x/libsam_sam3x8e_gcc_rel.a(wdt.o)
 .ARM.attributes
                0x000005ab       0x33 C:\Users\Francesco\AppData\Local\arduino15\packages\arduino\hardware\sam\1.6.12\variants\arduino_due_x/libsam_sam3x8e_gcc_rel.a(interrupt_sam_nvic.o)
 .ARM.attributes
                0x000005de       0x33 C:\Users\Francesco\AppData\Local\arduino15\packages\arduino\hardware\sam\1.6.12\variants\arduino_due_x/libsam_sam3x8e_gcc_rel.a(uotghs_device.o)
 .ARM.attributes
                0x00000611       0x2d c:/users/francesco/appdata/local/arduino15/packages/arduino/tools/arm-none-eabi-gcc/4.8.3-2014q1/bin/../lib/gcc/arm-none-eabi/4.8.3/../../../../arm-none-eabi/lib/armv7-m\libm.a(lib_a-s_fpclassify.o)
 .ARM.attributes
                0x0000063e       0x1d c:/users/francesco/appdata/local/arduino15/packages/arduino/tools/arm-none-eabi-gcc/4.8.3-2014q1/bin/../lib/gcc/arm-none-eabi/4.8.3/armv7-m\libgcc.a(_arm_addsubdf3.o)
 .ARM.attributes
                0x0000065b       0x1d c:/users/francesco/appdata/local/arduino15/packages/arduino/tools/arm-none-eabi-gcc/4.8.3-2014q1/bin/../lib/gcc/arm-none-eabi/4.8.3/armv7-m\libgcc.a(_arm_muldivdf3.o)
 .ARM.attributes
                0x00000678       0x1d c:/users/francesco/appdata/local/arduino15/packages/arduino/tools/arm-none-eabi-gcc/4.8.3-2014q1/bin/../lib/gcc/arm-none-eabi/4.8.3/armv7-m\libgcc.a(_arm_cmpdf2.o)
 .ARM.attributes
                0x00000695       0x1d c:/users/francesco/appdata/local/arduino15/packages/arduino/tools/arm-none-eabi-gcc/4.8.3-2014q1/bin/../lib/gcc/arm-none-eabi/4.8.3/armv7-m\libgcc.a(_arm_fixunsdfsi.o)
 .ARM.attributes
                0x000006b2       0x2d c:/users/francesco/appdata/local/arduino15/packages/arduino/tools/arm-none-eabi-gcc/4.8.3-2014q1/bin/../lib/gcc/arm-none-eabi/4.8.3/../../../../arm-none-eabi/lib/armv7-m\libc.a(lib_a-aeabi_atexit.o)
 .ARM.attributes
                0x000006df       0x2d c:/users/francesco/appdata/local/arduino15/packages/arduino/tools/arm-none-eabi-gcc/4.8.3-2014q1/bin/../lib/gcc/arm-none-eabi/4.8.3/../../../../arm-none-eabi/lib/armv7-m\libc.a(lib_a-cxa_atexit.o)
 .ARM.attributes
                0x0000070c       0x2d c:/users/francesco/appdata/local/arduino15/packages/arduino/tools/arm-none-eabi-gcc/4.8.3-2014q1/bin/../lib/gcc/arm-none-eabi/4.8.3/../../../../arm-none-eabi/lib/armv7-m\libc.a(lib_a-impure.o)
 .ARM.attributes
                0x00000739       0x2d c:/users/francesco/appdata/local/arduino15/packages/arduino/tools/arm-none-eabi-gcc/4.8.3-2014q1/bin/../lib/gcc/arm-none-eabi/4.8.3/../../../../arm-none-eabi/lib/armv7-m\libc.a(lib_a-init.o)
 .ARM.attributes
                0x00000766       0x2d c:/users/francesco/appdata/local/arduino15/packages/arduino/tools/arm-none-eabi-gcc/4.8.3-2014q1/bin/../lib/gcc/arm-none-eabi/4.8.3/../../../../arm-none-eabi/lib/armv7-m\libc.a(lib_a-memset.o)
 .ARM.attributes
                0x00000793       0x2d c:/users/francesco/appdata/local/arduino15/packages/arduino/tools/arm-none-eabi-gcc/4.8.3-2014q1/bin/../lib/gcc/arm-none-eabi/4.8.3/../../../../arm-none-eabi/lib/armv7-m\libc.a(lib_a-strlen.o)
 .ARM.attributes
                0x000007c0       0x2d c:/users/francesco/appdata/local/arduino15/packages/arduino/tools/arm-none-eabi-gcc/4.8.3-2014q1/bin/../lib/gcc/arm-none-eabi/4.8.3/../../../../arm-none-eabi/lib/armv7-m\libc.a(lib_a-syskill.o)
 .ARM.attributes
                0x000007ed       0x2d c:/users/francesco/appdata/local/arduino15/packages/arduino/tools/arm-none-eabi-gcc/4.8.3-2014q1/bin/../lib/gcc/arm-none-eabi/4.8.3/../../../../arm-none-eabi/lib/armv7-m\libc.a(lib_a-__atexit.o)
 .ARM.attributes
                0x0000081a       0x2d c:/users/francesco/appdata/local/arduino15/packages/arduino/tools/arm-none-eabi-gcc/4.8.3-2014q1/bin/../lib/gcc/arm-none-eabi/4.8.3/../../../../arm-none-eabi/lib/armv7-m\libc.a(lib_a-__call_atexit.o)
 .ARM.attributes
                0x00000847       0x2d c:/users/francesco/appdata/local/arduino15/packages/arduino/tools/arm-none-eabi-gcc/4.8.3-2014q1/bin/../lib/gcc/arm-none-eabi/4.8.3/../../../../arm-none-eabi/lib/armv7-m\libc.a(lib_a-atexit.o)
 .ARM.attributes
                0x00000874       0x2d c:/users/francesco/appdata/local/arduino15/packages/arduino/tools/arm-none-eabi-gcc/4.8.3-2014q1/bin/../lib/gcc/arm-none-eabi/4.8.3/../../../../arm-none-eabi/lib/armv7-m\libc.a(lib_a-fini.o)
 .ARM.attributes
                0x000008a1       0x2d c:/users/francesco/appdata/local/arduino15/packages/arduino/tools/arm-none-eabi-gcc/4.8.3-2014q1/bin/../lib/gcc/arm-none-eabi/4.8.3/../../../../arm-none-eabi/lib/armv7-m\libc.a(lib_a-signalr.o)
 .ARM.attributes
                0x000008ce       0x2d c:/users/francesco/appdata/local/arduino15/packages/arduino/tools/arm-none-eabi-gcc/4.8.3-2014q1/bin/../lib/gcc/arm-none-eabi/4.8.3/../../../../arm-none-eabi/lib/armv7-m\libc.a(lib_a-reent.o)
 .ARM.attributes
                0x000008fb       0x1d c:/users/francesco/appdata/local/arduino15/packages/arduino/tools/arm-none-eabi-gcc/4.8.3-2014q1/bin/../lib/gcc/arm-none-eabi/4.8.3/armv7-m/crtn.o

.comment        0x00000000       0x70
 .comment       0x00000000       0x70 simpleDemo.cpp.o
                                 0x71 (size before relaxing)
 .comment       0x00000000       0x71 schmittTrigger\schmittTrigger.cpp.o
 .comment       0x00000000       0x71 C:\Users\Francesco\AppData\Local\Temp\VMBCore\arduino16x\b9a57376191cbc57cfb08b08824091cb\variant\variant.cpp.o
 .comment       0x00000000       0x71 C:\Users\Francesco\AppData\Local\arduino15\packages\arduino\hardware\sam\1.6.12\variants\arduino_due_x/libsam_sam3x8e_gcc_rel.a(pio.o)
 .comment       0x00000000       0x71 C:\Users\Francesco\AppData\Local\arduino15\packages\arduino\hardware\sam\1.6.12\variants\arduino_due_x/libsam_sam3x8e_gcc_rel.a(pmc.o)
 .comment       0x00000000       0x71 C:\Users\Francesco\AppData\Local\arduino15\packages\arduino\hardware\sam\1.6.12\variants\arduino_due_x/libsam_sam3x8e_gcc_rel.a(system_sam3xa.o)
 .comment       0x00000000       0x71 C:\Users\Francesco\AppData\Local\arduino15\packages\arduino\hardware\sam\1.6.12\variants\arduino_due_x/libsam_sam3x8e_gcc_rel.a(startup_sam3xa.o)
 .comment       0x00000000       0x71 C:\Users\Francesco\AppData\Local\arduino15\packages\arduino\hardware\sam\1.6.12\variants\arduino_due_x/libsam_sam3x8e_gcc_rel.a(adc.o)
 .comment       0x00000000       0x71 C:\Users\Francesco\AppData\Local\arduino15\packages\arduino\hardware\sam\1.6.12\variants\arduino_due_x/libsam_sam3x8e_gcc_rel.a(uotghs.o)
 .comment       0x00000000       0x71 C:\Users\Francesco\AppData\Local\Temp\VMBuilds\simpleDemo\arduino_due_x_dbg\Release/core.a(cortex_handlers.c.o)
 .comment       0x00000000       0x71 C:\Users\Francesco\AppData\Local\Temp\VMBuilds\simpleDemo\arduino_due_x_dbg\Release/core.a(hooks.c.o)
 .comment       0x00000000       0x71 C:\Users\Francesco\AppData\Local\Temp\VMBuilds\simpleDemo\arduino_due_x_dbg\Release/core.a(syscalls_sam3.c.o)
 .comment       0x00000000       0x71 C:\Users\Francesco\AppData\Local\Temp\VMBuilds\simpleDemo\arduino_due_x_dbg\Release/core.a(wiring.c.o)
 .comment       0x00000000       0x71 C:\Users\Francesco\AppData\Local\Temp\VMBuilds\simpleDemo\arduino_due_x_dbg\Release/core.a(wiring_analog.c.o)
 .comment       0x00000000       0x71 C:\Users\Francesco\AppData\Local\Temp\VMBuilds\simpleDemo\arduino_due_x_dbg\Release/core.a(wiring_digital.c.o)
 .comment       0x00000000       0x71 C:\Users\Francesco\AppData\Local\Temp\VMBuilds\simpleDemo\arduino_due_x_dbg\Release/core.a(main.cpp.o)
 .comment       0x00000000       0x71 C:\Users\Francesco\AppData\Local\Temp\VMBuilds\simpleDemo\arduino_due_x_dbg\Release/core.a(Print.cpp.o)
 .comment       0x00000000       0x71 C:\Users\Francesco\AppData\Local\Temp\VMBuilds\simpleDemo\arduino_due_x_dbg\Release/core.a(Reset.cpp.o)
 .comment       0x00000000       0x71 C:\Users\Francesco\AppData\Local\Temp\VMBuilds\simpleDemo\arduino_due_x_dbg\Release/core.a(RingBuffer.cpp.o)
 .comment       0x00000000       0x71 C:\Users\Francesco\AppData\Local\Temp\VMBuilds\simpleDemo\arduino_due_x_dbg\Release/core.a(UARTClass.cpp.o)
 .comment       0x00000000       0x71 C:\Users\Francesco\AppData\Local\Temp\VMBuilds\simpleDemo\arduino_due_x_dbg\Release/core.a(USARTClass.cpp.o)
 .comment       0x00000000       0x71 C:\Users\Francesco\AppData\Local\Temp\VMBuilds\simpleDemo\arduino_due_x_dbg\Release/core.a(watchdog.cpp.o)
 .comment       0x00000000       0x71 C:\Users\Francesco\AppData\Local\Temp\VMBuilds\simpleDemo\arduino_due_x_dbg\Release/core.a(USBCore.cpp.o)
 .comment       0x00000000       0x71 C:\Users\Francesco\AppData\Local\Temp\VMBuilds\simpleDemo\arduino_due_x_dbg\Release/core.a(CDC.cpp.o)
 .comment       0x00000000       0x71 C:\Users\Francesco\AppData\Local\Temp\VMBuilds\simpleDemo\arduino_due_x_dbg\Release/core.a(PluggableUSB.cpp.o)
 .comment       0x00000000       0x71 C:\Users\Francesco\AppData\Local\arduino15\packages\arduino\hardware\sam\1.6.12\variants\arduino_due_x/libsam_sam3x8e_gcc_rel.a(timetick.o)
 .comment       0x00000000       0x71 C:\Users\Francesco\AppData\Local\arduino15\packages\arduino\hardware\sam\1.6.12\variants\arduino_due_x/libsam_sam3x8e_gcc_rel.a(wdt.o)
 .comment       0x00000000       0x71 C:\Users\Francesco\AppData\Local\arduino15\packages\arduino\hardware\sam\1.6.12\variants\arduino_due_x/libsam_sam3x8e_gcc_rel.a(interrupt_sam_nvic.o)
 .comment       0x00000000       0x71 C:\Users\Francesco\AppData\Local\arduino15\packages\arduino\hardware\sam\1.6.12\variants\arduino_due_x/libsam_sam3x8e_gcc_rel.a(uotghs_device.o)

.debug_info     0x00000000    0x11a34
 .debug_info    0x00000000      0x72b simpleDemo.cpp.o
 .debug_info    0x0000072b      0x3cb schmittTrigger\schmittTrigger.cpp.o
 .debug_info    0x00000af6     0x1a43 C:\Users\Francesco\AppData\Local\Temp\VMBCore\arduino16x\b9a57376191cbc57cfb08b08824091cb\variant\variant.cpp.o
 .debug_info    0x00002539      0x2da C:\Users\Francesco\AppData\Local\Temp\VMBuilds\simpleDemo\arduino_due_x_dbg\Release/core.a(cortex_handlers.c.o)
 .debug_info    0x00002813       0x60 C:\Users\Francesco\AppData\Local\Temp\VMBuilds\simpleDemo\arduino_due_x_dbg\Release/core.a(hooks.c.o)
 .debug_info    0x00002873      0x5f2 C:\Users\Francesco\AppData\Local\Temp\VMBuilds\simpleDemo\arduino_due_x_dbg\Release/core.a(syscalls_sam3.c.o)
 .debug_info    0x00002e65      0x52f C:\Users\Francesco\AppData\Local\Temp\VMBuilds\simpleDemo\arduino_due_x_dbg\Release/core.a(wiring.c.o)
 .debug_info    0x00003394     0x1d7e C:\Users\Francesco\AppData\Local\Temp\VMBuilds\simpleDemo\arduino_due_x_dbg\Release/core.a(wiring_analog.c.o)
 .debug_info    0x00005112      0xe00 C:\Users\Francesco\AppData\Local\Temp\VMBuilds\simpleDemo\arduino_due_x_dbg\Release/core.a(wiring_digital.c.o)
 .debug_info    0x00005f12      0x3cf C:\Users\Francesco\AppData\Local\Temp\VMBuilds\simpleDemo\arduino_due_x_dbg\Release/core.a(main.cpp.o)
 .debug_info    0x000062e1     0x27cd C:\Users\Francesco\AppData\Local\Temp\VMBuilds\simpleDemo\arduino_due_x_dbg\Release/core.a(Print.cpp.o)
 .debug_info    0x00008aae      0x3df C:\Users\Francesco\AppData\Local\Temp\VMBuilds\simpleDemo\arduino_due_x_dbg\Release/core.a(Reset.cpp.o)
 .debug_info    0x00008e8d      0x1f6 C:\Users\Francesco\AppData\Local\Temp\VMBuilds\simpleDemo\arduino_due_x_dbg\Release/core.a(RingBuffer.cpp.o)
 .debug_info    0x00009083     0x24e3 C:\Users\Francesco\AppData\Local\Temp\VMBuilds\simpleDemo\arduino_due_x_dbg\Release/core.a(UARTClass.cpp.o)
 .debug_info    0x0000b566      0xbe2 C:\Users\Francesco\AppData\Local\Temp\VMBuilds\simpleDemo\arduino_due_x_dbg\Release/core.a(USARTClass.cpp.o)
 .debug_info    0x0000c148      0x220 C:\Users\Francesco\AppData\Local\Temp\VMBuilds\simpleDemo\arduino_due_x_dbg\Release/core.a(watchdog.cpp.o)
 .debug_info    0x0000c368     0x209d C:\Users\Francesco\AppData\Local\Temp\VMBuilds\simpleDemo\arduino_due_x_dbg\Release/core.a(USBCore.cpp.o)
 .debug_info    0x0000e405     0x2f8e C:\Users\Francesco\AppData\Local\Temp\VMBuilds\simpleDemo\arduino_due_x_dbg\Release/core.a(CDC.cpp.o)
 .debug_info    0x00011393      0x6a1 C:\Users\Francesco\AppData\Local\Temp\VMBuilds\simpleDemo\arduino_due_x_dbg\Release/core.a(PluggableUSB.cpp.o)

.debug_abbrev   0x00000000     0x34ac
 .debug_abbrev  0x00000000      0x2ca simpleDemo.cpp.o
 .debug_abbrev  0x000002ca      0x1c2 schmittTrigger\schmittTrigger.cpp.o
 .debug_abbrev  0x0000048c      0x3fc C:\Users\Francesco\AppData\Local\Temp\VMBCore\arduino16x\b9a57376191cbc57cfb08b08824091cb\variant\variant.cpp.o
 .debug_abbrev  0x00000888      0x106 C:\Users\Francesco\AppData\Local\Temp\VMBuilds\simpleDemo\arduino_due_x_dbg\Release/core.a(cortex_handlers.c.o)
 .debug_abbrev  0x0000098e       0x47 C:\Users\Francesco\AppData\Local\Temp\VMBuilds\simpleDemo\arduino_due_x_dbg\Release/core.a(hooks.c.o)
 .debug_abbrev  0x000009d5      0x166 C:\Users\Francesco\AppData\Local\Temp\VMBuilds\simpleDemo\arduino_due_x_dbg\Release/core.a(syscalls_sam3.c.o)
 .debug_abbrev  0x00000b3b      0x160 C:\Users\Francesco\AppData\Local\Temp\VMBuilds\simpleDemo\arduino_due_x_dbg\Release/core.a(wiring.c.o)
 .debug_abbrev  0x00000c9b      0x2fb C:\Users\Francesco\AppData\Local\Temp\VMBuilds\simpleDemo\arduino_due_x_dbg\Release/core.a(wiring_analog.c.o)
 .debug_abbrev  0x00000f96      0x225 C:\Users\Francesco\AppData\Local\Temp\VMBuilds\simpleDemo\arduino_due_x_dbg\Release/core.a(wiring_digital.c.o)
 .debug_abbrev  0x000011bb      0x196 C:\Users\Francesco\AppData\Local\Temp\VMBuilds\simpleDemo\arduino_due_x_dbg\Release/core.a(main.cpp.o)
 .debug_abbrev  0x00001351      0x4e0 C:\Users\Francesco\AppData\Local\Temp\VMBuilds\simpleDemo\arduino_due_x_dbg\Release/core.a(Print.cpp.o)
 .debug_abbrev  0x00001831      0x14c C:\Users\Francesco\AppData\Local\Temp\VMBuilds\simpleDemo\arduino_due_x_dbg\Release/core.a(Reset.cpp.o)
 .debug_abbrev  0x0000197d      0x175 C:\Users\Francesco\AppData\Local\Temp\VMBuilds\simpleDemo\arduino_due_x_dbg\Release/core.a(RingBuffer.cpp.o)
 .debug_abbrev  0x00001af2      0x53e C:\Users\Francesco\AppData\Local\Temp\VMBuilds\simpleDemo\arduino_due_x_dbg\Release/core.a(UARTClass.cpp.o)
 .debug_abbrev  0x00002030      0x2eb C:\Users\Francesco\AppData\Local\Temp\VMBuilds\simpleDemo\arduino_due_x_dbg\Release/core.a(USARTClass.cpp.o)
 .debug_abbrev  0x0000231b      0x114 C:\Users\Francesco\AppData\Local\Temp\VMBuilds\simpleDemo\arduino_due_x_dbg\Release/core.a(watchdog.cpp.o)
 .debug_abbrev  0x0000242f      0x6d3 C:\Users\Francesco\AppData\Local\Temp\VMBuilds\simpleDemo\arduino_due_x_dbg\Release/core.a(USBCore.cpp.o)
 .debug_abbrev  0x00002b02      0x6f6 C:\Users\Francesco\AppData\Local\Temp\VMBuilds\simpleDemo\arduino_due_x_dbg\Release/core.a(CDC.cpp.o)
 .debug_abbrev  0x000031f8      0x2b4 C:\Users\Francesco\AppData\Local\Temp\VMBuilds\simpleDemo\arduino_due_x_dbg\Release/core.a(PluggableUSB.cpp.o)

.debug_loc      0x00000000     0x39cc
 .debug_loc     0x00000000       0x34 simpleDemo.cpp.o
 .debug_loc     0x00000034      0x1b7 schmittTrigger\schmittTrigger.cpp.o
 .debug_loc     0x000001eb       0x8a C:\Users\Francesco\AppData\Local\Temp\VMBCore\arduino16x\b9a57376191cbc57cfb08b08824091cb\variant\variant.cpp.o
 .debug_loc     0x00000275      0x14a C:\Users\Francesco\AppData\Local\Temp\VMBuilds\simpleDemo\arduino_due_x_dbg\Release/core.a(syscalls_sam3.c.o)
 .debug_loc     0x000003bf       0xfc C:\Users\Francesco\AppData\Local\Temp\VMBuilds\simpleDemo\arduino_due_x_dbg\Release/core.a(wiring.c.o)
 .debug_loc     0x000004bb      0x76c C:\Users\Francesco\AppData\Local\Temp\VMBuilds\simpleDemo\arduino_due_x_dbg\Release/core.a(wiring_analog.c.o)
 .debug_loc     0x00000c27      0x1eb C:\Users\Francesco\AppData\Local\Temp\VMBuilds\simpleDemo\arduino_due_x_dbg\Release/core.a(wiring_digital.c.o)
 .debug_loc     0x00000e12     0x117a C:\Users\Francesco\AppData\Local\Temp\VMBuilds\simpleDemo\arduino_due_x_dbg\Release/core.a(Print.cpp.o)
 .debug_loc     0x00001f8c       0x1e C:\Users\Francesco\AppData\Local\Temp\VMBuilds\simpleDemo\arduino_due_x_dbg\Release/core.a(RingBuffer.cpp.o)
 .debug_loc     0x00001faa      0x42b C:\Users\Francesco\AppData\Local\Temp\VMBuilds\simpleDemo\arduino_due_x_dbg\Release/core.a(UARTClass.cpp.o)
 .debug_loc     0x000023d5      0x230 C:\Users\Francesco\AppData\Local\Temp\VMBuilds\simpleDemo\arduino_due_x_dbg\Release/core.a(USARTClass.cpp.o)
 .debug_loc     0x00002605       0x69 C:\Users\Francesco\AppData\Local\Temp\VMBuilds\simpleDemo\arduino_due_x_dbg\Release/core.a(watchdog.cpp.o)
 .debug_loc     0x0000266e      0xb08 C:\Users\Francesco\AppData\Local\Temp\VMBuilds\simpleDemo\arduino_due_x_dbg\Release/core.a(USBCore.cpp.o)
 .debug_loc     0x00003176      0x638 C:\Users\Francesco\AppData\Local\Temp\VMBuilds\simpleDemo\arduino_due_x_dbg\Release/core.a(CDC.cpp.o)
 .debug_loc     0x000037ae      0x21e C:\Users\Francesco\AppData\Local\Temp\VMBuilds\simpleDemo\arduino_due_x_dbg\Release/core.a(PluggableUSB.cpp.o)

.debug_aranges  0x00000000      0x6e0
 .debug_aranges
                0x00000000       0x30 simpleDemo.cpp.o
 .debug_aranges
                0x00000030       0x50 schmittTrigger\schmittTrigger.cpp.o
 .debug_aranges
                0x00000080       0x70 C:\Users\Francesco\AppData\Local\Temp\VMBCore\arduino16x\b9a57376191cbc57cfb08b08824091cb\variant\variant.cpp.o
 .debug_aranges
                0x000000f0       0x38 C:\Users\Francesco\AppData\Local\Temp\VMBuilds\simpleDemo\arduino_due_x_dbg\Release/core.a(cortex_handlers.c.o)
 .debug_aranges
                0x00000128       0x30 C:\Users\Francesco\AppData\Local\Temp\VMBuilds\simpleDemo\arduino_due_x_dbg\Release/core.a(hooks.c.o)
 .debug_aranges
                0x00000158       0x70 C:\Users\Francesco\AppData\Local\Temp\VMBuilds\simpleDemo\arduino_due_x_dbg\Release/core.a(syscalls_sam3.c.o)
 .debug_aranges
                0x000001c8       0x30 C:\Users\Francesco\AppData\Local\Temp\VMBuilds\simpleDemo\arduino_due_x_dbg\Release/core.a(wiring.c.o)
 .debug_aranges
                0x000001f8       0x50 C:\Users\Francesco\AppData\Local\Temp\VMBuilds\simpleDemo\arduino_due_x_dbg\Release/core.a(wiring_analog.c.o)
 .debug_aranges
                0x00000248       0x30 C:\Users\Francesco\AppData\Local\Temp\VMBuilds\simpleDemo\arduino_due_x_dbg\Release/core.a(wiring_digital.c.o)
 .debug_aranges
                0x00000278       0x28 C:\Users\Francesco\AppData\Local\Temp\VMBuilds\simpleDemo\arduino_due_x_dbg\Release/core.a(main.cpp.o)
 .debug_aranges
                0x000002a0       0xf8 C:\Users\Francesco\AppData\Local\Temp\VMBuilds\simpleDemo\arduino_due_x_dbg\Release/core.a(Print.cpp.o)
 .debug_aranges
                0x00000398       0x38 C:\Users\Francesco\AppData\Local\Temp\VMBuilds\simpleDemo\arduino_due_x_dbg\Release/core.a(Reset.cpp.o)
 .debug_aranges
                0x000003d0       0x28 C:\Users\Francesco\AppData\Local\Temp\VMBuilds\simpleDemo\arduino_due_x_dbg\Release/core.a(RingBuffer.cpp.o)
 .debug_aranges
                0x000003f8       0x90 C:\Users\Francesco\AppData\Local\Temp\VMBuilds\simpleDemo\arduino_due_x_dbg\Release/core.a(UARTClass.cpp.o)
 .debug_aranges
                0x00000488       0x40 C:\Users\Francesco\AppData\Local\Temp\VMBuilds\simpleDemo\arduino_due_x_dbg\Release/core.a(USARTClass.cpp.o)
 .debug_aranges
                0x000004c8       0x38 C:\Users\Francesco\AppData\Local\Temp\VMBuilds\simpleDemo\arduino_due_x_dbg\Release/core.a(watchdog.cpp.o)
 .debug_aranges
                0x00000500       0xc0 C:\Users\Francesco\AppData\Local\Temp\VMBuilds\simpleDemo\arduino_due_x_dbg\Release/core.a(USBCore.cpp.o)
 .debug_aranges
                0x000005c0       0xd0 C:\Users\Francesco\AppData\Local\Temp\VMBuilds\simpleDemo\arduino_due_x_dbg\Release/core.a(CDC.cpp.o)
 .debug_aranges
                0x00000690       0x50 C:\Users\Francesco\AppData\Local\Temp\VMBuilds\simpleDemo\arduino_due_x_dbg\Release/core.a(PluggableUSB.cpp.o)

.debug_ranges   0x00000000      0x968
 .debug_ranges  0x00000000       0x50 simpleDemo.cpp.o