Archive member included because of file (symbol)

C:\Users\Francesco\AppData\Local\arduino15\packages\arduino\hardware\sam\1.6.9\variants\arduino_due_x/libsam_sam3x8e_gcc_rel.a(pio.o)
                              C:\Users\Francesco\AppData\Local\Temp\VMBCore\arduino16x\5165b093ecfda1e84080b0d11f46da64\variant\variant.cpp.o (PIO_Configure)
C:\Users\Francesco\AppData\Local\arduino15\packages\arduino\hardware\sam\1.6.9\variants\arduino_due_x/libsam_sam3x8e_gcc_rel.a(pmc.o)
                              C:\Users\Francesco\AppData\Local\Temp\VMBCore\arduino16x\5165b093ecfda1e84080b0d11f46da64\variant\variant.cpp.o (pmc_enable_periph_clk)
C:\Users\Francesco\AppData\Local\arduino15\packages\arduino\hardware\sam\1.6.9\variants\arduino_due_x/libsam_sam3x8e_gcc_rel.a(system_sam3xa.o)
                              C:\Users\Francesco\AppData\Local\Temp\VMBCore\arduino16x\5165b093ecfda1e84080b0d11f46da64\variant\variant.cpp.o (SystemInit)
C:\Users\Francesco\AppData\Local\arduino15\packages\arduino\hardware\sam\1.6.9\variants\arduino_due_x/libsam_sam3x8e_gcc_rel.a(startup_sam3xa.o)
                              (Reset_Handler)
C:\Users\Francesco\AppData\Local\arduino15\packages\arduino\hardware\sam\1.6.9\variants\arduino_due_x/libsam_sam3x8e_gcc_rel.a(adc.o)
                              C:\Users\Francesco\AppData\Local\Temp\VMBCore\arduino16x\5165b093ecfda1e84080b0d11f46da64\variant\variant.cpp.o (adc_init)
C:\Users\Francesco\AppData\Local\arduino15\packages\arduino\hardware\sam\1.6.9\variants\arduino_due_x/libsam_sam3x8e_gcc_rel.a(uotghs.o)
                              C:\Users\Francesco\AppData\Local\arduino15\packages\arduino\hardware\sam\1.6.9\variants\arduino_due_x/libsam_sam3x8e_gcc_rel.a(startup_sam3xa.o) (UOTGHS_Handler)
C:\Users\Francesco\AppData\Local\Temp\VMBuilds\thermostatDemo\arduino_due_x_dbg\Release/core.a(cortex_handlers.c.o)
                              C:\Users\Francesco\AppData\Local\arduino15\packages\arduino\hardware\sam\1.6.9\variants\arduino_due_x/libsam_sam3x8e_gcc_rel.a(startup_sam3xa.o) (NMI_Handler)
C:\Users\Francesco\AppData\Local\Temp\VMBuilds\thermostatDemo\arduino_due_x_dbg\Release/core.a(hooks.c.o)
                              C:\Users\Francesco\AppData\Local\Temp\VMBuilds\thermostatDemo\arduino_due_x_dbg\Release/core.a(cortex_handlers.c.o) (sysTickHook)
C:\Users\Francesco\AppData\Local\Temp\VMBuilds\thermostatDemo\arduino_due_x_dbg\Release/core.a(syscalls_sam3.c.o)
                              (_sbrk)
C:\Users\Francesco\AppData\Local\Temp\VMBuilds\thermostatDemo\arduino_due_x_dbg\Release/core.a(wiring.c.o)
                              C:\Users\Francesco\AppData\Local\Temp\VMBuilds\thermostatDemo\arduino_due_x_dbg\Release\dallas-temperature-control\DallasTemperature.cpp.o (millis)
C:\Users\Francesco\AppData\Local\Temp\VMBuilds\thermostatDemo\arduino_due_x_dbg\Release/core.a(wiring_analog.c.o)
                              C:\Users\Francesco\AppData\Local\Temp\VMBuilds\thermostatDemo\arduino_due_x_dbg\Release\thermostatDemo.cpp.o (analogRead)
C:\Users\Francesco\AppData\Local\Temp\VMBuilds\thermostatDemo\arduino_due_x_dbg\Release/core.a(wiring_digital.c.o)
                              C:\Users\Francesco\AppData\Local\Temp\VMBuilds\thermostatDemo\arduino_due_x_dbg\Release\thermostatDemo.cpp.o (pinMode)
C:\Users\Francesco\AppData\Local\Temp\VMBuilds\thermostatDemo\arduino_due_x_dbg\Release/core.a(main.cpp.o)
                              c:/users/francesco/appdata/local/arduino15/packages/arduino/tools/arm-none-eabi-gcc/4.8.3-2014q1/bin/../lib/gcc/arm-none-eabi/4.8.3/../../../../arm-none-eabi/lib/armv7-m/crt0.o (main)
C:\Users\Francesco\AppData\Local\Temp\VMBuilds\thermostatDemo\arduino_due_x_dbg\Release/core.a(Print.cpp.o)
                              C:\Users\Francesco\AppData\Local\Temp\VMBuilds\thermostatDemo\arduino_due_x_dbg\Release\thermostatDemo.cpp.o (Print::print(char const*))
C:\Users\Francesco\AppData\Local\Temp\VMBuilds\thermostatDemo\arduino_due_x_dbg\Release/core.a(Reset.cpp.o)
                              C:\Users\Francesco\AppData\Local\Temp\VMBuilds\thermostatDemo\arduino_due_x_dbg\Release/core.a(cortex_handlers.c.o) (tickReset)
C:\Users\Francesco\AppData\Local\Temp\VMBuilds\thermostatDemo\arduino_due_x_dbg\Release/core.a(RingBuffer.cpp.o)
                              C:\Users\Francesco\AppData\Local\Temp\VMBCore\arduino16x\5165b093ecfda1e84080b0d11f46da64\variant\variant.cpp.o (RingBuffer::RingBuffer())
C:\Users\Francesco\AppData\Local\Temp\VMBuilds\thermostatDemo\arduino_due_x_dbg\Release/core.a(UARTClass.cpp.o)
                              C:\Users\Francesco\AppData\Local\Temp\VMBCore\arduino16x\5165b093ecfda1e84080b0d11f46da64\variant\variant.cpp.o (UARTClass::available())
C:\Users\Francesco\AppData\Local\Temp\VMBuilds\thermostatDemo\arduino_due_x_dbg\Release/core.a(USARTClass.cpp.o)
[...]
Memory Configuration

Name             Origin             Length             Attributes
rom              0x00080000         0x00080000         xr
sram0            0x20000000         0x00010000         xrw
sram1            0x20080000         0x00008000         xrw
ram              0x20070000         0x00018000         xrw
*default*        0x00000000         0xffffffff

Linker script and memory map

LOAD c:/users/francesco/appdata/local/arduino15/packages/arduino/tools/arm-none-eabi-gcc/4.8.3-2014q1/bin/../lib/gcc/arm-none-eabi/4.8.3/armv7-m/crti.o
LOAD c:/users/francesco/appdata/local/arduino15/packages/arduino/tools/arm-none-eabi-gcc/4.8.3-2014q1/bin/../lib/gcc/arm-none-eabi/4.8.3/armv7-m/crtbegin.o
LOAD c:/users/francesco/appdata/local/arduino15/packages/arduino/tools/arm-none-eabi-gcc/4.8.3-2014q1/bin/../lib/gcc/arm-none-eabi/4.8.3/../../../../arm-none-eabi/lib/armv7-m/crt0.o
START GROUP
LOAD C:\Users\Francesco\AppData\Local\Temp\VMBuilds\thermostatDemo\arduino_due_x_dbg\Release\thermostatDemo.cpp.o
LOAD C:\Users\Francesco\AppData\Local\Temp\VMBuilds\thermostatDemo\arduino_due_x_dbg\Release\schmittTrigger\schmittTrigger.cpp.o
LOAD C:\Users\Francesco\AppData\Local\Temp\VMBuilds\thermostatDemo\arduino_due_x_dbg\Release\OneWire\OneWire.cpp.o
LOAD C:\Users\Francesco\AppData\Local\Temp\VMBuilds\thermostatDemo\arduino_due_x_dbg\Release\dallas-temperature-control\DallasTemperature.cpp.o
LOAD C:\Users\Francesco\AppData\Local\Temp\VMBCore\arduino16x\5165b093ecfda1e84080b0d11f46da64\variant\variant.cpp.o
LOAD C:\Users\Francesco\AppData\Local\arduino15\packages\arduino\hardware\sam\1.6.9\variants\arduino_due_x/libsam_sam3x8e_gcc_rel.a
LOAD C:\Users\Francesco\AppData\Local\Temp\VMBuilds\thermostatDemo\arduino_due_x_dbg\Release/core.a
END GROUP
LOAD c:/users/francesco/appdata/local/arduino15/packages/arduino/tools/arm-none-eabi-gcc/4.8.3-2014q1/bin/../lib/gcc/arm-none-eabi/4.8.3/../../../../arm-none-eabi/lib/armv7-m\libm.a
START GROUP
LOAD c:/users/francesco/appdata/local/arduino15/packages/arduino/tools/arm-none-eabi-gcc/4.8.3-2014q1/bin/../lib/gcc/arm-none-eabi/4.8.3/armv7-m\libgcc.a
LOAD c:/users/francesco/appdata/local/arduino15/packages/arduino/tools/arm-none-eabi-gcc/4.8.3-2014q1/bin/../lib/gcc/arm-none-eabi/4.8.3/../../../../arm-none-eabi/lib/armv7-m\libg.a
LOAD c:/users/francesco/appdata/local/arduino15/packages/arduino/tools/arm-none-eabi-gcc/4.8.3-2014q1/bin/../lib/gcc/arm-none-eabi/4.8.3/../../../../arm-none-eabi/lib/armv7-m\libc.a
END GROUP
LOAD c:/users/francesco/appdata/local/arduino15/packages/arduino/tools/arm-none-eabi-gcc/4.8.3-2014q1/bin/../lib/gcc/arm-none-eabi/4.8.3/armv7-m/crtend.o
LOAD c:/users/francesco/appdata/local/arduino15/packages/arduino/tools/arm-none-eabi-gcc/4.8.3-2014q1/bin/../lib/gcc/arm-none-eabi/4.8.3/armv7-m/crtn.o

.text           0x00080000     0x7178
                0x00080000                . = ALIGN (0x4)
                0x00080000                _sfixed = .
 *(.vectors .vectors.*)
 .vectors       0x00080000       0xf4 C:\Users\Francesco\AppData\Local\arduino15\packages\arduino\hardware\sam\1.6.9\variants\arduino_due_x/libsam_sam3x8e_gcc_rel.a(startup_sam3xa.o)
                0x00080000                exception_table
 *(.text .text.* .gnu.linkonce.t.*)
 .text          0x000800f4       0x54 c:/users/francesco/appdata/local/arduino15/packages/arduino/tools/arm-none-eabi-gcc/4.8.3-2014q1/bin/../lib/gcc/arm-none-eabi/4.8.3/armv7-m/crtbegin.o
 .text.loop     0x00080148      0x104 C:\Users\Francesco\AppData\Local\Temp\VMBuilds\thermostatDemo\arduino_due_x_dbg\Release\thermostatDemo.cpp.o
                0x00080148                loop
 .text.startup._GLOBAL__sub_I_oneWire
                0x0008024c       0x40 C:\Users\Francesco\AppData\Local\Temp\VMBuilds\thermostatDemo\arduino_due_x_dbg\Release\thermostatDemo.cpp.o
 .text.setup    0x0008028c       0x90 C:\Users\Francesco\AppData\Local\Temp\VMBuilds\thermostatDemo\arduino_due_x_dbg\Release\thermostatDemo.cpp.o
                0x0008028c                setup
 .text._ZN14schmittTriggerC2Ev
                0x0008031c       0x14 C:\Users\Francesco\AppData\Local\Temp\VMBuilds\thermostatDemo\arduino_due_x_dbg\Release\schmittTrigger\schmittTrigger.cpp.o
                0x0008031c                schmittTrigger::schmittTrigger()
                0x0008031c                schmittTrigger::schmittTrigger()
 .text._ZN14schmittTrigger7beginSPE13triggerType_tddi
                0x00080330       0x50 C:\Users\Francesco\AppData\Local\Temp\VMBuilds\thermostatDemo\arduino_due_x_dbg\Release\schmittTrigger\schmittTrigger.cpp.o
                0x00080330                schmittTrigger::beginSP(triggerType_t, double, double, int)
 .text._ZN14schmittTrigger14changeSetpointEdd
                0x00080380       0x44 C:\Users\Francesco\AppData\Local\Temp\VMBuilds\thermostatDemo\arduino_due_x_dbg\Release\schmittTrigger\schmittTrigger.cpp.o
                0x00080380                schmittTrigger::changeSetpoint(double, double)
 .text._ZN14schmittTrigger8evaluateEd
                0x000803c4       0x72 C:\Users\Francesco\AppData\Local\Temp\VMBuilds\thermostatDemo\arduino_due_x_dbg\Release\schmittTrigger\schmittTrigger.cpp.o
                0x000803c4                schmittTrigger::evaluate(double)
 .text._ZN14schmittTriggerD2Ev
                0x00080436        0x2 C:\Users\Francesco\AppData\Local\Temp\VMBuilds\thermostatDemo\arduino_due_x_dbg\Release\schmittTrigger\schmittTrigger.cpp.o
                0x00080436                schmittTrigger::~schmittTrigger()
                0x00080436                schmittTrigger::~schmittTrigger()
 .text._ZN7OneWire5resetEv
                0x00080438       0x5a C:\Users\Francesco\AppData\Local\Temp\VMBuilds\thermostatDemo\arduino_due_x_dbg\Release\OneWire\OneWire.cpp.o
                0x00080438                OneWire::reset()
 .text._ZN7OneWire9write_bitEh
                0x00080492       0x40 C:\Users\Francesco\AppData\Local\Temp\VMBuilds\thermostatDemo\arduino_due_x_dbg\Release\OneWire\OneWire.cpp.o
                0x00080492                OneWire::write_bit(unsigned char)
 .text._ZN7OneWire8read_bitEv
                0x000804d2       0x36 C:\Users\Francesco\AppData\Local\Temp\VMBuilds\thermostatDemo\arduino_due_x_dbg\Release\OneWire\OneWire.cpp.o
                0x000804d2                OneWire::read_bit()
 .text._ZN7OneWire5writeEhh
                0x00080508       0x3a C:\Users\Francesco\AppData\Local\Temp\VMBuilds\thermostatDemo\arduino_due_x_dbg\Release\OneWire\OneWire.cpp.o
                0x00080508                OneWire::write(unsigned char, unsigned char)
 .text._ZN7OneWire4readEv
                0x00080542       0x20 C:\Users\Francesco\AppData\Local\Temp\VMBuilds\thermostatDemo\arduino_due_x_dbg\Release\OneWire\OneWire.cpp.o
                0x00080542                OneWire::read()
 .text._ZN7OneWire6selectEPKh
                0x00080562       0x22 C:\Users\Francesco\AppData\Local\Temp\VMBuilds\thermostatDemo\arduino_due_x_dbg\Release\OneWire\OneWire.cpp.o
                0x00080562                OneWire::select(unsigned char const*)
 .text._ZN7OneWire4skipEv
                0x00080584        0x8 C:\Users\Francesco\AppData\Local\Temp\VMBuilds\thermostatDemo\arduino_due_x_dbg\Release\OneWire\OneWire.cpp.o
                0x00080584                OneWire::skip()
 .text._ZN7OneWire12reset_searchEv
                0x0008058c       0x18 C:\Users\Francesco\AppData\Local\Temp\VMBuilds\thermostatDemo\arduino_due_x_dbg\Release\OneWire\OneWire.cpp.o
                0x0008058c                OneWire::reset_search()
 .text._ZN7OneWireC2Eh
                0x000805a4       0x2c C:\Users\Francesco\AppData\Local\Temp\VMBuilds\thermostatDemo\arduino_due_x_dbg\Release\OneWire\OneWire.cpp.o
                0x000805a4                OneWire::OneWire(unsigned char)
                0x000805a4                OneWire::OneWire(unsigned char)
 .text._ZN7OneWire6searchEPhb
                0x000805d0       0xee C:\Users\Francesco\AppData\Local\Temp\VMBuilds\thermostatDemo\arduino_due_x_dbg\Release\OneWire\OneWire.cpp.o
                0x000805d0                OneWire::search(unsigned char*, bool)
 *fill*         0x000806be        0x2 
 .text._ZN7OneWire4crc8EPKhh
                0x000806c0       0x20 C:\Users\Francesco\AppData\Local\Temp\VMBuilds\thermostatDemo\arduino_due_x_dbg\Release\OneWire\OneWire.cpp.o
                0x000806c0                OneWire::crc8(unsigned char const*, unsigned char)
 .text._ZN17DallasTemperature19defaultAlarmHandlerEPh
                0x000806e0        0x2 C:\Users\Francesco\AppData\Local\Temp\VMBuilds\thermostatDemo\arduino_due_x_dbg\Release\dallas-temperature-control\DallasTemperature.cpp.o
                0x000806e0                DallasTemperature::defaultAlarmHandler(unsigned char*)
 *fill*         0x000806e2        0x2 
 .text._ZN17DallasTemperatureC2EP7OneWire
                0x000806e4       0x1c C:\Users\Francesco\AppData\Local\Temp\VMBuilds\thermostatDemo\arduino_due_x_dbg\Release\dallas-temperature-control\DallasTemperature.cpp.o
                0x000806e4                DallasTemperature::DallasTemperature(OneWire*)
                0x000806e4                DallasTemperature::DallasTemperature(OneWire*)
 .text._ZN17DallasTemperature12validAddressEPh
                0x00080700       0x16 C:\Users\Francesco\AppData\Local\Temp\VMBuilds\thermostatDemo\arduino_due_x_dbg\Release\dallas-temperature-control\DallasTemperature.cpp.o
                0x00080700                DallasTemperature::validAddress(unsigned char*)
 .text._ZN17DallasTemperature10getAddressEPhh
                0x00080716       0x3a C:\Users\Francesco\AppData\Local\Temp\VMBuilds\thermostatDemo\arduino_due_x_dbg\Release\dallas-temperature-control\DallasTemperature.cpp.o
                0x00080716                DallasTemperature::getAddress(unsigned char*, unsigned char)
 .text._ZN17DallasTemperature14readScratchPadEPhS0_
                0x00080750       0x72 C:\Users\Francesco\AppData\Local\Temp\VMBuilds\thermostatDemo\arduino_due_x_dbg\Release\dallas-temperature-control\DallasTemperature.cpp.o
                0x00080750                DallasTemperature::readScratchPad(unsigned char*, unsigned char*)
 .text._ZN17DallasTemperature11isConnectedEPhS0_
                0x000807c2       0x1a C:\Users\Francesco\AppData\Local\Temp\VMBuilds\thermostatDemo\arduino_due_x_dbg\Release\dallas-temperature-control\DallasTemperature.cpp.o
                0x000807c2                DallasTemperature::isConnected(unsigned char*, unsigned char*)
 .text._ZN17DallasTemperature15readPowerSupplyEPh
                0x000807dc       0x36 C:\Users\Francesco\AppData\Local\Temp\VMBuilds\thermostatDemo\arduino_due_x_dbg\Release\dallas-temperature-control\DallasTemperature.cpp.o
                0x000807dc                DallasTemperature::readPowerSupply(unsigned char*)
 .text._ZN17DallasTemperature13getResolutionEPh
                0x00080812       0x40 C:\Users\Francesco\AppData\Local\Temp\VMBuilds\thermostatDemo\arduino_due_x_dbg\Release\dallas-temperature-control\DallasTemperature.cpp.o
                0x00080812                DallasTemperature::getResolution(unsigned char*)
 .text._ZN17DallasTemperature5beginEv
                0x00080852       0x6c C:\Users\Francesco\AppData\Local\Temp\VMBuilds\thermostatDemo\arduino_due_x_dbg\Release\dallas-temperature-control\DallasTemperature.cpp.o
                0x00080852                DallasTemperature::begin()
 .text._ZN17DallasTemperature21isConversionAvailableEPh
                0x000808be       0x18 C:\Users\Francesco\AppData\Local\Temp\VMBuilds\thermostatDemo\arduino_due_x_dbg\Release\dallas-temperature-control\DallasTemperature.cpp.o
                0x000808be                DallasTemperature::isConversionAvailable(unsigned char*)
 .text._ZN17DallasTemperature27blockTillConversionCompleteEPhS0_
                0x000808d6       0x56 C:\Users\Francesco\AppData\Local\Temp\VMBuilds\thermostatDemo\arduino_due_x_dbg\Release\dallas-temperature-control\DallasTemperature.cpp.o
                0x000808d6                DallasTemperature::blockTillConversionComplete(unsigned char*, unsigned char*)
 .text._ZN17DallasTemperature19requestTemperaturesEv
                0x0008092c       0x2e C:\Users\Francesco\AppData\Local\Temp\VMBuilds\thermostatDemo\arduino_due_x_dbg\Release\dallas-temperature-control\DallasTemperature.cpp.o
                0x0008092c                DallasTemperature::requestTemperatures()
 *fill*         0x0008095a        0x2 
 .text._ZN17DallasTemperature20calculateTemperatureEPhS0_
                0x0008095c       0xb8 C:\Users\Francesco\AppData\Local\Temp\VMBuilds\thermostatDemo\arduino_due_x_dbg\Release\dallas-temperature-control\DallasTemperature.cpp.o
                0x0008095c                DallasTemperature::calculateTemperature(unsigned char*, unsigned char*)
 .text._ZN17DallasTemperature8getTempCEPh
                0x00080a14       0x28 C:\Users\Francesco\AppData\Local\Temp\VMBuilds\thermostatDemo\arduino_due_x_dbg\Release\dallas-temperature-control\DallasTemperature.cpp.o
                0x00080a14                DallasTemperature::getTempC(unsigned char*)
 .text._ZN17DallasTemperature15getTempCByIndexEh
                0x00080a3c       0x18 C:\Users\Francesco\AppData\Local\Temp\VMBuilds\thermostatDemo\arduino_due_x_dbg\Release\dallas-temperature-control\DallasTemperature.cpp.o
                0x00080a3c                DallasTemperature::getTempCByIndex(unsigned char)
 .text._Z11serialEventv
                0x00080a54        0x2 C:\Users\Francesco\AppData\Local\Temp\VMBCore\arduino16x\5165b093ecfda1e84080b0d11f46da64\variant\variant.cpp.o
                0x00080a54                serialEvent()
 *fill*         0x00080a56        0x2 
 .text.UART_Handler
                0x00080a58        0xc C:\Users\Francesco\AppData\Local\Temp\VMBCore\arduino16x\5165b093ecfda1e84080b0d11f46da64\variant\variant.cpp.o
                0x00080a58                UART_Handler
 .text._Z12serialEvent1v
                0x00080a64        0x2 C:\Users\Francesco\AppData\Local\Temp\VMBCore\arduino16x\5165b093ecfda1e84080b0d11f46da64\variant\variant.cpp.o
                0x00080a64                serialEvent1()
 .text._Z12serialEvent2v
                0x00080a66        0x2 C:\Users\Francesco\AppData\Local\Temp\VMBCore\arduino16x\5165b093ecfda1e84080b0d11f46da64\variant\variant.cpp.o
                0x00080a66                serialEvent2()
 .text._Z12serialEvent3v
                0x00080a68        0x2 C:\Users\Francesco\AppData\Local\Temp\VMBCore\arduino16x\5165b093ecfda1e84080b0d11f46da64\variant\variant.cpp.o
                0x00080a68                serialEvent3()
 *fill*         0x00080a6a        0x2 
 .text.USART0_Handler
                0x00080a6c        0xc C:\Users\Francesco\AppData\Local\Temp\VMBCore\arduino16x\5165b093ecfda1e84080b0d11f46da64\variant\variant.cpp.o
                0x00080a6c                USART0_Handler
 .text.USART1_Handler
                0x00080a78        0xc C:\Users\Francesco\AppData\Local\Temp\VMBCore\arduino16x\5165b093ecfda1e84080b0d11f46da64\variant\variant.cpp.o
                0x00080a78                USART1_Handler
 .text.USART3_Handler
                0x00080a84        0xc C:\Users\Francesco\AppData\Local\Temp\VMBCore\arduino16x\5165b093ecfda1e84080b0d11f46da64\variant\variant.cpp.o
                0x00080a84                USART3_Handler
 .text.init     0x00080a90      0x128 C:\Users\Francesco\AppData\Local\Temp\VMBCore\arduino16x\5165b093ecfda1e84080b0d11f46da64\variant\variant.cpp.o
                0x00080a90                init
 .text.startup._GLOBAL__sub_I_g_APinDescription
                0x00080bb8       0xd4 C:\Users\Francesco\AppData\Local\Temp\VMBCore\arduino16x\5165b093ecfda1e84080b0d11f46da64\variant\variant.cpp.o
 .text._Z14serialEventRunv
                0x00080c8c       0x44 C:\Users\Francesco\AppData\Local\Temp\VMBCore\arduino16x\5165b093ecfda1e84080b0d11f46da64\variant\variant.cpp.o
                0x00080c8c                serialEventRun()
 .text.PIO_PullUp
                0x00080cd0        0xa C:\Users\Francesco\AppData\Local\arduino15\packages\arduino\hardware\sam\1.6.9\variants\arduino_due_x/libsam_sam3x8e_gcc_rel.a(pio.o)
                0x00080cd0                PIO_PullUp
 .text.PIO_SetPeripheral
                0x00080cda       0x26 C:\Users\Francesco\AppData\Local\arduino15\packages\arduino\hardware\sam\1.6.9\variants\arduino_due_x/libsam_sam3x8e_gcc_rel.a(pio.o)
                0x00080cda                PIO_SetPeripheral
 .text.PIO_SetInput
                0x00080d00       0x26 C:\Users\Francesco\AppData\Local\arduino15\packages\arduino\hardware\sam\1.6.9\variants\arduino_due_x/libsam_sam3x8e_gcc_rel.a(pio.o)
                0x00080d00                PIO_SetInput
 .text.PIO_SetOutput
                0x00080d26       0x24 C:\Users\Francesco\AppData\Local\arduino15\packages\arduino\hardware\sam\1.6.9\variants\arduino_due_x/libsam_sam3x8e_gcc_rel.a(pio.o)
                0x00080d26                PIO_SetOutput
 *fill*         0x00080d4a        0x2 
 .text.PIO_Configure
                0x00080d4c       0x64 C:\Users\Francesco\AppData\Local\arduino15\packages\arduino\hardware\sam\1.6.9\variants\arduino_due_x/libsam_sam3x8e_gcc_rel.a(pio.o)
                0x00080d4c                PIO_Configure
 .text.PIO_GetOutputDataStatus
                0x00080db0       0x14 C:\Users\Francesco\AppData\Local\arduino15\packages\arduino\hardware\sam\1.6.9\variants\arduino_due_x/libsam_sam3x8e_gcc_rel.a(pio.o)
                0x00080db0                PIO_GetOutputDataStatus
 .text.pmc_enable_upll_clock
                0x00080dc4       0x14 C:\Users\Francesco\AppData\Local\arduino15\packages\arduino\hardware\sam\1.6.9\variants\arduino_due_x/libsam_sam3x8e_gcc_rel.a(pmc.o)
                0x00080dc4                pmc_enable_upll_clock
 .text.pmc_enable_periph_clk
                0x00080dd8       0x44 C:\Users\Francesco\AppData\Local\arduino15\packages\arduino\hardware\sam\1.6.9\variants\arduino_due_x/libsam_sam3x8e_gcc_rel.a(pmc.o)
                0x00080dd8                pmc_enable_periph_clk
 .text.pmc_disable_periph_clk
                0x00080e1c       0x40 C:\Users\Francesco\AppData\Local\arduino15\packages\arduino\hardware\sam\1.6.9\variants\arduino_due_x/libsam_sam3x8e_gcc_rel.a(pmc.o)
                0x00080e1c                pmc_disable_periph_clk
 .text.pmc_switch_udpck_to_upllck
                0x00080e5c       0x14 C:\Users\Francesco\AppData\Local\arduino15\packages\arduino\hardware\sam\1.6.9\variants\arduino_due_x/libsam_sam3x8e_gcc_rel.a(pmc.o)
                0x00080e5c                pmc_switch_udpck_to_upllck
 .text.pmc_enable_udpck
                0x00080e70        0xc C:\Users\Francesco\AppData\Local\arduino15\packages\arduino\hardware\sam\1.6.9\variants\arduino_due_x/libsam_sam3x8e_gcc_rel.a(pmc.o)
                0x00080e70                pmc_enable_udpck
 .text.SystemInit
                0x00080e7c       0x88 C:\Users\Francesco\AppData\Local\arduino15\packages\arduino\hardware\sam\1.6.9\variants\arduino_due_x/libsam_sam3x8e_gcc_rel.a(system_sam3xa.o)
                0x00080e7c                SystemInit
 .text.Reset_Handler
                0x00080f04       0x78 C:\Users\Francesco\AppData\Local\arduino15\packages\arduino\hardware\sam\1.6.9\variants\arduino_due_x/libsam_sam3x8e_gcc_rel.a(startup_sam3xa.o)
                0x00080f04                Reset_Handler
 .text.adc_init
                0x00080f7c       0x98 C:\Users\Francesco\AppData\Local\arduino15\packages\arduino\hardware\sam\1.6.9\variants\arduino_due_x/libsam_sam3x8e_gcc_rel.a(adc.o)
                0x00080f7c                adc_init
 .text.adc_configure_trigger
                0x00081014        0xe C:\Users\Francesco\AppData\Local\arduino15\packages\arduino\hardware\sam\1.6.9\variants\arduino_due_x/libsam_sam3x8e_gcc_rel.a(adc.o)
                0x00081014                adc_configure_trigger
 .text.adc_configure_timing
                0x00081022       0x1a C:\Users\Francesco\AppData\Local\arduino15\packages\arduino\hardware\sam\1.6.9\variants\arduino_due_x/libsam_sam3x8e_gcc_rel.a(adc.o)
                0x00081022                adc_configure_timing
 .text.adc_start
                0x0008103c        0x6 C:\Users\Francesco\AppData\Local\arduino15\packages\arduino\hardware\sam\1.6.9\variants\arduino_due_x/libsam_sam3x8e_gcc_rel.a(adc.o)
                0x0008103c                adc_start
 .text.adc_enable_channel
                0x00081042        0xa C:\Users\Francesco\AppData\Local\arduino15\packages\arduino\hardware\sam\1.6.9\variants\arduino_due_x/libsam_sam3x8e_gcc_rel.a(adc.o)
                0x00081042                adc_enable_channel
 .text.adc_disable_channel
                0x0008104c        0xa C:\Users\Francesco\AppData\Local\arduino15\packages\arduino\hardware\sam\1.6.9\variants\arduino_due_x/libsam_sam3x8e_gcc_rel.a(adc.o)
                0x0008104c                adc_disable_channel
 .text.adc_disable_all_channel
                0x00081056        0x8 C:\Users\Francesco\AppData\Local\arduino15\packages\arduino\hardware\sam\1.6.9\variants\arduino_due_x/libsam_sam3x8e_gcc_rel.a(adc.o)
                0x00081056                adc_disable_all_channel
 .text.adc_get_channel_status
                0x0008105e        0xa C:\Users\Francesco\AppData\Local\arduino15\packages\arduino\hardware\sam\1.6.9\variants\arduino_due_x/libsam_sam3x8e_gcc_rel.a(adc.o)
                0x0008105e                adc_get_channel_status
 .text.adc_get_latest_value
                0x00081068        0x4 C:\Users\Francesco\AppData\Local\arduino15\packages\arduino\hardware\sam\1.6.9\variants\arduino_due_x/libsam_sam3x8e_gcc_rel.a(adc.o)
                0x00081068                adc_get_latest_value
 .text.adc_disable_interrupt
                0x0008106c        0x4 C:\Users\Francesco\AppData\Local\arduino15\packages\arduino\hardware\sam\1.6.9\variants\arduino_due_x/libsam_sam3x8e_gcc_rel.a(adc.o)
                0x0008106c                adc_disable_interrupt
 .text.adc_get_status
                0x00081070        0x4 C:\Users\Francesco\AppData\Local\arduino15\packages\arduino\hardware\sam\1.6.9\variants\arduino_due_x/libsam_sam3x8e_gcc_rel.a(adc.o)
                0x00081070                adc_get_status
 .text.UOTGHS_Handler
                0x00081074       0x10 C:\Users\Francesco\AppData\Local\arduino15\packages\arduino\hardware\sam\1.6.9\variants\arduino_due_x/libsam_sam3x8e_gcc_rel.a(uotghs.o)
                0x00081074                UOTGHS_Handler
 .text.__halt   0x00081084        0x2 C:\Users\Francesco\AppData\Local\Temp\VMBuilds\thermostatDemo\arduino_due_x_dbg\Release/core.a(cortex_handlers.c.o)
                0x00081084                DACC_Handler
                0x00081084                DebugMon_Handler
                0x00081084                DMAC_Handler
                0x00081084                TRNG_Handler
                0x00081084                HardFault_Handler
                0x00081084                TC2_Handler
                0x00081084                TWI1_Handler
                0x00081084                NMI_Handler
                0x00081084                TC7_Handler
                0x00081084                ADC_Handler
                0x00081084                SMC_Handler
                0x00081084                RTT_Handler
                0x00081084                EFC1_Handler
                0x00081084                PIOB_Handler
                0x00081084                RTC_Handler
                0x00081084                UsageFault_Handler
                0x00081084                TC6_Handler
                0x00081084                WDT_Handler
                0x00081084                CAN0_Handler
                0x00081084                TC4_Handler
                0x00081084                TC1_Handler
                0x00081084                HSMCI_Handler
                0x00081084                TC3_Handler
                0x00081084                TWI0_Handler
                0x00081084                PIOA_Handler
                0x00081084                SSC_Handler
                0x00081084                EFC0_Handler
                0x00081084                PMC_Handler
                0x00081084                PWM_Handler
                0x00081084                CAN1_Handler
                0x00081084                MemManage_Handler
                0x00081084                SUPC_Handler
                0x00081084                TC8_Handler
                0x00081084                USART2_Handler
                0x00081084                PIOD_Handler
                0x00081084                EMAC_Handler
                0x00081084                PIOC_Handler
                0x00081084                BusFault_Handler
                0x00081084                RSTC_Handler
                0x00081084                TC0_Handler
                0x00081084                TC5_Handler
                0x00081084                SPI0_Handler
 .text.SVC_Handler
                0x00081086        0x4 C:\Users\Francesco\AppData\Local\Temp\VMBuilds\thermostatDemo\arduino_due_x_dbg\Release/core.a(cortex_handlers.c.o)
                0x00081086                SVC_Handler
 .text.PendSV_Handler
                0x0008108a        0x4 C:\Users\Francesco\AppData\Local\Temp\VMBuilds\thermostatDemo\arduino_due_x_dbg\Release/core.a(cortex_handlers.c.o)
                0x0008108a                PendSV_Handler
 .text.SysTick_Handler
                0x0008108e       0x16 C:\Users\Francesco\AppData\Local\Temp\VMBuilds\thermostatDemo\arduino_due_x_dbg\Release/core.a(cortex_handlers.c.o)
                0x0008108e                SysTick_Handler
 .text.__empty  0x000810a4        0x2 C:\Users\Francesco\AppData\Local\Temp\VMBuilds\thermostatDemo\arduino_due_x_dbg\Release/core.a(hooks.c.o)
                0x000810a4                yield
 .text.__false  0x000810a6        0x4 C:\Users\Francesco\AppData\Local\Temp\VMBuilds\thermostatDemo\arduino_due_x_dbg\Release/core.a(hooks.c.o)
                0x000810a6                sysTickHook
 .text.__halt   0x000810aa        0x2 C:\Users\Francesco\AppData\Local\Temp\VMBuilds\thermostatDemo\arduino_due_x_dbg\Release/core.a(hooks.c.o)
                0x000810aa                svcHook
                0x000810aa                pendSVHook
 .text._sbrk    0x000810ac       0x1c C:\Users\Francesco\AppData\Local\Temp\VMBuilds\thermostatDemo\arduino_due_x_dbg\Release/core.a(syscalls_sam3.c.o)
                0x000810ac                _sbrk
 .text.link     0x000810c8        0x6 C:\Users\Francesco\AppData\Local\Temp\VMBuilds\thermostatDemo\arduino_due_x_dbg\Release/core.a(syscalls_sam3.c.o)
                0x000810c8                link
 .text._close   0x000810ce        0x6 C:\Users\Francesco\AppData\Local\Temp\VMBuilds\thermostatDemo\arduino_due_x_dbg\Release/core.a(syscalls_sam3.c.o)
                0x000810ce                _close
 .text._fstat   0x000810d4        0xa C:\Users\Francesco\AppData\Local\Temp\VMBuilds\thermostatDemo\arduino_due_x_dbg\Release/core.a(syscalls_sam3.c.o)
                0x000810d4                _fstat
 .text._isatty  0x000810de        0x4 C:\Users\Francesco\AppData\Local\Temp\VMBuilds\thermostatDemo\arduino_due_x_dbg\Release/core.a(syscalls_sam3.c.o)
                0x000810de                _isatty
 .text._lseek   0x000810e2        0x4 C:\Users\Francesco\AppData\Local\Temp\VMBuilds\thermostatDemo\arduino_due_x_dbg\Release/core.a(syscalls_sam3.c.o)
                0x000810e2                _lseek
 .text._read    0x000810e6        0x4 C:\Users\Francesco\AppData\Local\Temp\VMBuilds\thermostatDemo\arduino_due_x_dbg\Release/core.a(syscalls_sam3.c.o)
                0x000810e6                _read
 *fill*         0x000810ea        0x2 
 .text._write   0x000810ec       0x24 C:\Users\Francesco\AppData\Local\Temp\VMBuilds\thermostatDemo\arduino_due_x_dbg\Release/core.a(syscalls_sam3.c.o)
                0x000810ec                _write
 .text._exit    0x00081110       0x10 C:\Users\Francesco\AppData\Local\Temp\VMBuilds\thermostatDemo\arduino_due_x_dbg\Release/core.a(syscalls_sam3.c.o)
                0x00081110                _exit
 .text._kill    0x00081120        0x2 C:\Users\Francesco\AppData\Local\Temp\VMBuilds\thermostatDemo\arduino_due_x_dbg\Release/core.a(syscalls_sam3.c.o)
                0x00081120                _kill
 .text._getpid  0x00081122        0x6 C:\Users\Francesco\AppData\Local\Temp\VMBuilds\thermostatDemo\arduino_due_x_dbg\Release/core.a(syscalls_sam3.c.o)
                0x00081122                _getpid
 .text.millis   0x00081128        0x4 C:\Users\Francesco\AppData\Local\Temp\VMBuilds\thermostatDemo\arduino_due_x_dbg\Release/core.a(wiring.c.o)
                0x00081128                millis
 .text.delay    0x0008112c       0x1c C:\Users\Francesco\AppData\Local\Temp\VMBuilds\thermostatDemo\arduino_due_x_dbg\Release/core.a(wiring.c.o)
                0x0008112c                delay
 .text.mapResolution
                0x00081148       0x12 C:\Users\Francesco\AppData\Local\Temp\VMBuilds\thermostatDemo\arduino_due_x_dbg\Release/core.a(wiring_analog.c.o)
 *fill*         0x0008115a        0x2 
 .text.analogRead
                0x0008115c       0x9c C:\Users\Francesco\AppData\Local\Temp\VMBuilds\thermostatDemo\arduino_due_x_dbg\Release/core.a(wiring_analog.c.o)
                0x0008115c                analogRead
 .text.analogOutputInit
                0x000811f8        0x2 C:\Users\Francesco\AppData\Local\Temp\VMBuilds\thermostatDemo\arduino_due_x_dbg\Release/core.a(wiring_analog.c.o)
                0x000811f8                analogOutputInit
 *fill*         0x000811fa        0x2 
 .text.pinMode  0x000811fc      0x108 C:\Users\Francesco\AppData\Local\Temp\VMBuilds\thermostatDemo\arduino_due_x_dbg\Release/core.a(wiring_digital.c.o)
                0x000811fc                pinMode
 .text.digitalWrite
                0x00081304       0x70 C:\Users\Francesco\AppData\Local\Temp\VMBuilds\thermostatDemo\arduino_due_x_dbg\Release/core.a(wiring_digital.c.o)
                0x00081304                digitalWrite
 .text.initVariant
                0x00081374        0x2 C:\Users\Francesco\AppData\Local\Temp\VMBuilds\thermostatDemo\arduino_due_x_dbg\Release/core.a(main.cpp.o)
                0x00081374                initVariant
 *fill*         0x00081376        0x2 
 .text.startup.main
                0x00081378       0x38 C:\Users\Francesco\AppData\Local\Temp\VMBuilds\thermostatDemo\arduino_due_x_dbg\Release/core.a(main.cpp.o)
                0x00081378                main
 .text._ZN5Print5writeEPKhj
                0x000813b0       0x22 C:\Users\Francesco\AppData\Local\Temp\VMBuilds\thermostatDemo\arduino_due_x_dbg\Release/core.a(Print.cpp.o)
                0x000813b0                Print::write(unsigned char const*, unsigned int)
 .text._ZN5Print5writeEPKc
                0x000813d2       0x1e C:\Users\Francesco\AppData\Local\Temp\VMBuilds\thermostatDemo\arduino_due_x_dbg\Release/core.a(Print.cpp.o)
                0x000813d2                Print::write(char const*)
 .text._ZN5Print5printEPKc
                0x000813f0        0x8 C:\Users\Francesco\AppData\Local\Temp\VMBuilds\thermostatDemo\arduino_due_x_dbg\Release/core.a(Print.cpp.o)
                0x000813f0                Print::print(char const*)
 .text._ZN5Print5printEc
                0x000813f8        0xa C:\Users\Francesco\AppData\Local\Temp\VMBuilds\thermostatDemo\arduino_due_x_dbg\Release/core.a(Print.cpp.o)
                0x000813f8                Print::print(char)
 *fill*         0x00081402        0x2 
 .text._ZN5Print7printlnEv
                0x00081404       0x10 C:\Users\Francesco\AppData\Local\Temp\VMBuilds\thermostatDemo\arduino_due_x_dbg\Release/core.a(Print.cpp.o)
                0x00081404                Print::println()
 .text._ZN5Print7printlnEPKc
                0x00081414       0x14 C:\Users\Francesco\AppData\Local\Temp\VMBuilds\thermostatDemo\arduino_due_x_dbg\Release/core.a(Print.cpp.o)
                0x00081414                Print::println(char const*)
 .text._ZN5Print11printNumberEmh
                0x00081428       0x3e C:\Users\Francesco\AppData\Local\Temp\VMBuilds\thermostatDemo\arduino_due_x_dbg\Release/core.a(Print.cpp.o)
                0x00081428                Print::printNumber(unsigned long, unsigned char)
 *fill*         0x00081466        0x2 
 .text._ZN5Print10printFloatEdh
                0x00081468      0x14c C:\Users\Francesco\AppData\Local\Temp\VMBuilds\thermostatDemo\arduino_due_x_dbg\Release/core.a(Print.cpp.o)
                0x00081468                Print::printFloat(double, unsigned char)
 .text._ZN5Print5printEdi
                0x000815b4        0xa C:\Users\Francesco\AppData\Local\Temp\VMBuilds\thermostatDemo\arduino_due_x_dbg\Release/core.a(Print.cpp.o)
                0x000815b4                Print::print(double, int)
 *fill*         0x000815be        0x2 
 .text.initiateReset
                0x000815c0        0xc C:\Users\Francesco\AppData\Local\Temp\VMBuilds\thermostatDemo\arduino_due_x_dbg\Release/core.a(Reset.cpp.o)
                0x000815c0                initiateReset
 .text.cancelReset
                0x000815cc       0x10 C:\Users\Francesco\AppData\Local\Temp\VMBuilds\thermostatDemo\arduino_due_x_dbg\Release/core.a(Reset.cpp.o)
                0x000815cc                cancelReset
 .text.tickReset
                0x000815dc       0x20 C:\Users\Francesco\AppData\Local\Temp\VMBuilds\thermostatDemo\arduino_due_x_dbg\Release/core.a(Reset.cpp.o)
                0x000815dc                tickReset
 .text._ZN10RingBufferC2Ev
                0x000815fc       0x1a C:\Users\Francesco\AppData\Local\Temp\VMBuilds\thermostatDemo\arduino_due_x_dbg\Release/core.a(RingBuffer.cpp.o)
                0x000815fc                RingBuffer::RingBuffer()
                0x000815fc                RingBuffer::RingBuffer()
 .text._ZN10RingBuffer10store_charEh
                0x00081616       0x1e C:\Users\Francesco\AppData\Local\Temp\VMBuilds\thermostatDemo\arduino_due_x_dbg\Release/core.a(RingBuffer.cpp.o)
                0x00081616                RingBuffer::store_char(unsigned char)
 .text._ZN9UARTClasscvbEv
                0x00081634        0x4 C:\Users\Francesco\AppData\Local\Temp\VMBuilds\thermostatDemo\arduino_due_x_dbg\Release/core.a(UARTClass.cpp.o)
                0x00081634                UARTClass::operator bool()
 .text._ZN9UARTClass9availableEv
                0x00081638       0x12 C:\Users\Francesco\AppData\Local\Temp\VMBuilds\thermostatDemo\arduino_due_x_dbg\Release/core.a(UARTClass.cpp.o)
                0x00081638                UARTClass::available()
 .text._ZN9UARTClass4peekEv
                0x0008164a       0x1c C:\Users\Francesco\AppData\Local\Temp\VMBuilds\thermostatDemo\arduino_due_x_dbg\Release/core.a(UARTClass.cpp.o)
                0x0008164a                UARTClass::peek()
 .text._ZN9UARTClass4readEv
                0x00081666       0x2a C:\Users\Francesco\AppData\Local\Temp\VMBuilds\thermostatDemo\arduino_due_x_dbg\Release/core.a(UARTClass.cpp.o)
                0x00081666                UARTClass::read()
 .text._ZN9UARTClass5flushEv
                0x00081690       0x18 C:\Users\Francesco\AppData\Local\Temp\VMBuilds\thermostatDemo\arduino_due_x_dbg\Release/core.a(UARTClass.cpp.o)
                0x00081690                UARTClass::flush()
 .text._ZN9UARTClass5writeEh
                0x000816a8       0x54 C:\Users\Francesco\AppData\Local\Temp\VMBuilds\thermostatDemo\arduino_due_x_dbg\Release/core.a(UARTClass.cpp.o)
                0x000816a8                UARTClass::write(unsigned char)
 .text._ZN9UARTClass3endEv
                0x000816fc       0x3c C:\Users\Francesco\AppData\Local\Temp\VMBuilds\thermostatDemo\arduino_due_x_dbg\Release/core.a(UARTClass.cpp.o)
                0x000816fc                UARTClass::end()
 .text._ZN9UARTClassC2EP4Uart4IRQnmP10RingBufferS4_
                0x00081738       0x24 C:\Users\Francesco\AppData\Local\Temp\VMBuilds\thermostatDemo\arduino_due_x_dbg\Release/core.a(UARTClass.cpp.o)
                0x00081738                UARTClass::UARTClass(Uart*, IRQn, unsigned long, RingBuffer*, RingBuffer*)
                0x00081738                UARTClass::UARTClass(Uart*, IRQn, unsigned long, RingBuffer*, RingBuffer*)
 .text._ZN9UARTClass4initEmm
                0x0008175c       0x70 C:\Users\Francesco\AppData\Local\Temp\VMBuilds\thermostatDemo\arduino_due_x_dbg\Release/core.a(UARTClass.cpp.o)
                0x0008175c                UARTClass::init(unsigned long, unsigned long)
 .text._ZN9UARTClass5beginEm
                0x000817cc        0x8 C:\Users\Francesco\AppData\Local\Temp\VMBuilds\thermostatDemo\arduino_due_x_dbg\Release/core.a(UARTClass.cpp.o)
                0x000817cc                UARTClass::begin(unsigned long)
 .text._ZN9UARTClass10IrqHandlerEv
                0x000817d4       0x5a C:\Users\Francesco\AppData\Local\Temp\VMBuilds\thermostatDemo\arduino_due_x_dbg\Release/core.a(UARTClass.cpp.o)
                0x000817d4                UARTClass::IrqHandler()
 .text._ZN10USARTClass5beginEm
                0x0008182e        0x8 C:\Users\Francesco\AppData\Local\Temp\VMBuilds\thermostatDemo\arduino_due_x_dbg\Release/core.a(USARTClass.cpp.o)
                0x0008182e                USARTClass::begin(unsigned long)
 *fill*         0x00081836        0x2 
 .text._ZN10USARTClassC2EP5Usart4IRQnmP10RingBufferS4_
                0x00081838       0x24 C:\Users\Francesco\AppData\Local\Temp\VMBuilds\thermostatDemo\arduino_due_x_dbg\Release/core.a(USARTClass.cpp.o)
                0x00081838                USARTClass::USARTClass(Usart*, IRQn, unsigned long, RingBuffer*, RingBuffer*)
                0x00081838                USARTClass::USARTClass(Usart*, IRQn, unsigned long, RingBuffer*, RingBuffer*)
 .text._watchdogDefaultSetup
                0x0008185c        0xc C:\Users\Francesco\AppData\Local\Temp\VMBuilds\thermostatDemo\arduino_due_x_dbg\Release/core.a(watchdog.cpp.o)
                0x0008185c                _watchdogDefaultSetup
                0x0008185c                watchdogSetup()
 .text.unlikely._ZL11USB_SendZlpv
                0x00081868       0x20 C:\Users\Francesco\AppData\Local\Temp\VMBuilds\thermostatDemo\arduino_due_x_dbg\Release/core.a(USBCore.cpp.o)
 .text._Z14USBD_Availablem
                0x00081888       0x2c C:\Users\Francesco\AppData\Local\Temp\VMBuilds\thermostatDemo\arduino_due_x_dbg\Release/core.a(USBCore.cpp.o)
                0x00081888                USBD_Available(unsigned long)
 .text._Z9USBD_RecvmPvm
                0x000818b4       0x7c C:\Users\Francesco\AppData\Local\Temp\VMBuilds\thermostatDemo\arduino_due_x_dbg\Release/core.a(USBCore.cpp.o)
                0x000818b4                USBD_Recv(unsigned long, void*, unsigned long)
 .text._Z9USBD_Recvm
                0x00081930       0x22 C:\Users\Francesco\AppData\Local\Temp\VMBuilds\thermostatDemo\arduino_due_x_dbg\Release/core.a(USBCore.cpp.o)
                0x00081930                USBD_Recv(unsigned long)
 *fill*         0x00081952        0x2 
 .text._Z9USBD_SendmPKvm
                0x00081954       0x4c C:\Users\Francesco\AppData\Local\Temp\VMBuilds\thermostatDemo\arduino_due_x_dbg\Release/core.a(USBCore.cpp.o)
                0x00081954                USBD_Send(unsigned long, void const*, unsigned long)
 .text._Z16USBD_SendControlhPKvm
                0x000819a0       0x40 C:\Users\Francesco\AppData\Local\Temp\VMBuilds\thermostatDemo\arduino_due_x_dbg\Release/core.a(USBCore.cpp.o)
                0x000819a0                USBD_SendControl(unsigned char, void const*, unsigned long)
 .text.unlikely._ZL24USB_SendStringDescriptorPKhi
                0x000819e0       0x64 C:\Users\Francesco\AppData\Local\Temp\VMBuilds\thermostatDemo\arduino_due_x_dbg\Release/core.a(USBCore.cpp.o)
 .text._Z16USBD_RecvControlPvm
                0x00081a44       0x1c C:\Users\Francesco\AppData\Local\Temp\VMBuilds\thermostatDemo\arduino_due_x_dbg\Release/core.a(USBCore.cpp.o)
                0x00081a44                USBD_RecvControl(void*, unsigned long)
 .text._Z26USBD_ClassInterfaceRequestR8USBSetup
                0x00081a60       0x1e C:\Users\Francesco\AppData\Local\Temp\VMBuilds\thermostatDemo\arduino_due_x_dbg\Release/core.a(USBCore.cpp.o)
                0x00081a60                USBD_ClassInterfaceRequest(USBSetup&)
 .text._Z19USBD_SendInterfacesv
                0x00081a7e       0x22 C:\Users\Francesco\AppData\Local\Temp\VMBuilds\thermostatDemo\arduino_due_x_dbg\Release/core.a(USBCore.cpp.o)
                0x00081a7e                USBD_SendInterfaces()
 .text._Z24USBD_SendOtherInterfacesv
                0x00081aa0       0x22 C:\Users\Francesco\AppData\Local\Temp\VMBuilds\thermostatDemo\arduino_due_x_dbg\Release/core.a(USBCore.cpp.o)
                0x00081aa0                USBD_SendOtherInterfaces()
 .text._Z10USBD_Flushm
                0x00081ac2       0x16 C:\Users\Francesco\AppData\Local\Temp\VMBuilds\thermostatDemo\arduino_due_x_dbg\Release/core.a(USBCore.cpp.o)
                0x00081ac2                USBD_Flush(unsigned long)
 .text._ZN10USBDevice_C2Ev
                0x00081ad8       0x24 C:\Users\Francesco\AppData\Local\Temp\VMBuilds\thermostatDemo\arduino_due_x_dbg\Release/core.a(USBCore.cpp.o)
                0x00081ad8                USBDevice_::USBDevice_()
                0x00081ad8                USBDevice_::USBDevice_()
 .text._ZN10USBDevice_6attachEv
                0x00081afc       0x20 C:\Users\Francesco\AppData\Local\Temp\VMBuilds\thermostatDemo\arduino_due_x_dbg\Release/core.a(USBCore.cpp.o)
                0x00081afc                USBDevice_::attach()
 .text.startup._GLOBAL__sub_I_EndPoints
                0x00081b1c        0xc C:\Users\Francesco\AppData\Local\Temp\VMBuilds\thermostatDemo\arduino_due_x_dbg\Release/core.a(USBCore.cpp.o)
 .text._ZL7USB_ISRv
                0x00081b28      0x454 C:\Users\Francesco\AppData\Local\Temp\VMBuilds\thermostatDemo\arduino_due_x_dbg\Release/core.a(USBCore.cpp.o)
 .text._ZN7Serial_9availableEv
                0x00081f7c       0x18 C:\Users\Francesco\AppData\Local\Temp\VMBuilds\thermostatDemo\arduino_due_x_dbg\Release/core.a(CDC.cpp.o)
                0x00081f7c                Serial_::available()
 .text._ZN7Serial_17availableForWriteEv
                0x00081f94        0x6 C:\Users\Francesco\AppData\Local\Temp\VMBuilds\thermostatDemo\arduino_due_x_dbg\Release/core.a(CDC.cpp.o)
                0x00081f94                Serial_::availableForWrite()
 *fill*         0x00081f9a        0x2 
 .text._ZN7Serial_4peekEv
                0x00081f9c       0x20 C:\Users\Francesco\AppData\Local\Temp\VMBuilds\thermostatDemo\arduino_due_x_dbg\Release/core.a(CDC.cpp.o)
                0x00081f9c                Serial_::peek()
 .text._ZN7Serial_5writeEh
                0x00081fbc       0x16 C:\Users\Francesco\AppData\Local\Temp\VMBuilds\thermostatDemo\arduino_due_x_dbg\Release/core.a(CDC.cpp.o)
                0x00081fbc                Serial_::write(unsigned char)
 *fill*         0x00081fd2        0x2 
 .text._ZN7Serial_4readEv
                0x00081fd4       0x44 C:\Users\Francesco\AppData\Local\Temp\VMBuilds\thermostatDemo\arduino_due_x_dbg\Release/core.a(CDC.cpp.o)
                0x00081fd4                Serial_::read()
 .text._ZN7Serial_5flushEv
                0x00082018        0x6 C:\Users\Francesco\AppData\Local\Temp\VMBuilds\thermostatDemo\arduino_due_x_dbg\Release/core.a(CDC.cpp.o)
                0x00082018                Serial_::flush()
 *fill*         0x0008201e        0x2 
 .text._ZN7Serial_6acceptEv
                0x00082020       0x70 C:\Users\Francesco\AppData\Local\Temp\VMBuilds\thermostatDemo\arduino_due_x_dbg\Release/core.a(CDC.cpp.o)
                0x00082020                Serial_::accept()
 .text._ZN7Serial_5writeEPKhj
                0x00082090       0x2c C:\Users\Francesco\AppData\Local\Temp\VMBuilds\thermostatDemo\arduino_due_x_dbg\Release/core.a(CDC.cpp.o)
                0x00082090                Serial_::write(unsigned char const*, unsigned int)
 .text._Z16CDC_GetInterfacePh
                0x000820bc       0x14 C:\Users\Francesco\AppData\Local\Temp\VMBuilds\thermostatDemo\arduino_due_x_dbg\Release/core.a(CDC.cpp.o)
                0x000820bc                CDC_GetInterface(unsigned char*)
 .text._Z21CDC_GetOtherInterfacePh
                0x000820d0       0x14 C:\Users\Francesco\AppData\Local\Temp\VMBuilds\thermostatDemo\arduino_due_x_dbg\Release/core.a(CDC.cpp.o)
                0x000820d0                CDC_GetOtherInterface(unsigned char*)
 .text._Z9CDC_SetupR8USBSetup
                0x000820e4       0x78 C:\Users\Francesco\AppData\Local\Temp\VMBuilds\thermostatDemo\arduino_due_x_dbg\Release/core.a(CDC.cpp.o)
                0x000820e4                CDC_Setup(USBSetup&)
 .text.startup._GLOBAL__sub_I_cdc_rx_buffer
                0x0008215c       0x1c C:\Users\Francesco\AppData\Local\Temp\VMBuilds\thermostatDemo\arduino_due_x_dbg\Release/core.a(CDC.cpp.o)
 .text._ZN13PluggableUSB_12getInterfaceEPh
                0x00082178       0x28 C:\Users\Francesco\AppData\Local\Temp\VMBuilds\thermostatDemo\arduino_due_x_dbg\Release/core.a(PluggableUSB.cpp.o)
                0x00082178                PluggableUSB_::getInterface(unsigned char*)
 .text._ZN13PluggableUSB_13getDescriptorER8USBSetup
                0x000821a0       0x1c C:\Users\Francesco\AppData\Local\Temp\VMBuilds\thermostatDemo\arduino_due_x_dbg\Release/core.a(PluggableUSB.cpp.o)
                0x000821a0                PluggableUSB_::getDescriptor(USBSetup&)
 .text._ZN13PluggableUSB_12getShortNameEPc
                0x000821bc       0x1c C:\Users\Francesco\AppData\Local\Temp\VMBuilds\thermostatDemo\arduino_due_x_dbg\Release/core.a(PluggableUSB.cpp.o)
                0x000821bc                PluggableUSB_::getShortName(char*)
 .text._ZN13PluggableUSB_5setupER8USBSetup
                0x000821d8       0x20 C:\Users\Francesco\AppData\Local\Temp\VMBuilds\thermostatDemo\arduino_due_x_dbg\Release/core.a(PluggableUSB.cpp.o)
                0x000821d8                PluggableUSB_::setup(USBSetup&)
 .text._Z12PluggableUSBv
                0x000821f8       0x28 C:\Users\Francesco\AppData\Local\Temp\VMBuilds\thermostatDemo\arduino_due_x_dbg\Release/core.a(PluggableUSB.cpp.o)
                0x000821f8                PluggableUSB()
 .text.TimeTick_Increment
                0x00082220       0x10 C:\Users\Francesco\AppData\Local\arduino15\packages\arduino\hardware\sam\1.6.9\variants\arduino_due_x/libsam_sam3x8e_gcc_rel.a(timetick.o)
                0x00082220                TimeTick_Increment
 .text.GetTickCount
                0x00082230        0xc C:\Users\Francesco\AppData\Local\arduino15\packages\arduino\hardware\sam\1.6.9\variants\arduino_due_x/libsam_sam3x8e_gcc_rel.a(timetick.o)
                0x00082230                GetTickCount
 .text.WDT_Disable
                0x0008223c        0x8 C:\Users\Francesco\AppData\Local\arduino15\packages\arduino\hardware\sam\1.6.9\variants\arduino_due_x/libsam_sam3x8e_gcc_rel.a(wdt.o)
                0x0008223c                WDT_Disable
 .text.UDD_SetStack
                0x00082244        0xc C:\Users\Francesco\AppData\Local\arduino15\packages\arduino\hardware\sam\1.6.9\variants\arduino_due_x/libsam_sam3x8e_gcc_rel.a(uotghs_device.o)
                0x00082244                UDD_SetStack
 .text.UDD_Init
                0x00082250       0xd0 C:\Users\Francesco\AppData\Local\arduino15\packages\arduino\hardware\sam\1.6.9\variants\arduino_due_x/libsam_sam3x8e_gcc_rel.a(uotghs_device.o)
                0x00082250                UDD_Init
 .text.UDD_Attach
                0x00082320       0x50 C:\Users\Francesco\AppData\Local\arduino15\packages\arduino\hardware\sam\1.6.9\variants\arduino_due_x/libsam_sam3x8e_gcc_rel.a(uotghs_device.o)
                0x00082320                UDD_Attach
 .text.UDD_InitEP
                0x00082370       0x2c C:\Users\Francesco\AppData\Local\arduino15\packages\arduino\hardware\sam\1.6.9\variants\arduino_due_x/libsam_sam3x8e_gcc_rel.a(uotghs_device.o)
                0x00082370                UDD_InitEP
 .text.UDD_InitEndpoints
                0x0008239c       0x3c C:\Users\Francesco\AppData\Local\arduino15\packages\arduino\hardware\sam\1.6.9\variants\arduino_due_x/libsam_sam3x8e_gcc_rel.a(uotghs_device.o)
                0x0008239c                UDD_InitEndpoints
 .text.UDD_WaitIN
                0x000823d8       0x10 C:\Users\Francesco\AppData\Local\arduino15\packages\arduino\hardware\sam\1.6.9\variants\arduino_due_x/libsam_sam3x8e_gcc_rel.a(uotghs_device.o)
                0x000823d8                UDD_WaitIN
 .text.UDD_WaitOUT
                0x000823e8       0x10 C:\Users\Francesco\AppData\Local\arduino15\packages\arduino\hardware\sam\1.6.9\variants\arduino_due_x/libsam_sam3x8e_gcc_rel.a(uotghs_device.o)
                0x000823e8                UDD_WaitOUT
 .text.UDD_ClearIN
                0x000823f8       0x18 C:\Users\Francesco\AppData\Local\arduino15\packages\arduino\hardware\sam\1.6.9\variants\arduino_due_x/libsam_sam3x8e_gcc_rel.a(uotghs_device.o)
                0x000823f8                UDD_ClearIN
 .text.UDD_ClearOUT
                0x00082410       0x18 C:\Users\Francesco\AppData\Local\arduino15\packages\arduino\hardware\sam\1.6.9\variants\arduino_due_x/libsam_sam3x8e_gcc_rel.a(uotghs_device.o)
                0x00082410                UDD_ClearOUT
 .text.UDD_ReceivedSetupInt
                0x00082428       0x10 C:\Users\Francesco\AppData\Local\arduino15\packages\arduino\hardware\sam\1.6.9\variants\arduino_due_x/libsam_sam3x8e_gcc_rel.a(uotghs_device.o)
                0x00082428                UDD_ReceivedSetupInt
 .text.UDD_ClearSetupInt
                0x00082438       0x10 C:\Users\Francesco\AppData\Local\arduino15\packages\arduino\hardware\sam\1.6.9\variants\arduino_due_x/libsam_sam3x8e_gcc_rel.a(uotghs_device.o)
                0x00082438                UDD_ClearSetupInt
 .text.UDD_Send
                0x00082448       0x88 C:\Users\Francesco\AppData\Local\arduino15\packages\arduino\hardware\sam\1.6.9\variants\arduino_due_x/libsam_sam3x8e_gcc_rel.a(uotghs_device.o)
                0x00082448                UDD_Send
 .text.UDD_Send8
                0x000824d0       0x24 C:\Users\Francesco\AppData\Local\arduino15\packages\arduino\hardware\sam\1.6.9\variants\arduino_due_x/libsam_sam3x8e_gcc_rel.a(uotghs_device.o)
                0x000824d0                UDD_Send8
 .text.UDD_Recv8
                0x000824f4       0x28 C:\Users\Francesco\AppData\Local\arduino15\packages\arduino\hardware\sam\1.6.9\variants\arduino_due_x/libsam_sam3x8e_gcc_rel.a(uotghs_device.o)
                0x000824f4                UDD_Recv8
 .text.UDD_Recv
                0x0008251c       0x34 C:\Users\Francesco\AppData\Local\arduino15\packages\arduino\hardware\sam\1.6.9\variants\arduino_due_x/libsam_sam3x8e_gcc_rel.a(uotghs_device.o)
                0x0008251c                UDD_Recv
 .text.UDD_Stall
                0x00082550       0x14 C:\Users\Francesco\AppData\Local\arduino15\packages\arduino\hardware\sam\1.6.9\variants\arduino_due_x/libsam_sam3x8e_gcc_rel.a(uotghs_device.o)
                0x00082550                UDD_Stall
 .text.UDD_FifoByteCount
                0x00082564       0x14 C:\Users\Francesco\AppData\Local\arduino15\packages\arduino\hardware\sam\1.6.9\variants\arduino_due_x/libsam_sam3x8e_gcc_rel.a(uotghs_device.o)
                0x00082564                UDD_FifoByteCount
 .text.UDD_ReleaseRX
                0x00082578       0x28 C:\Users\Francesco\AppData\Local\arduino15\packages\arduino\hardware\sam\1.6.9\variants\arduino_due_x/libsam_sam3x8e_gcc_rel.a(uotghs_device.o)
                0x00082578                UDD_ReleaseRX
 .text.UDD_ReleaseTX
                0x000825a0       0x28 C:\Users\Francesco\AppData\Local\arduino15\packages\arduino\hardware\sam\1.6.9\variants\arduino_due_x/libsam_sam3x8e_gcc_rel.a(uotghs_device.o)
                0x000825a0                UDD_ReleaseTX
 .text.UDD_SetAddress
                0x000825c8       0x20 C:\Users\Francesco\AppData\Local\arduino15\packages\arduino\hardware\sam\1.6.9\variants\arduino_due_x/libsam_sam3x8e_gcc_rel.a(uotghs_device.o)
                0x000825c8                UDD_SetAddress
 .text.__fpclassifyd
                0x000825e8       0x50 c:/users/francesco/appdata/local/arduino15/packages/arduino/tools/arm-none-eabi-gcc/4.8.3-2014q1/bin/../lib/gcc/arm-none-eabi/4.8.3/../../../../arm-none-eabi/lib/armv7-m\libm.a(lib_a-s_fpclassify.o)
                0x000825e8                __fpclassifyd
 .text          0x00082638      0x370 c:/users/francesco/appdata/local/arduino15/packages/arduino/tools/arm-none-eabi-gcc/4.8.3-2014q1/bin/../lib/gcc/arm-none-eabi/4.8.3/armv7-m\libgcc.a(_arm_addsubdf3.o)
                0x00082638                __aeabi_drsub
                0x00082640                __aeabi_dsub
                0x00082640                __subdf3
                0x00082644                __aeabi_dadd
                0x00082644                __adddf3
                0x000828bc                __floatunsidf
                0x000828bc                __aeabi_ui2d
                0x000828dc                __floatsidf
                0x000828dc                __aeabi_i2d
                0x00082900                __aeabi_f2d
                0x00082900                __extendsfdf2
                0x0008293c                __floatundidf
                0x0008293c                __aeabi_ul2d
                0x0008294c                __floatdidf
                0x0008294c                __aeabi_l2d
 .text          0x000829a8      0x424 c:/users/francesco/appdata/local/arduino15/packages/arduino/tools/arm-none-eabi-gcc/4.8.3-2014q1/bin/../lib/gcc/arm-none-eabi/4.8.3/armv7-m\libgcc.a(_arm_muldivdf3.o)
                0x000829a8                __aeabi_dmul
                0x000829a8                __muldf3
                0x00082bfc                __divdf3
                0x00082bfc                __aeabi_ddiv
 .text          0x00082dcc      0x110 c:/users/francesco/appdata/local/arduino15/packages/arduino/tools/arm-none-eabi-gcc/4.8.3-2014q1/bin/../lib/gcc/arm-none-eabi/4.8.3/armv7-m\libgcc.a(_arm_cmpdf2.o)
                0x00082dcc                __gtdf2
                0x00082dcc                __gedf2
                0x00082dd4                __ltdf2
                0x00082dd4                __ledf2
                0x00082ddc                __nedf2
                0x00082ddc                __eqdf2
                0x00082ddc                __cmpdf2
                0x00082e58                __aeabi_cdrcmple
                0x00082e68                __aeabi_cdcmpeq
                0x00082e68                __aeabi_cdcmple
                0x00082e78                __aeabi_dcmpeq
                0x00082e8c                __aeabi_dcmplt
                0x00082ea0                __aeabi_dcmple
                0x00082eb4                __aeabi_dcmpge
                0x00082ec8                __aeabi_dcmpgt
 .text          0x00082edc       0x40 c:/users/francesco/appdata/local/arduino15/packages/arduino/tools/arm-none-eabi-gcc/4.8.3-2014q1/bin/../lib/gcc/arm-none-eabi/4.8.3/armv7-m\libgcc.a(_arm_fixunsdfsi.o)
                0x00082edc                __aeabi_d2uiz
                0x00082edc                __fixunsdfsi
 .text          0x00082f1c       0xa0 c:/users/francesco/appdata/local/arduino15/packages/arduino/tools/arm-none-eabi-gcc/4.8.3-2014q1/bin/../lib/gcc/arm-none-eabi/4.8.3/armv7-m\libgcc.a(_arm_truncdfsf2.o)
                0x00082f1c                __truncdfsf2
                0x00082f1c                __aeabi_d2f
 .text          0x00082fbc      0x21c c:/users/francesco/appdata/local/arduino15/packages/arduino/tools/arm-none-eabi-gcc/4.8.3-2014q1/bin/../lib/gcc/arm-none-eabi/4.8.3/armv7-m\libgcc.a(_arm_addsubsf3.o)
                0x00082fbc                __aeabi_frsub
                0x00082fc4                __subsf3
                0x00082fc4                __aeabi_fsub
                0x00082fc8                __aeabi_fadd
                0x00082fc8                __addsf3
                0x00083128                __aeabi_ui2f
                0x00083128                __floatunsisf
                0x00083130                __aeabi_i2f
                0x00083130                __floatsisf
                0x0008314c                __aeabi_ul2f
                0x0008314c                __floatundisf
                0x0008315c                __aeabi_l2f
                0x0008315c                __floatdisf
 .text          0x000831d8      0x2a0 c:/users/francesco/appdata/local/arduino15/packages/arduino/tools/arm-none-eabi-gcc/4.8.3-2014q1/bin/../lib/gcc/arm-none-eabi/4.8.3/armv7-m\libgcc.a(_arm_muldivsf3.o)
                0x000831d8                __mulsf3
                0x000831d8                __aeabi_fmul
                0x00083340                __aeabi_fdiv
                0x00083340                __divsf3
 .text.__aeabi_atexit
                0x00083478        0xc c:/users/francesco/appdata/local/arduino15/packages/arduino/tools/arm-none-eabi-gcc/4.8.3-2014q1/bin/../lib/gcc/arm-none-eabi/4.8.3/../../../../arm-none-eabi/lib/armv7-m\libg.a(lib_a-aeabi_atexit.o)
                0x00083478                __aeabi_atexit
 .text.__cxa_atexit
                0x00083484       0x14 c:/users/francesco/appdata/local/arduino15/packages/arduino/tools/arm-none-eabi-gcc/4.8.3-2014q1/bin/../lib/gcc/arm-none-eabi/4.8.3/../../../../arm-none-eabi/lib/armv7-m\libg.a(lib_a-cxa_atexit.o)
                0x00083484                __cxa_atexit
 .text.__libc_init_array
                0x00083498       0x50 c:/users/francesco/appdata/local/arduino15/packages/arduino/tools/arm-none-eabi-gcc/4.8.3-2014q1/bin/../lib/gcc/arm-none-eabi/4.8.3/../../../../arm-none-eabi/lib/armv7-m\libg.a(lib_a-init.o)
                0x00083498                __libc_init_array
 .text.iprintf  0x000834e8       0x28 c:/users/francesco/appdata/local/arduino15/packages/arduino/tools/arm-none-eabi-gcc/4.8.3-2014q1/bin/../lib/gcc/arm-none-eabi/4.8.3/../../../../arm-none-eabi/lib/armv7-m\libg.a(lib_a-iprintf.o)
                0x000834e8                iprintf
 .text.memset   0x00083510       0x94 c:/users/francesco/appdata/local/arduino15/packages/arduino/tools/arm-none-eabi-gcc/4.8.3-2014q1/bin/../lib/gcc/arm-none-eabi/4.8.3/../../../../arm-none-eabi/lib/armv7-m\libg.a(lib_a-memset.o)
                0x00083510                memset
 .text.strlen   0x000835a4       0x60 c:/users/francesco/appdata/local/arduino15/packages/arduino/tools/arm-none-eabi-gcc/4.8.3-2014q1/bin/../lib/gcc/arm-none-eabi/4.8.3/../../../../arm-none-eabi/lib/armv7-m\libg.a(lib_a-strlen.o)
                0x000835a4                strlen
 .text.kill     0x00083604       0x10 c:/users/francesco/appdata/local/arduino15/packages/arduino/tools/arm-none-eabi-gcc/4.8.3-2014q1/bin/../lib/gcc/arm-none-eabi/4.8.3/../../../../arm-none-eabi/lib/armv7-m\libg.a(lib_a-syskill.o)
                0x00083604                kill
 .text.__sprint_r.part.0
                0x00083614       0x78 c:/users/francesco/appdata/local/arduino15/packages/arduino/tools/arm-none-eabi-gcc/4.8.3-2014q1/bin/../lib/gcc/arm-none-eabi/4.8.3/../../../../arm-none-eabi/lib/armv7-m\libg.a(lib_a-vfiprintf.o)
 .text._vfiprintf_r
                0x0008368c      0xc54 c:/users/francesco/appdata/local/arduino15/packages/arduino/tools/arm-none-eabi-gcc/4.8.3-2014q1/bin/../lib/gcc/arm-none-eabi/4.8.3/../../../../arm-none-eabi/lib/armv7-m\libg.a(lib_a-vfiprintf.o)
                0x0008368c                _vfiprintf_r
 .text.__sbprintf
                0x000842e0       0x7c c:/users/francesco/appdata/local/arduino15/packages/arduino/tools/arm-none-eabi-gcc/4.8.3-2014q1/bin/../lib/gcc/arm-none-eabi/4.8.3/../../../../arm-none-eabi/lib/armv7-m\libg.a(lib_a-vfiprintf.o)
 .text.__swsetup_r
                0x0008435c       0xc4 c:/users/francesco/appdata/local/arduino15/packages/arduino/tools/arm-none-eabi-gcc/4.8.3-2014q1/bin/../lib/gcc/arm-none-eabi/4.8.3/../../../../arm-none-eabi/lib/armv7-m\libg.a(lib_a-wsetup.o)
                0x0008435c                __swsetup_r
 .text.__register_exitproc
                0x00084420       0xa8 c:/users/francesco/appdata/local/arduino15/packages/arduino/tools/arm-none-eabi-gcc/4.8.3-2014q1/bin/../lib/gcc/arm-none-eabi/4.8.3/../../../../arm-none-eabi/lib/armv7-m\libg.a(lib_a-__atexit.o)
                0x00084420                __register_exitproc
 .text.startup.register_fini
                0x000844c8       0x14 c:/users/francesco/appdata/local/arduino15/packages/arduino/tools/arm-none-eabi-gcc/4.8.3-2014q1/bin/../lib/gcc/arm-none-eabi/4.8.3/../../../../arm-none-eabi/lib/armv7-m\libg.a(lib_a-__call_atexit.o)
 .text.atexit   0x000844dc        0xc c:/users/francesco/appdata/local/arduino15/packages/arduino/tools/arm-none-eabi-gcc/4.8.3-2014q1/bin/../lib/gcc/arm-none-eabi/4.8.3/../../../../arm-none-eabi/lib/armv7-m\libg.a(lib_a-atexit.o)
                0x000844dc                atexit
 .text.__sflush_r
                0x000844e8      0x148 c:/users/francesco/appdata/local/arduino15/packages/arduino/tools/arm-none-eabi-gcc/4.8.3-2014q1/bin/../lib/gcc/arm-none-eabi/4.8.3/../../../../arm-none-eabi/lib/armv7-m\libg.a(lib_a-fflush.o)
                0x000844e8                __sflush_r
 .text._fflush_r
                0x00084630       0x2c c:/users/francesco/appdata/local/arduino15/packages/arduino/tools/arm-none-eabi-gcc/4.8.3-2014q1/bin/../lib/gcc/arm-none-eabi/4.8.3/../../../../arm-none-eabi/lib/armv7-m\libg.a(lib_a-fflush.o)
                0x00084630                _fflush_r
 .text._cleanup_r
                0x0008465c        0xc c:/users/francesco/appdata/local/arduino15/packages/arduino/tools/arm-none-eabi-gcc/4.8.3-2014q1/bin/../lib/gcc/arm-none-eabi/4.8.3/../../../../arm-none-eabi/lib/armv7-m\libg.a(lib_a-findfp.o)
                0x0008465c                _cleanup_r
 .text.__sinit  0x00084668       0xf4 c:/users/francesco/appdata/local/arduino15/packages/arduino/tools/arm-none-eabi-gcc/4.8.3-2014q1/bin/../lib/gcc/arm-none-eabi/4.8.3/../../../../arm-none-eabi/lib/armv7-m\libg.a(lib_a-findfp.o)
                0x00084668                __sinit
 .text.__sfp_lock_acquire
                0x0008475c        0x4 c:/users/francesco/appdata/local/arduino15/packages/arduino/tools/arm-none-eabi-gcc/4.8.3-2014q1/bin/../lib/gcc/arm-none-eabi/4.8.3/../../../../arm-none-eabi/lib/armv7-m\libg.a(lib_a-findfp.o)
                0x0008475c                __sfp_lock_acquire
 .text.__sfp_lock_release
                0x00084760        0x4 c:/users/francesco/appdata/local/arduino15/packages/arduino/tools/arm-none-eabi-gcc/4.8.3-2014q1/bin/../lib/gcc/arm-none-eabi/4.8.3/../../../../arm-none-eabi/lib/armv7-m\libg.a(lib_a-findfp.o)
                0x00084760                __sfp_lock_release
 .text.__libc_fini_array
                0x00084764       0x30 c:/users/francesco/appdata/local/arduino15/packages/arduino/tools/arm-none-eabi-gcc/4.8.3-2014q1/bin/../lib/gcc/arm-none-eabi/4.8.3/../../../../arm-none-eabi/lib/armv7-m\libg.a(lib_a-fini.o)
                0x00084764                __libc_fini_array
 .text._fputwc_r
                0x00084794       0xc0 c:/users/francesco/appdata/local/arduino15/packages/arduino/tools/arm-none-eabi-gcc/4.8.3-2014q1/bin/../lib/gcc/arm-none-eabi/4.8.3/../../../../arm-none-eabi/lib/armv7-m\libg.a(lib_a-fputwc.o)
                0x00084794                _fputwc_r
 .text._malloc_trim_r
                0x00084854       0x9c c:/users/francesco/appdata/local/arduino15/packages/arduino/tools/arm-none-eabi-gcc/4.8.3-2014q1/bin/../lib/gcc/arm-none-eabi/4.8.3/../../../../arm-none-eabi/lib/armv7-m\libg.a(lib_a-freer.o)
                0x00084854                _malloc_trim_r
 .text._free_r  0x000848f0      0x198 c:/users/francesco/appdata/local/arduino15/packages/arduino/tools/arm-none-eabi-gcc/4.8.3-2014q1/bin/../lib/gcc/arm-none-eabi/4.8.3/../../../../arm-none-eabi/lib/armv7-m\libg.a(lib_a-freer.o)
                0x000848f0                _free_r
 .text.__sfvwrite_r
                0x00084a88      0x314 c:/users/francesco/appdata/local/arduino15/packages/arduino/tools/arm-none-eabi-gcc/4.8.3-2014q1/bin/../lib/gcc/arm-none-eabi/4.8.3/../../../../arm-none-eabi/lib/armv7-m\libg.a(lib_a-fvwrite.o)
                0x00084a88                __sfvwrite_r
 .text._fwalk   0x00084d9c       0x48 c:/users/francesco/appdata/local/arduino15/packages/arduino/tools/arm-none-eabi-gcc/4.8.3-2014q1/bin/../lib/gcc/arm-none-eabi/4.8.3/../../../../arm-none-eabi/lib/armv7-m\libg.a(lib_a-fwalk.o)
                0x00084d9c                _fwalk
 .text.__locale_charset
                0x00084de4        0x8 c:/users/francesco/appdata/local/arduino15/packages/arduino/tools/arm-none-eabi-gcc/4.8.3-2014q1/bin/../lib/gcc/arm-none-eabi/4.8.3/../../../../arm-none-eabi/lib/armv7-m\libg.a(lib_a-locale.o)
                0x00084de4                __locale_charset
 .text.__locale_mb_cur_max
                0x00084dec        0xc c:/users/francesco/appdata/local/arduino15/packages/arduino/tools/arm-none-eabi-gcc/4.8.3-2014q1/bin/../lib/gcc/arm-none-eabi/4.8.3/../../../../arm-none-eabi/lib/armv7-m\libg.a(lib_a-locale.o)
                0x00084dec                __locale_mb_cur_max
 .text.__smakebuf_r
                0x00084df8       0xe0 c:/users/francesco/appdata/local/arduino15/packages/arduino/tools/arm-none-eabi-gcc/4.8.3-2014q1/bin/../lib/gcc/arm-none-eabi/4.8.3/../../../../arm-none-eabi/lib/armv7-m\libg.a(lib_a-makebuf.o)
                0x00084df8                __smakebuf_r
 .text._malloc_r
                0x00084ed8      0x538 c:/users/francesco/appdata/local/arduino15/packages/arduino/tools/arm-none-eabi-gcc/4.8.3-2014q1/bin/../lib/gcc/arm-none-eabi/4.8.3/../../../../arm-none-eabi/lib/armv7-m\libg.a(lib_a-mallocr.o)
                0x00084ed8                _malloc_r
 .text.memchr   0x00085410       0x94 c:/users/francesco/appdata/local/arduino15/packages/arduino/tools/arm-none-eabi-gcc/4.8.3-2014q1/bin/../lib/gcc/arm-none-eabi/4.8.3/../../../../arm-none-eabi/lib/armv7-m\libg.a(lib_a-memchr-stub.o)
                0x00085410                memchr
 .text          0x000854a4       0xec c:/users/francesco/appdata/local/arduino15/packages/arduino/tools/arm-none-eabi-gcc/4.8.3-2014q1/bin/../lib/gcc/arm-none-eabi/4.8.3/../../../../arm-none-eabi/lib/armv7-m\libg.a(lib_a-memcpy.o)
                0x000854a4                memcpy
 .text.memmove  0x00085590       0xcc c:/users/francesco/appdata/local/arduino15/packages/arduino/tools/arm-none-eabi-gcc/4.8.3-2014q1/bin/../lib/gcc/arm-none-eabi/4.8.3/../../../../arm-none-eabi/lib/armv7-m\libg.a(lib_a-memmove.o)
                0x00085590                memmove
 .text.__malloc_lock
                0x0008565c        0x4 c:/users/francesco/appdata/local/arduino15/packages/arduino/tools/arm-none-eabi-gcc/4.8.3-2014q1/bin/../lib/gcc/arm-none-eabi/4.8.3/../../../../arm-none-eabi/lib/armv7-m\libg.a(lib_a-mlock.o)
                0x0008565c                __malloc_lock
 .text.__malloc_unlock
                0x00085660        0x4 c:/users/francesco/appdata/local/arduino15/packages/arduino/tools/arm-none-eabi-gcc/4.8.3-2014q1/bin/../lib/gcc/arm-none-eabi/4.8.3/../../../../arm-none-eabi/lib/armv7-m\libg.a(lib_a-mlock.o)
                0x00085660                __malloc_unlock
 .text._realloc_r
                0x00085664      0x3c0 c:/users/francesco/appdata/local/arduino15/packages/arduino/tools/arm-none-eabi-gcc/4.8.3-2014q1/bin/../lib/gcc/arm-none-eabi/4.8.3/../../../../arm-none-eabi/lib/armv7-m\libg.a(lib_a-reallocr.o)
                0x00085664                _realloc_r
 .text._sbrk_r  0x00085a24       0x24 c:/users/francesco/appdata/local/arduino15/packages/arduino/tools/arm-none-eabi-gcc/4.8.3-2014q1/bin/../lib/gcc/arm-none-eabi/4.8.3/../../../../arm-none-eabi/lib/armv7-m\libg.a(lib_a-sbrkr.o)
                0x00085a24                _sbrk_r
 .text._kill_r  0x00085a48       0x28 c:/users/francesco/appdata/local/arduino15/packages/arduino/tools/arm-none-eabi-gcc/4.8.3-2014q1/bin/../lib/gcc/arm-none-eabi/4.8.3/../../../../arm-none-eabi/lib/armv7-m\libg.a(lib_a-signalr.o)
                0x00085a48                _kill_r
 .text.__sread  0x00085a70       0x24 c:/users/francesco/appdata/local/arduino15/packages/arduino/tools/arm-none-eabi-gcc/4.8.3-2014q1/bin/../lib/gcc/arm-none-eabi/4.8.3/../../../../arm-none-eabi/lib/armv7-m\libg.a(lib_a-stdio.o)
                0x00085a70                __sread
 .text.__swrite
                0x00085a94       0x38 c:/users/francesco/appdata/local/arduino15/packages/arduino/tools/arm-none-eabi-gcc/4.8.3-2014q1/bin/../lib/gcc/arm-none-eabi/4.8.3/../../../../arm-none-eabi/lib/armv7-m\libg.a(lib_a-stdio.o)
                0x00085a94                __swrite
 .text.__sseek  0x00085acc       0x20 c:/users/francesco/appdata/local/arduino15/packages/arduino/tools/arm-none-eabi-gcc/4.8.3-2014q1/bin/../lib/gcc/arm-none-eabi/4.8.3/../../../../arm-none-eabi/lib/armv7-m\libg.a(lib_a-stdio.o)
                0x00085acc                __sseek
 .text.__sclose
                0x00085aec        0x8 c:/users/francesco/appdata/local/arduino15/packages/arduino/tools/arm-none-eabi-gcc/4.8.3-2014q1/bin/../lib/gcc/arm-none-eabi/4.8.3/../../../../arm-none-eabi/lib/armv7-m\libg.a(lib_a-stdio.o)
                0x00085aec                __sclose
 .text.__swbuf_r
                0x00085af4       0xa8 c:/users/francesco/appdata/local/arduino15/packages/arduino/tools/arm-none-eabi-gcc/4.8.3-2014q1/bin/../lib/gcc/arm-none-eabi/4.8.3/../../../../arm-none-eabi/lib/armv7-m\libg.a(lib_a-wbuf.o)
                0x00085af4                __swbuf_r
 .text._wcrtomb_r
                0x00085b9c       0x50 c:/users/francesco/appdata/local/arduino15/packages/arduino/tools/arm-none-eabi-gcc/4.8.3-2014q1/bin/../lib/gcc/arm-none-eabi/4.8.3/../../../../arm-none-eabi/lib/armv7-m\libg.a(lib_a-wcrtomb.o)
                0x00085b9c                _wcrtomb_r
 .text.__ascii_wctomb
                0x00085bec       0x1c c:/users/francesco/appdata/local/arduino15/packages/arduino/tools/arm-none-eabi-gcc/4.8.3-2014q1/bin/../lib/gcc/arm-none-eabi/4.8.3/../../../../arm-none-eabi/lib/armv7-m\libg.a(lib_a-wctomb_r.o)
                0x00085bec                __ascii_wctomb
 .text._write_r
                0x00085c08       0x28 c:/users/francesco/appdata/local/arduino15/packages/arduino/tools/arm-none-eabi-gcc/4.8.3-2014q1/bin/../lib/gcc/arm-none-eabi/4.8.3/../../../../arm-none-eabi/lib/armv7-m\libg.a(lib_a-writer.o)
                0x00085c08                _write_r
 .text._close_r
                0x00085c30       0x24 c:/users/francesco/appdata/local/arduino15/packages/arduino/tools/arm-none-eabi-gcc/4.8.3-2014q1/bin/../lib/gcc/arm-none-eabi/4.8.3/../../../../arm-none-eabi/lib/armv7-m\libg.a(lib_a-closer.o)
                0x00085c30                _close_r
 .text._fclose_r
                0x00085c54       0x80 c:/users/francesco/appdata/local/arduino15/packages/arduino/tools/arm-none-eabi-gcc/4.8.3-2014q1/bin/../lib/gcc/arm-none-eabi/4.8.3/../../../../arm-none-eabi/lib/armv7-m\libg.a(lib_a-fclose.o)
                0x00085c54                _fclose_r
 .text.fclose   0x00085cd4       0x10 c:/users/francesco/appdata/local/arduino15/packages/arduino/tools/arm-none-eabi-gcc/4.8.3-2014q1/bin/../lib/gcc/arm-none-eabi/4.8.3/../../../../arm-none-eabi/lib/armv7-m\libg.a(lib_a-fclose.o)
                0x00085cd4                fclose
 .text._fstat_r
                0x00085ce4       0x28 c:/users/francesco/appdata/local/arduino15/packages/arduino/tools/arm-none-eabi-gcc/4.8.3-2014q1/bin/../lib/gcc/arm-none-eabi/4.8.3/../../../../arm-none-eabi/lib/armv7-m\libg.a(lib_a-fstatr.o)
                0x00085ce4                _fstat_r
 .text._isatty_r
                0x00085d0c       0x24 c:/users/francesco/appdata/local/arduino15/packages/arduino/tools/arm-none-eabi-gcc/4.8.3-2014q1/bin/../lib/gcc/arm-none-eabi/4.8.3/../../../../arm-none-eabi/lib/armv7-m\libg.a(lib_a-isattyr.o)
                0x00085d0c                _isatty_r
 .text._lseek_r
                0x00085d30       0x28 c:/users/francesco/appdata/local/arduino15/packages/arduino/tools/arm-none-eabi-gcc/4.8.3-2014q1/bin/../lib/gcc/arm-none-eabi/4.8.3/../../../../arm-none-eabi/lib/armv7-m\libg.a(lib_a-lseekr.o)
                0x00085d30                _lseek_r
 .text._read_r  0x00085d58       0x28 c:/users/francesco/appdata/local/arduino15/packages/arduino/tools/arm-none-eabi-gcc/4.8.3-2014q1/bin/../lib/gcc/arm-none-eabi/4.8.3/../../../../arm-none-eabi/lib/armv7-m\libg.a(lib_a-readr.o)
                0x00085d58                _read_r
 .text          0x00085d80       0x2c c:/users/francesco/appdata/local/arduino15/packages/arduino/tools/arm-none-eabi-gcc/4.8.3-2014q1/bin/../lib/gcc/arm-none-eabi/4.8.3/armv7-m\libgcc.a(_aeabi_uldivmod.o)
                0x00085d80                __aeabi_uldivmod
 .text          0x00085dac       0x60 c:/users/francesco/appdata/local/arduino15/packages/arduino/tools/arm-none-eabi-gcc/4.8.3-2014q1/bin/../lib/gcc/arm-none-eabi/4.8.3/armv7-m\libgcc.a(bpabi.o)
                0x00085dac                __gnu_ldivmod_helper
                0x00085ddc                __gnu_uldivmod_helper
 .text          0x00085e0c        0x4 c:/users/francesco/appdata/local/arduino15/packages/arduino/tools/arm-none-eabi-gcc/4.8.3-2014q1/bin/../lib/gcc/arm-none-eabi/4.8.3/armv7-m\libgcc.a(_dvmd_tls.o)
                0x00085e0c                __aeabi_idiv0
                0x00085e0c                __aeabi_ldiv0
 .text          0x00085e10      0x2a0 c:/users/francesco/appdata/local/arduino15/packages/arduino/tools/arm-none-eabi-gcc/4.8.3-2014q1/bin/../lib/gcc/arm-none-eabi/4.8.3/armv7-m\libgcc.a(_divdi3.o)
                0x00085e10                __divdi3
 .text          0x000860b0      0x290 c:/users/francesco/appdata/local/arduino15/packages/arduino/tools/arm-none-eabi-gcc/4.8.3-2014q1/bin/../lib/gcc/arm-none-eabi/4.8.3/armv7-m\libgcc.a(_udivdi3.o)
                0x000860b0                __udivdi3
 *(.glue_7t)
 .glue_7t       0x00000000        0x0 linker stubs
 *(.glue_7)
 .glue_7        0x00000000        0x0 linker stubs
 *(.rodata .rodata* .gnu.linkonce.r.*)
 .rodata.str1.1
                0x00086340       0x82 C:\Users\Francesco\AppData\Local\Temp\VMBuilds\thermostatDemo\arduino_due_x_dbg\Release\thermostatDemo.cpp.o
 .rodata._ZL11dscrc_table
                0x000863c2      0x100 C:\Users\Francesco\AppData\Local\Temp\VMBuilds\thermostatDemo\arduino_due_x_dbg\Release\OneWire\OneWire.cpp.o
 *fill*         0x000864c2        0x2 
 .rodata.g_APinDescription
                0x000864c4      0xa2c C:\Users\Francesco\AppData\Local\Temp\VMBCore\arduino16x\5165b093ecfda1e84080b0d11f46da64\variant\variant.cpp.o
                0x000864c4                g_APinDescription
 .rodata        0x00086ef0       0x40 C:\Users\Francesco\AppData\Local\arduino15\packages\arduino\hardware\sam\1.6.9\variants\arduino_due_x/libsam_sam3x8e_gcc_rel.a(adc.o)
 .rodata.str1.1
                0x00086f30       0x19 C:\Users\Francesco\AppData\Local\Temp\VMBuilds\thermostatDemo\arduino_due_x_dbg\Release/core.a(syscalls_sam3.c.o)
 .rodata.str1.1
                0x00086f49       0x11 C:\Users\Francesco\AppData\Local\Temp\VMBuilds\thermostatDemo\arduino_due_x_dbg\Release/core.a(Print.cpp.o)
 *fill*         0x00086f5a        0x6 
 .rodata._ZTV9UARTClass
                0x00086f60       0x30 C:\Users\Francesco\AppData\Local\Temp\VMBuilds\thermostatDemo\arduino_due_x_dbg\Release/core.a(UARTClass.cpp.o)
                0x00086f60                vtable for UARTClass
 .rodata._ZTV10USARTClass
                0x00086f90       0x30 C:\Users\Francesco\AppData\Local\Temp\VMBuilds\thermostatDemo\arduino_due_x_dbg\Release/core.a(USARTClass.cpp.o)
                0x00086f90                vtable for USARTClass
 .rodata.STRING_PRODUCT
                0x00086fc0        0xc C:\Users\Francesco\AppData\Local\Temp\VMBuilds\thermostatDemo\arduino_due_x_dbg\Release/core.a(USBCore.cpp.o)
                0x00086fc0                STRING_PRODUCT
 .rodata.USB_DeviceDescriptor
                0x00086fcc       0x12 C:\Users\Francesco\AppData\Local\Temp\VMBuilds\thermostatDemo\arduino_due_x_dbg\Release/core.a(USBCore.cpp.o)
                0x00086fcc                USB_DeviceDescriptor
 .rodata.STRING_LANGUAGE
                0x00086fde        0x4 C:\Users\Francesco\AppData\Local\Temp\VMBuilds\thermostatDemo\arduino_due_x_dbg\Release/core.a(USBCore.cpp.o)
                0x00086fde                STRING_LANGUAGE
 .rodata._ZL18test_packet_buffer
                0x00086fe2       0x35 C:\Users\Francesco\AppData\Local\Temp\VMBuilds\thermostatDemo\arduino_due_x_dbg\Release/core.a(USBCore.cpp.o)
 .rodata.STRING_MANUFACTURER
                0x00087017        0xc C:\Users\Francesco\AppData\Local\Temp\VMBuilds\thermostatDemo\arduino_due_x_dbg\Release/core.a(USBCore.cpp.o)
                0x00087017                STRING_MANUFACTURER
 .rodata.USB_DeviceDescriptorA
                0x00087023       0x12 C:\Users\Francesco\AppData\Local\Temp\VMBuilds\thermostatDemo\arduino_due_x_dbg\Release/core.a(USBCore.cpp.o)
                0x00087023                USB_DeviceDescriptorA
 .rodata._ZL19USB_DeviceQualifier
                0x00087035        0x9 C:\Users\Francesco\AppData\Local\Temp\VMBuilds\thermostatDemo\arduino_due_x_dbg\Release/core.a(USBCore.cpp.o)
 *fill*         0x0008703e        0x2 
 .rodata._ZTV7Serial_
                0x00087040       0x28 C:\Users\Francesco\AppData\Local\Temp\VMBuilds\thermostatDemo\arduino_due_x_dbg\Release/core.a(CDC.cpp.o)
                0x00087040                vtable for Serial_
 .rodata._ZL18_cdcOtherInterface
                0x00087068       0x42 C:\Users\Francesco\AppData\Local\Temp\VMBuilds\thermostatDemo\arduino_due_x_dbg\Release/core.a(CDC.cpp.o)
 .rodata._ZL13_cdcInterface
                0x000870aa       0x42 C:\Users\Francesco\AppData\Local\Temp\VMBuilds\thermostatDemo\arduino_due_x_dbg\Release/core.a(CDC.cpp.o)
 .rodata.str1.4
                0x000870ec        0x2 c:/users/francesco/appdata/local/arduino15/packages/arduino/tools/arm-none-eabi-gcc/4.8.3-2014q1/bin/../lib/gcc/arm-none-eabi/4.8.3/../../../../arm-none-eabi/lib/armv7-m\libg.a(lib_a-impure.o)
                                  0x4 (size before relaxing)
 *fill*         0x000870ee        0x2 
 .rodata._global_impure_ptr
                0x000870f0        0x4 c:/users/francesco/appdata/local/arduino15/packages/arduino/tools/arm-none-eabi-gcc/4.8.3-2014q1/bin/../lib/gcc/arm-none-eabi/4.8.3/../../../../arm-none-eabi/lib/armv7-m\libg.a(lib_a-impure.o)
                0x000870f0                _global_impure_ptr
 .rodata.blanks.6717
                0x000870f4       0x10 c:/users/francesco/appdata/local/arduino15/packages/arduino/tools/arm-none-eabi-gcc/4.8.3-2014q1/bin/../lib/gcc/arm-none-eabi/4.8.3/../../../../arm-none-eabi/lib/armv7-m\libg.a(lib_a-vfiprintf.o)
 .rodata.str1.4
                0x00087104       0x30 c:/users/francesco/appdata/local/arduino15/packages/arduino/tools/arm-none-eabi-gcc/4.8.3-2014q1/bin/../lib/gcc/arm-none-eabi/4.8.3/../../../../arm-none-eabi/lib/armv7-m\libg.a(lib_a-vfiprintf.o)
 .rodata.zeroes.6718
                0x00087134       0x10 c:/users/francesco/appdata/local/arduino15/packages/arduino/tools/arm-none-eabi-gcc/4.8.3-2014q1/bin/../lib/gcc/arm-none-eabi/4.8.3/../../../../arm-none-eabi/lib/armv7-m\libg.a(lib_a-vfiprintf.o)
 *(.ARM.extab* .gnu.linkonce.armextab.*)
                0x00087144                . = ALIGN (0x4)
 *(.init)
 .init          0x00087144        0x4 c:/users/francesco/appdata/local/arduino15/packages/arduino/tools/arm-none-eabi-gcc/4.8.3-2014q1/bin/../lib/gcc/arm-none-eabi/4.8.3/armv7-m/crti.o
                0x00087144                _init
 .init          0x00087148        0x8 c:/users/francesco/appdata/local/arduino15/packages/arduino/tools/arm-none-eabi-gcc/4.8.3-2014q1/bin/../lib/gcc/arm-none-eabi/4.8.3/armv7-m/crtn.o
                0x00087150                . = ALIGN (0x4)
                0x00087150                __preinit_array_start = .
 *(.preinit_array)
                0x00087150                __preinit_array_end = .
                0x00087150                . = ALIGN (0x4)
                0x00087150                __init_array_start = .
 *(SORT(.init_array.*))
 .init_array.00000
                0x00087150        0x4 c:/users/francesco/appdata/local/arduino15/packages/arduino/tools/arm-none-eabi-gcc/4.8.3-2014q1/bin/../lib/gcc/arm-none-eabi/4.8.3/../../../../arm-none-eabi/lib/armv7-m\libg.a(lib_a-__call_atexit.o)
 *(.init_array)
 .init_array    0x00087154        0x4 c:/users/francesco/appdata/local/arduino15/packages/arduino/tools/arm-none-eabi-gcc/4.8.3-2014q1/bin/../lib/gcc/arm-none-eabi/4.8.3/armv7-m/crtbegin.o
 .init_array    0x00087158        0x4 C:\Users\Francesco\AppData\Local\Temp\VMBuilds\thermostatDemo\arduino_due_x_dbg\Release\thermostatDemo.cpp.o
 .init_array    0x0008715c        0x4 C:\Users\Francesco\AppData\Local\Temp\VMBCore\arduino16x\5165b093ecfda1e84080b0d11f46da64\variant\variant.cpp.o
 .init_array    0x00087160        0x4 C:\Users\Francesco\AppData\Local\Temp\VMBuilds\thermostatDemo\arduino_due_x_dbg\Release/core.a(USBCore.cpp.o)
 .init_array    0x00087164        0x4 C:\Users\Francesco\AppData\Local\Temp\VMBuilds\thermostatDemo\arduino_due_x_dbg\Release/core.a(CDC.cpp.o)
                0x00087168                __init_array_end = .
                0x00087168                . = ALIGN (0x4)
 *crtbegin.o(.ctors)
 *(EXCLUDE_FILE(*crtend.o) .ctors)
 *(SORT(.ctors.*))
 *crtend.o(.ctors)
                0x00087168                . = ALIGN (0x4)
 *(.fini)
 .fini          0x00087168        0x4 c:/users/francesco/appdata/local/arduino15/packages/arduino/tools/arm-none-eabi-gcc/4.8.3-2014q1/bin/../lib/gcc/arm-none-eabi/4.8.3/armv7-m/crti.o
                0x00087168                _fini
 .fini          0x0008716c        0x8 c:/users/francesco/appdata/local/arduino15/packages/arduino/tools/arm-none-eabi-gcc/4.8.3-2014q1/bin/../lib/gcc/arm-none-eabi/4.8.3/armv7-m/crtn.o
                0x00087174                . = ALIGN (0x4)
                0x00087174                __fini_array_start = .
 *(.fini_array)
 .fini_array    0x00087174        0x4 c:/users/francesco/appdata/local/arduino15/packages/arduino/tools/arm-none-eabi-gcc/4.8.3-2014q1/bin/../lib/gcc/arm-none-eabi/4.8.3/armv7-m/crtbegin.o
 *(SORT(.fini_array.*))
                0x00087178                __fini_array_end = .
 *crtbegin.o(.dtors)
 *(EXCLUDE_FILE(*crtend.o) .dtors)
 *(SORT(.dtors.*))
 *crtend.o(.dtors)
                0x00087178                . = ALIGN (0x4)
                0x00087178                _efixed = .
                0x00087178                PROVIDE (__exidx_start, .)

.vfp11_veneer   0x00087178        0x0
 .vfp11_veneer  0x00000000        0x0 linker stubs

.v4_bx          0x00087178        0x0
 .v4_bx         0x00000000        0x0 linker stubs

.iplt           0x00087178        0x0
 .iplt          0x00000000        0x0 c:/users/francesco/appdata/local/arduino15/packages/arduino/tools/arm-none-eabi-gcc/4.8.3-2014q1/bin/../lib/gcc/arm-none-eabi/4.8.3/armv7-m/crtbegin.o

.ARM.exidx      0x00087178        0x8
 *(.ARM.exidx* .gnu.linkonce.armexidx.*)
 .ARM.exidx     0x00087178        0x8 c:/users/francesco/appdata/local/arduino15/packages/arduino/tools/arm-none-eabi-gcc/4.8.3-2014q1/bin/../lib/gcc/arm-none-eabi/4.8.3/armv7-m\libgcc.a(_divdi3.o)
 .ARM.exidx     0x00087180        0x0 c:/users/francesco/appdata/local/arduino15/packages/arduino/tools/arm-none-eabi-gcc/4.8.3-2014q1/bin/../lib/gcc/arm-none-eabi/4.8.3/armv7-m\libgcc.a(_udivdi3.o)
                                  0x8 (size before relaxing)
                0x00087180                PROVIDE (__exidx_end, .)

.eh_frame       0x00087180        0x0
 .eh_frame      0x00087180        0x0 c:/users/francesco/appdata/local/arduino15/packages/arduino/tools/arm-none-eabi-gcc/4.8.3-2014q1/bin/../lib/gcc/arm-none-eabi/4.8.3/armv7-m/crtbegin.o

.rel.dyn        0x00087180        0x0
 .rel.iplt      0x00000000        0x0 c:/users/francesco/appdata/local/arduino15/packages/arduino/tools/arm-none-eabi-gcc/4.8.3-2014q1/bin/../lib/gcc/arm-none-eabi/4.8.3/armv7-m/crtbegin.o

.jcr            0x00087180        0x0
 .jcr           0x00087180        0x0 c:/users/francesco/appdata/local/arduino15/packages/arduino/tools/arm-none-eabi-gcc/4.8.3-2014q1/bin/../lib/gcc/arm-none-eabi/4.8.3/armv7-m/crtbegin.o

.igot.plt       0x00087180        0x0
 .igot.plt      0x00000000        0x0 c:/users/francesco/appdata/local/arduino15/packages/arduino/tools/arm-none-eabi-gcc/4.8.3-2014q1/bin/../lib/gcc/arm-none-eabi/4.8.3/armv7-m/crtbegin.o
                0x00087180                . = ALIGN (0x4)
                0x00087180                _etext = .

.relocate       0x20070000      0x8dc load address 0x00087180
                0x20070000                . = ALIGN (0x4)
                0x20070000                _srelocate = .
 *(.ramfunc .ramfunc.*)
 .ramfunc       0x20070000       0x2c C:\Users\Francesco\AppData\Local\Temp\VMBuilds\thermostatDemo\arduino_due_x_dbg\Release/core.a(Reset.cpp.o)
                0x20070000                banzai
 *(.data .data.*)
 .data          0x2007002c        0x4 c:/users/francesco/appdata/local/arduino15/packages/arduino/tools/arm-none-eabi-gcc/4.8.3-2014q1/bin/../lib/gcc/arm-none-eabi/4.8.3/armv7-m/crtbegin.o
                0x2007002c                __dso_handle
 .data.SystemCoreClock
                0x20070030        0x4 C:\Users\Francesco\AppData\Local\arduino15\packages\arduino\hardware\sam\1.6.9\variants\arduino_due_x/libsam_sam3x8e_gcc_rel.a(system_sam3xa.o)
                0x20070030                SystemCoreClock
 .data.latestSelectedChannel.9384
                0x20070034        0x4 C:\Users\Francesco\AppData\Local\Temp\VMBuilds\thermostatDemo\arduino_due_x_dbg\Release/core.a(wiring_analog.c.o)
 .data._readResolution
                0x20070038        0x4 C:\Users\Francesco\AppData\Local\Temp\VMBuilds\thermostatDemo\arduino_due_x_dbg\Release/core.a(wiring_analog.c.o)
 .data._ZL5ticks
                0x2007003c        0x4 C:\Users\Francesco\AppData\Local\Temp\VMBuilds\thermostatDemo\arduino_due_x_dbg\Release/core.a(Reset.cpp.o)
 .data.EndPoints
                0x20070040       0x28 C:\Users\Francesco\AppData\Local\Temp\VMBuilds\thermostatDemo\arduino_due_x_dbg\Release/core.a(USBCore.cpp.o)
                0x20070040                EndPoints
 .data._ZL10breakValue
                0x20070068        0x4 C:\Users\Francesco\AppData\Local\Temp\VMBuilds\thermostatDemo\arduino_due_x_dbg\Release/core.a(CDC.cpp.o)
 .data._ZL12_usbLineInfo
                0x2007006c        0x8 C:\Users\Francesco\AppData\Local\Temp\VMBuilds\thermostatDemo\arduino_due_x_dbg\Release/core.a(CDC.cpp.o)
 .data.g_interrupt_enabled
                0x20070074        0x4 C:\Users\Francesco\AppData\Local\arduino15\packages\arduino\hardware\sam\1.6.9\variants\arduino_due_x/libsam_sam3x8e_gcc_rel.a(interrupt_sam_nvic.o)
                0x20070074                g_interrupt_enabled
 .data.impure_data
                0x20070078      0x428 c:/users/francesco/appdata/local/arduino15/packages/arduino/tools/arm-none-eabi-gcc/4.8.3-2014q1/bin/../lib/gcc/arm-none-eabi/4.8.3/../../../../arm-none-eabi/lib/armv7-m\libg.a(lib_a-impure.o)
 .data._impure_ptr
                0x200704a0        0x4 c:/users/francesco/appdata/local/arduino15/packages/arduino/tools/arm-none-eabi-gcc/4.8.3-2014q1/bin/../lib/gcc/arm-none-eabi/4.8.3/../../../../arm-none-eabi/lib/armv7-m\libg.a(lib_a-impure.o)
                0x200704a0                _impure_ptr
 .data.lc_ctype_charset
                0x200704a4       0x20 c:/users/francesco/appdata/local/arduino15/packages/arduino/tools/arm-none-eabi-gcc/4.8.3-2014q1/bin/../lib/gcc/arm-none-eabi/4.8.3/../../../../arm-none-eabi/lib/armv7-m\libg.a(lib_a-locale.o)
 .data.__mb_cur_max
                0x200704c4        0x4 c:/users/francesco/appdata/local/arduino15/packages/arduino/tools/arm-none-eabi-gcc/4.8.3-2014q1/bin/../lib/gcc/arm-none-eabi/4.8.3/../../../../arm-none-eabi/lib/armv7-m\libg.a(lib_a-locale.o)
                0x200704c4                __mb_cur_max
 .data.__malloc_av_
                0x200704c8      0x408 c:/users/francesco/appdata/local/arduino15/packages/arduino/tools/arm-none-eabi-gcc/4.8.3-2014q1/bin/../lib/gcc/arm-none-eabi/4.8.3/../../../../arm-none-eabi/lib/armv7-m\libg.a(lib_a-mallocr.o)
                0x200704c8                __malloc_av_
 .data.__malloc_trim_threshold
                0x200708d0        0x4 c:/users/francesco/appdata/local/arduino15/packages/arduino/tools/arm-none-eabi-gcc/4.8.3-2014q1/bin/../lib/gcc/arm-none-eabi/4.8.3/../../../../arm-none-eabi/lib/armv7-m\libg.a(lib_a-mallocr.o)
                0x200708d0                __malloc_trim_threshold
 .data.__malloc_sbrk_base
                0x200708d4        0x4 c:/users/francesco/appdata/local/arduino15/packages/arduino/tools/arm-none-eabi-gcc/4.8.3-2014q1/bin/../lib/gcc/arm-none-eabi/4.8.3/../../../../arm-none-eabi/lib/armv7-m\libg.a(lib_a-mallocr.o)
                0x200708d4                __malloc_sbrk_base
 .data.__wctomb
                0x200708d8        0x4 c:/users/francesco/appdata/local/arduino15/packages/arduino/tools/arm-none-eabi-gcc/4.8.3-2014q1/bin/../lib/gcc/arm-none-eabi/4.8.3/../../../../arm-none-eabi/lib/armv7-m\libg.a(lib_a-wctomb_r.o)
                0x200708d8                __wctomb
                0x200708dc                . = ALIGN (0x4)
                0x200708dc                _erelocate = .

.bss            0x200708dc      0x884 load address 0x00087a5c
                0x200708dc                . = ALIGN (0x4)
                0x200708dc                _sbss = .
                0x200708dc                _szero = .
 *(.bss .bss.*)
 .bss           0x200708dc       0x1c c:/users/francesco/appdata/local/arduino15/packages/arduino/tools/arm-none-eabi-gcc/4.8.3-2014q1/bin/../lib/gcc/arm-none-eabi/4.8.3/armv7-m/crtbegin.o
 .bss.sp        0x200708f8        0x8 C:\Users\Francesco\AppData\Local\Temp\VMBuilds\thermostatDemo\arduino_due_x_dbg\Release\thermostatDemo.cpp.o
                0x200708f8                sp
 .bss.st        0x20070900       0x18 C:\Users\Francesco\AppData\Local\Temp\VMBuilds\thermostatDemo\arduino_due_x_dbg\Release\thermostatDemo.cpp.o
                0x20070900                st
 .bss.sensors   0x20070918       0x1c C:\Users\Francesco\AppData\Local\Temp\VMBuilds\thermostatDemo\arduino_due_x_dbg\Release\thermostatDemo.cpp.o
                0x20070918                sensors
 *fill*         0x20070934        0x4 
 .bss.t         0x20070938        0x8 C:\Users\Francesco\AppData\Local\Temp\VMBuilds\thermostatDemo\arduino_due_x_dbg\Release\thermostatDemo.cpp.o
                0x20070938                t
 .bss.oneWire   0x20070940       0x14 C:\Users\Francesco\AppData\Local\Temp\VMBuilds\thermostatDemo\arduino_due_x_dbg\Release\thermostatDemo.cpp.o
                0x20070940                oneWire
 .bss.tx_buffer2
                0x20070954       0x88 C:\Users\Francesco\AppData\Local\Temp\VMBCore\arduino16x\5165b093ecfda1e84080b0d11f46da64\variant\variant.cpp.o
                0x20070954                tx_buffer2
 .bss.tx_buffer1
                0x200709dc       0x88 C:\Users\Francesco\AppData\Local\Temp\VMBCore\arduino16x\5165b093ecfda1e84080b0d11f46da64\variant\variant.cpp.o
                0x200709dc                tx_buffer1
 .bss.Serial    0x20070a64       0x24 C:\Users\Francesco\AppData\Local\Temp\VMBCore\arduino16x\5165b093ecfda1e84080b0d11f46da64\variant\variant.cpp.o
                0x20070a64                Serial
 .bss.rx_buffer1
                0x20070a88       0x88 C:\Users\Francesco\AppData\Local\Temp\VMBCore\arduino16x\5165b093ecfda1e84080b0d11f46da64\variant\variant.cpp.o
                0x20070a88                rx_buffer1
 .bss.Serial1   0x20070b10       0x28 C:\Users\Francesco\AppData\Local\Temp\VMBCore\arduino16x\5165b093ecfda1e84080b0d11f46da64\variant\variant.cpp.o
                0x20070b10                Serial1
 .bss.Serial2   0x20070b38       0x28 C:\Users\Francesco\AppData\Local\Temp\VMBCore\arduino16x\5165b093ecfda1e84080b0d11f46da64\variant\variant.cpp.o
                0x20070b38                Serial2
 .bss.Serial3   0x20070b60       0x28 C:\Users\Francesco\AppData\Local\Temp\VMBCore\arduino16x\5165b093ecfda1e84080b0d11f46da64\variant\variant.cpp.o
                0x20070b60                Serial3
 .bss.tx_buffer3
                0x20070b88       0x88 C:\Users\Francesco\AppData\Local\Temp\VMBCore\arduino16x\5165b093ecfda1e84080b0d11f46da64\variant\variant.cpp.o
                0x20070b88                tx_buffer3
 .bss.tx_buffer4
                0x20070c10       0x88 C:\Users\Francesco\AppData\Local\Temp\VMBCore\arduino16x\5165b093ecfda1e84080b0d11f46da64\variant\variant.cpp.o
                0x20070c10                tx_buffer4
 .bss.g_pinStatus
                0x20070c98       0x4f C:\Users\Francesco\AppData\Local\Temp\VMBCore\arduino16x\5165b093ecfda1e84080b0d11f46da64\variant\variant.cpp.o
                0x20070c98                g_pinStatus
 *fill*         0x20070ce7        0x1 
 .bss.rx_buffer2
                0x20070ce8       0x88 C:\Users\Francesco\AppData\Local\Temp\VMBCore\arduino16x\5165b093ecfda1e84080b0d11f46da64\variant\variant.cpp.o
                0x20070ce8                rx_buffer2
 .bss.rx_buffer3
                0x20070d70       0x88 C:\Users\Francesco\AppData\Local\Temp\VMBCore\arduino16x\5165b093ecfda1e84080b0d11f46da64\variant\variant.cpp.o
                0x20070d70                rx_buffer3
 .bss.rx_buffer4
                0x20070df8       0x88 C:\Users\Francesco\AppData\Local\Temp\VMBCore\arduino16x\5165b093ecfda1e84080b0d11f46da64\variant\variant.cpp.o
                0x20070df8                rx_buffer4
 .bss.gpf_isr   0x20070e80        0x4 C:\Users\Francesco\AppData\Local\arduino15\packages\arduino\hardware\sam\1.6.9\variants\arduino_due_x/libsam_sam3x8e_gcc_rel.a(uotghs.o)